[2023-07-25T07:15:52.839+0000][7][gc,init] CardTable entry size: 512
[2023-07-25T07:15:52.839+0000][7][gc     ] Using G1
[2023-07-25T07:15:53.139+0000][7][gc,init] Version: 18.0.2+9-61 (release)
[2023-07-25T07:15:53.140+0000][7][gc,init] CPUs: 5 total, 2 available
[2023-07-25T07:15:53.141+0000][7][gc,init] Memory: 4096M
[2023-07-25T07:15:53.142+0000][7][gc,init] Large Page Support: Disabled
[2023-07-25T07:15:53.143+0000][7][gc,init] NUMA Support: Disabled
[2023-07-25T07:15:53.144+0000][7][gc,init] Compressed Oops: Enabled (32-bit)
[2023-07-25T07:15:53.145+0000][7][gc,init] Heap Region Size: 4M
[2023-07-25T07:15:53.146+0000][7][gc,init] Heap Min Capacity: 2G
[2023-07-25T07:15:53.147+0000][7][gc,init] Heap Initial Capacity: 2G
[2023-07-25T07:15:53.147+0000][7][gc,init] Heap Max Capacity: 2G
[2023-07-25T07:15:53.148+0000][7][gc,init] Pre-touch: Enabled
[2023-07-25T07:15:53.149+0000][7][gc,init] Parallel Workers: 2
[2023-07-25T07:15:53.150+0000][7][gc,init] Concurrent Workers: 1
[2023-07-25T07:15:53.151+0000][7][gc,init] Concurrent Refinement Workers: 2
[2023-07-25T07:15:53.151+0000][7][gc,init] Periodic GC: Disabled
[2023-07-25T07:15:53.152+0000][7][gc,metaspace] CDS archive(s) mapped at: [0x0000000800000000-0x0000000800bc0000-0x0000000800bc0000), size 12320768, SharedBaseAddress: 0x0000000800000000, ArchiveRelocationMode: 0.
[2023-07-25T07:15:53.153+0000][7][gc,metaspace] Compressed class space mapped at: 0x0000000800c00000-0x0000000840c00000, reserved size: 1073741824
[2023-07-25T07:15:53.153+0000][7][gc,metaspace] Narrow klass base: 0x0000000800000000, Narrow klass shift: 0, Narrow klass range: 0x100000000
[2023-07-25T07:15:53.320+0000][7][safepoint   ] Safepoint "ICBufferFull", Time since last: 162161542 ns, Reaching safepoint: 142000 ns, At safepoint: 9292 ns, Total: 151292 ns
[2023-07-25T07:15:53.512+0000][7][safepoint   ] Safepoint "ICBufferFull", Time since last: 191808333 ns, Reaching safepoint: 152000 ns, At safepoint: 10833 ns, Total: 162833 ns
[2023-07-25T07:15:53.636+0000][7][safepoint   ] Safepoint "ICBufferFull", Time since last: 124173417 ns, Reaching safepoint: 136417 ns, At safepoint: 14583 ns, Total: 151000 ns
[2023-07-25T07:15:53.729+0000][7][safepoint   ] Safepoint "ICBufferFull", Time since last: 92565042 ns, Reaching safepoint: 169208 ns, At safepoint: 14334 ns, Total: 183542 ns
[2023-07-25T07:15:53.908+0000][7][safepoint   ] Safepoint "ICBufferFull", Time since last: 178355833 ns, Reaching safepoint: 824875 ns, At safepoint: 2042 ns, Total: 826917 ns
[2023-07-25T07:15:54.037+0000][7][gc,start    ] GC(0) Pause Young (Normal) (G1 Evacuation Pause)
[2023-07-25T07:15:54.039+0000][7][gc,task     ] GC(0) Using 2 workers of 2 for evacuation
[2023-07-25T07:15:54.040+0000][7][gc,age      ] GC(0) Desired survivor size 8388608 bytes, new threshold 15 (max threshold 15)
[2023-07-25T07:15:54.048+0000][7][gc,phases   ] GC(0)   Pre Evacuate Collection Set: 0.3ms
[2023-07-25T07:15:54.049+0000][7][gc,phases   ] GC(0)   Merge Heap Roots: 0.0ms
[2023-07-25T07:15:54.049+0000][7][gc,phases   ] GC(0)   Evacuate Collection Set: 5.3ms
[2023-07-25T07:15:54.050+0000][7][gc,phases   ] GC(0)   Post Evacuate Collection Set: 0.9ms
[2023-07-25T07:15:54.051+0000][7][gc,phases   ] GC(0)   Other: 2.4ms
[2023-07-25T07:15:54.051+0000][7][gc,age      ] GC(0) Age table with threshold 15 (max threshold 15)
[2023-07-25T07:15:54.052+0000][7][gc,age      ] GC(0) - age   1:    7757208 bytes,    7757208 total
[2023-07-25T07:15:54.053+0000][7][gc,heap     ] GC(0) Eden regions: 25->0(23)
[2023-07-25T07:15:54.054+0000][7][gc,heap     ] GC(0) Survivor regions: 0->2(4)
[2023-07-25T07:15:54.054+0000][7][gc,heap     ] GC(0) Old regions: 0->0
[2023-07-25T07:15:54.055+0000][7][gc,heap     ] GC(0) Archive regions: 2->2
[2023-07-25T07:15:54.056+0000][7][gc,heap     ] GC(0) Humongous regions: 0->0
[2023-07-25T07:15:54.056+0000][7][gc,metaspace] GC(0) Metaspace: 15262K(15552K)->15262K(15552K) NonClass: 13531K(13696K)->13531K(13696K) Class: 1730K(1856K)->1730K(1856K)
[2023-07-25T07:15:54.057+0000][7][gc          ] GC(0) Pause Young (Normal) (G1 Evacuation Pause) 104M->11M(2048M) 19.568ms
[2023-07-25T07:15:54.064+0000][7][gc,cpu      ] GC(0) User=0.01s Sys=0.00s Real=0.02s
[2023-07-25T07:15:54.065+0000][7][safepoint   ] Safepoint "G1CollectForAllocation", Time since last: 128738458 ns, Reaching safepoint: 467083 ns, At safepoint: 27713292 ns, Total: 28180375 ns
[2023-07-25T07:15:54.227+0000][7][safepoint   ] Safepoint "ICBufferFull", Time since last: 162078750 ns, Reaching safepoint: 278917 ns, At safepoint: 17125 ns, Total: 296042 ns
[2023-07-25T07:15:54.230+0000][7][gc,start    ] GC(1) Pause Young (Normal) (G1 Evacuation Pause)
[2023-07-25T07:15:54.231+0000][7][gc,task     ] GC(1) Using 2 workers of 2 for evacuation
[2023-07-25T07:15:54.232+0000][7][gc,age      ] GC(1) Desired survivor size 8388608 bytes, new threshold 15 (max threshold 15)
[2023-07-25T07:15:54.240+0000][7][gc,phases   ] GC(1)   Pre Evacuate Collection Set: 0.2ms
[2023-07-25T07:15:54.241+0000][7][gc,phases   ] GC(1)   Merge Heap Roots: 0.0ms
[2023-07-25T07:15:54.242+0000][7][gc,phases   ] GC(1)   Evacuate Collection Set: 5.2ms
[2023-07-25T07:15:54.243+0000][7][gc,phases   ] GC(1)   Post Evacuate Collection Set: 0.9ms
[2023-07-25T07:15:54.243+0000][7][gc,phases   ] GC(1)   Other: 2.6ms
[2023-07-25T07:15:54.244+0000][7][gc,age      ] GC(1) Age table with threshold 15 (max threshold 15)
[2023-07-25T07:15:54.245+0000][7][gc,age      ] GC(1) - age   1:    2925768 bytes,    2925768 total
[2023-07-25T07:15:54.246+0000][7][gc,age      ] GC(1) - age   2:    7655632 bytes,   10581400 total
[2023-07-25T07:15:54.246+0000][7][gc,heap     ] GC(1) Eden regions: 23->0(22)
[2023-07-25T07:15:54.247+0000][7][gc,heap     ] GC(1) Survivor regions: 2->3(4)
[2023-07-25T07:15:54.248+0000][7][gc,heap     ] GC(1) Old regions: 0->0
[2023-07-25T07:15:54.249+0000][7][gc,heap     ] GC(1) Archive regions: 2->2
[2023-07-25T07:15:54.250+0000][7][gc,heap     ] GC(1) Humongous regions: 0->0
[2023-07-25T07:15:54.251+0000][7][gc,metaspace] GC(1) Metaspace: 17318K(17728K)->17318K(17728K) NonClass: 15336K(15552K)->15336K(15552K) Class: 1981K(2176K)->1981K(2176K)
[2023-07-25T07:15:54.252+0000][7][gc          ] GC(1) Pause Young (Normal) (G1 Evacuation Pause) 103M->14M(2048M) 22.038ms
[2023-07-25T07:15:54.253+0000][7][gc,cpu      ] GC(1) User=0.01s Sys=0.00s Real=0.02s
[2023-07-25T07:15:54.254+0000][7][safepoint   ] Safepoint "G1CollectForAllocation", Time since last: 2543375 ns, Reaching safepoint: 75708 ns, At safepoint: 23761500 ns, Total: 23837208 ns
[2023-07-25T07:15:54.366+0000][7][gc,start    ] GC(2) Pause Young (Normal) (G1 Evacuation Pause)
[2023-07-25T07:15:54.367+0000][7][gc,task     ] GC(2) Using 2 workers of 2 for evacuation
[2023-07-25T07:15:54.368+0000][7][gc,age      ] GC(2) Desired survivor size 8388608 bytes, new threshold 2 (max threshold 15)
[2023-07-25T07:15:54.376+0000][7][gc,phases   ] GC(2)   Pre Evacuate Collection Set: 0.2ms
[2023-07-25T07:15:54.378+0000][7][gc,phases   ] GC(2)   Merge Heap Roots: 0.2ms
[2023-07-25T07:15:54.379+0000][7][gc,phases   ] GC(2)   Evacuate Collection Set: 6.0ms
[2023-07-25T07:15:54.379+0000][7][gc,phases   ] GC(2)   Post Evacuate Collection Set: 0.6ms
[2023-07-25T07:15:54.380+0000][7][gc,phases   ] GC(2)   Other: 1.9ms
[2023-07-25T07:15:54.380+0000][7][gc,age      ] GC(2) Age table with threshold 2 (max threshold 15)
[2023-07-25T07:15:54.381+0000][7][gc,age      ] GC(2) - age   1:    1908024 bytes,    1908024 total
[2023-07-25T07:15:54.382+0000][7][gc,age      ] GC(2) - age   2:    1690912 bytes,    3598936 total
[2023-07-25T07:15:54.382+0000][7][gc,heap     ] GC(2) Eden regions: 22->0(23)
[2023-07-25T07:15:54.383+0000][7][gc,heap     ] GC(2) Survivor regions: 3->2(4)
[2023-07-25T07:15:54.383+0000][7][gc,heap     ] GC(2) Old regions: 0->2
[2023-07-25T07:15:54.384+0000][7][gc,heap     ] GC(2) Archive regions: 2->2
[2023-07-25T07:15:54.385+0000][7][gc,heap     ] GC(2) Humongous regions: 0->0
[2023-07-25T07:15:54.385+0000][7][gc,metaspace] GC(2) Metaspace: 17990K(18432K)->17990K(18432K) NonClass: 15899K(16128K)->15899K(16128K) Class: 2091K(2304K)->2091K(2304K)
[2023-07-25T07:15:54.386+0000][7][gc          ] GC(2) Pause Young (Normal) (G1 Evacuation Pause) 102M->16M(2048M) 19.793ms
[2023-07-25T07:15:54.388+0000][7][gc,cpu      ] GC(2) User=0.02s Sys=0.00s Real=0.02s
[2023-07-25T07:15:54.389+0000][7][safepoint   ] Safepoint "G1CollectForAllocation", Time since last: 112534375 ns, Reaching safepoint: 120875 ns, At safepoint: 22810084 ns, Total: 22930959 ns
[2023-07-25T07:15:54.471+0000][7][gc,start    ] GC(3) Pause Young (Normal) (G1 Evacuation Pause)
[2023-07-25T07:15:54.472+0000][7][gc,task     ] GC(3) Using 2 workers of 2 for evacuation
[2023-07-25T07:15:54.473+0000][7][gc,age      ] GC(3) Desired survivor size 8388608 bytes, new threshold 15 (max threshold 15)
[2023-07-25T07:15:54.478+0000][7][gc,phases   ] GC(3)   Pre Evacuate Collection Set: 0.0ms
[2023-07-25T07:15:54.479+0000][7][gc,phases   ] GC(3)   Merge Heap Roots: 0.0ms
[2023-07-25T07:15:54.479+0000][7][gc,phases   ] GC(3)   Evacuate Collection Set: 2.6ms
[2023-07-25T07:15:54.481+0000][7][gc,phases   ] GC(3)   Post Evacuate Collection Set: 0.6ms
[2023-07-25T07:15:54.481+0000][7][gc,phases   ] GC(3)   Other: 2.1ms
[2023-07-25T07:15:54.482+0000][7][gc,age      ] GC(3) Age table with threshold 15 (max threshold 15)
[2023-07-25T07:15:54.483+0000][7][gc,age      ] GC(3) - age   1:    2299264 bytes,    2299264 total
[2023-07-25T07:15:54.484+0000][7][gc,age      ] GC(3) - age   2:    1884432 bytes,    4183696 total
[2023-07-25T07:15:54.485+0000][7][gc,age      ] GC(3) - age   3:    1688904 bytes,    5872600 total
[2023-07-25T07:15:54.486+0000][7][gc,heap     ] GC(3) Eden regions: 23->0(25)
[2023-07-25T07:15:54.487+0000][7][gc,heap     ] GC(3) Survivor regions: 2->2(4)
[2023-07-25T07:15:54.487+0000][7][gc,heap     ] GC(3) Old regions: 2->2
[2023-07-25T07:15:54.488+0000][7][gc,heap     ] GC(3) Archive regions: 2->2
[2023-07-25T07:15:54.489+0000][7][gc,heap     ] GC(3) Humongous regions: 0->0
[2023-07-25T07:15:54.490+0000][7][gc,metaspace] GC(3) Metaspace: 18397K(18816K)->18397K(18816K) NonClass: 16228K(16448K)->16228K(16448K) Class: 2169K(2368K)->2169K(2368K)
[2023-07-25T07:15:54.490+0000][7][gc          ] GC(3) Pause Young (Normal) (G1 Evacuation Pause) 108M->17M(2048M) 19.367ms
[2023-07-25T07:15:54.491+0000][7][gc,cpu      ] GC(3) User=0.01s Sys=0.00s Real=0.02s
[2023-07-25T07:15:54.492+0000][7][safepoint   ] Safepoint "G1CollectForAllocation", Time since last: 81773625 ns, Reaching safepoint: 111000 ns, At safepoint: 21197041 ns, Total: 21308041 ns
[2023-07-25T07:15:54.586+0000][7][gc,start    ] GC(4) Pause Young (Normal) (G1 Evacuation Pause)
[2023-07-25T07:15:54.588+0000][7][gc,task     ] GC(4) Using 2 workers of 2 for evacuation
[2023-07-25T07:15:54.589+0000][7][gc,age      ] GC(4) Desired survivor size 8388608 bytes, new threshold 15 (max threshold 15)
[2023-07-25T07:15:54.593+0000][7][gc,phases   ] GC(4)   Pre Evacuate Collection Set: 0.3ms
[2023-07-25T07:15:54.594+0000][7][gc,phases   ] GC(4)   Merge Heap Roots: 0.2ms
[2023-07-25T07:15:54.595+0000][7][gc,phases   ] GC(4)   Evacuate Collection Set: 1.9ms
[2023-07-25T07:15:54.596+0000][7][gc,phases   ] GC(4)   Post Evacuate Collection Set: 0.8ms
[2023-07-25T07:15:54.597+0000][7][gc,phases   ] GC(4)   Other: 1.7ms
[2023-07-25T07:15:54.597+0000][7][gc,age      ] GC(4) Age table with threshold 15 (max threshold 15)
[2023-07-25T07:15:54.598+0000][7][gc,age      ] GC(4) - age   1:    2640080 bytes,    2640080 total
[2023-07-25T07:15:54.599+0000][7][gc,age      ] GC(4) - age   2:     694992 bytes,    3335072 total
[2023-07-25T07:15:54.600+0000][7][gc,age      ] GC(4) - age   3:    1884432 bytes,    5219504 total
[2023-07-25T07:15:54.601+0000][7][gc,age      ] GC(4) - age   4:    1688296 bytes,    6907800 total
[2023-07-25T07:15:54.602+0000][7][gc,heap     ] GC(4) Eden regions: 25->0(31)
[2023-07-25T07:15:54.603+0000][7][gc,heap     ] GC(4) Survivor regions: 2->2(4)
[2023-07-25T07:15:54.603+0000][7][gc,heap     ] GC(4) Old regions: 2->2
[2023-07-25T07:15:54.604+0000][7][gc,heap     ] GC(4) Archive regions: 2->2
[2023-07-25T07:15:54.605+0000][7][gc,heap     ] GC(4) Humongous regions: 0->0
[2023-07-25T07:15:54.605+0000][7][gc,metaspace] GC(4) Metaspace: 18825K(19200K)->18825K(19200K) NonClass: 16617K(16832K)->16617K(16832K) Class: 2208K(2368K)->2208K(2368K)
[2023-07-25T07:15:54.607+0000][7][gc          ] GC(4) Pause Young (Normal) (G1 Evacuation Pause) 117M->18M(2048M) 20.387ms
[2023-07-25T07:15:54.608+0000][7][gc,cpu      ] GC(4) User=0.00s Sys=0.00s Real=0.02s
[2023-07-25T07:15:54.609+0000][7][safepoint   ] Safepoint "G1CollectForAllocation", Time since last: 94073417 ns, Reaching safepoint: 187375 ns, At safepoint: 22232167 ns, Total: 22419542 ns
[2023-07-25T07:15:54.718+0000][7][gc,start    ] GC(5) Pause Young (Normal) (G1 Evacuation Pause)
[2023-07-25T07:15:54.719+0000][7][gc,task     ] GC(5) Using 2 workers of 2 for evacuation
[2023-07-25T07:15:54.720+0000][7][gc,age      ] GC(5) Desired survivor size 10485760 bytes, new threshold 15 (max threshold 15)
[2023-07-25T07:15:54.726+0000][7][gc,phases   ] GC(5)   Pre Evacuate Collection Set: 0.2ms
[2023-07-25T07:15:54.727+0000][7][gc,phases   ] GC(5)   Merge Heap Roots: 0.4ms
[2023-07-25T07:15:54.729+0000][7][gc,phases   ] GC(5)   Evacuate Collection Set: 3.1ms
[2023-07-25T07:15:54.729+0000][7][gc,phases   ] GC(5)   Post Evacuate Collection Set: 0.8ms
[2023-07-25T07:15:54.730+0000][7][gc,phases   ] GC(5)   Other: 2.3ms
[2023-07-25T07:15:54.731+0000][7][gc,age      ] GC(5) Age table with threshold 15 (max threshold 15)
[2023-07-25T07:15:54.732+0000][7][gc,age      ] GC(5) - age   1:    2406840 bytes,    2406840 total
[2023-07-25T07:15:54.733+0000][7][gc,age      ] GC(5) - age   2:    2446240 bytes,    4853080 total
[2023-07-25T07:15:54.733+0000][7][gc,age      ] GC(5) - age   3:     694848 bytes,    5547928 total
[2023-07-25T07:15:54.734+0000][7][gc,age      ] GC(5) - age   4:    1884432 bytes,    7432360 total
[2023-07-25T07:15:54.735+0000][7][gc,age      ] GC(5) - age   5:    1688280 bytes,    9120640 total
[2023-07-25T07:15:54.736+0000][7][gc,heap     ] GC(5) Eden regions: 31->0(304)
[2023-07-25T07:15:54.737+0000][7][gc,heap     ] GC(5) Survivor regions: 2->3(5)
[2023-07-25T07:15:54.738+0000][7][gc,heap     ] GC(5) Old regions: 2->2
[2023-07-25T07:15:54.739+0000][7][gc,heap     ] GC(5) Archive regions: 2->2
[2023-07-25T07:15:54.740+0000][7][gc,heap     ] GC(5) Humongous regions: 0->0
[2023-07-25T07:15:54.741+0000][7][gc,metaspace] GC(5) Metaspace: 19284K(19712K)->19284K(19712K) NonClass: 17020K(17280K)->17020K(17280K) Class: 2264K(2432K)->2264K(2432K)
[2023-07-25T07:15:54.742+0000][7][gc          ] GC(5) Pause Young (Normal) (G1 Evacuation Pause) 142M->20M(2048M) 23.927ms
[2023-07-25T07:15:54.743+0000][7][gc,cpu      ] GC(5) User=0.01s Sys=0.00s Real=0.02s
[2023-07-25T07:15:54.743+0000][7][safepoint   ] Safepoint "G1CollectForAllocation", Time since last: 109219708 ns, Reaching safepoint: 120667 ns, At safepoint: 25597750 ns, Total: 25718417 ns
[2023-07-25T07:15:55.015+0000][7][safepoint   ] Safepoint "ICBufferFull", Time since last: 271426541 ns, Reaching safepoint: 520250 ns, At safepoint: 3834 ns, Total: 524084 ns
[2023-07-25T07:15:55.187+0000][7][gc,start    ] GC(6) Pause Young (Concurrent Start) (Metadata GC Threshold)
[2023-07-25T07:15:55.189+0000][7][gc,task     ] GC(6) Using 2 workers of 2 for evacuation
[2023-07-25T07:15:55.190+0000][7][gc,age      ] GC(6) Desired survivor size 81788928 bytes, new threshold 15 (max threshold 15)
[2023-07-25T07:15:55.195+0000][7][gc,phases   ] GC(6)   Pre Evacuate Collection Set: 0.3ms
[2023-07-25T07:15:55.196+0000][7][gc,phases   ] GC(6)   Merge Heap Roots: 0.1ms
[2023-07-25T07:15:55.197+0000][7][gc,phases   ] GC(6)   Evacuate Collection Set: 2.9ms
[2023-07-25T07:15:55.198+0000][7][gc,phases   ] GC(6)   Post Evacuate Collection Set: 0.7ms
[2023-07-25T07:15:55.199+0000][7][gc,phases   ] GC(6)   Other: 2.3ms
[2023-07-25T07:15:55.200+0000][7][gc,age      ] GC(6) Age table with threshold 15 (max threshold 15)
[2023-07-25T07:15:55.201+0000][7][gc,age      ] GC(6) - age   1:    2735528 bytes,    2735528 total
[2023-07-25T07:15:55.202+0000][7][gc,age      ] GC(6) - age   2:     963080 bytes,    3698608 total
[2023-07-25T07:15:55.203+0000][7][gc,age      ] GC(6) - age   3:    2444960 bytes,    6143568 total
[2023-07-25T07:15:55.205+0000][7][gc,age      ] GC(6) - age   4:     691232 bytes,    6834800 total
[2023-07-25T07:15:55.205+0000][7][gc,age      ] GC(6) - age   5:    1883144 bytes,    8717944 total
[2023-07-25T07:15:55.206+0000][7][gc,age      ] GC(6) - age   6:    1686440 bytes,   10404384 total
[2023-07-25T07:15:55.207+0000][7][gc,heap     ] GC(6) Eden regions: 138->0(304)
[2023-07-25T07:15:55.207+0000][7][gc,heap     ] GC(6) Survivor regions: 3->3(39)
[2023-07-25T07:15:55.208+0000][7][gc,heap     ] GC(6) Old regions: 2->2
[2023-07-25T07:15:55.209+0000][7][gc,heap     ] GC(6) Archive regions: 2->2
[2023-07-25T07:15:55.209+0000][7][gc,heap     ] GC(6) Humongous regions: 0->0
[2023-07-25T07:15:55.209+0000][7][gc,metaspace] GC(6) Metaspace: 20929K(21504K)->20929K(21504K) NonClass: 18433K(18816K)->18433K(18816K) Class: 2495K(2688K)->2495K(2688K)
[2023-07-25T07:15:55.210+0000][7][gc          ] GC(6) Pause Young (Concurrent Start) (Metadata GC Threshold) 570M->22M(2048M) 22.599ms
[2023-07-25T07:15:55.211+0000][7][gc          ] GC(7) Concurrent Mark Cycle
[2023-07-25T07:15:55.211+0000][7][gc,marking  ] GC(7) Concurrent Clear Claimed Marks
[2023-07-25T07:15:55.212+0000][7][gc,marking  ] GC(7) Concurrent Clear Claimed Marks 0.512ms
[2023-07-25T07:15:55.213+0000][7][gc,marking  ] GC(7) Concurrent Scan Root Regions
[2023-07-25T07:15:55.211+0000][7][gc,cpu      ] GC(6) User=0.01s Sys=0.01s Real=0.02s
[2023-07-25T07:15:55.214+0000][7][safepoint   ] Safepoint "CollectForMetadataAllocation", Time since last: 171751917 ns, Reaching safepoint: 112625 ns, At safepoint: 26612000 ns, Total: 26724625 ns
[2023-07-25T07:15:55.215+0000][7][gc,marking  ] GC(7) Concurrent Scan Root Regions 2.558ms
[2023-07-25T07:15:55.216+0000][7][gc,marking  ] GC(7) Concurrent Mark
[2023-07-25T07:15:55.218+0000][7][gc,marking  ] GC(7) Concurrent Mark From Roots
[2023-07-25T07:15:55.218+0000][7][gc,task     ] GC(7) Using 1 workers of 1 for marking
[2023-07-25T07:15:55.225+0000][7][gc,marking  ] GC(7) Concurrent Mark From Roots 7.186ms
[2023-07-25T07:15:55.226+0000][7][gc,marking  ] GC(7) Concurrent Preclean
[2023-07-25T07:15:55.226+0000][7][gc,marking  ] GC(7) Concurrent Preclean 0.656ms
[2023-07-25T07:15:55.227+0000][7][gc,start    ] GC(7) Pause Remark
[2023-07-25T07:15:55.231+0000][7][gc          ] GC(7) Pause Remark 32M->32M(2048M) 3.530ms
[2023-07-25T07:15:55.232+0000][7][gc,cpu      ] GC(7) User=0.00s Sys=0.00s Real=0.00s
[2023-07-25T07:15:55.233+0000][7][safepoint   ] Safepoint "G1Concurrent", Time since last: 13207250 ns, Reaching safepoint: 214541 ns, At safepoint: 5257334 ns, Total: 5471875 ns
[2023-07-25T07:15:55.233+0000][7][gc,marking  ] GC(7) Concurrent Mark 17.023ms
[2023-07-25T07:15:55.234+0000][7][gc,marking  ] GC(7) Concurrent Rebuild Remembered Sets
[2023-07-25T07:15:55.238+0000][7][gc,marking  ] GC(7) Concurrent Rebuild Remembered Sets 4.468ms
[2023-07-25T07:15:55.239+0000][7][gc,start    ] GC(7) Pause Cleanup
[2023-07-25T07:15:55.241+0000][7][gc          ] GC(7) Pause Cleanup 42M->42M(2048M) 1.015ms
[2023-07-25T07:15:55.241+0000][7][gc,cpu      ] GC(7) User=0.00s Sys=0.00s Real=0.00s
[2023-07-25T07:15:55.242+0000][7][safepoint   ] Safepoint "G1Concurrent", Time since last: 6606416 ns, Reaching safepoint: 271292 ns, At safepoint: 3017333 ns, Total: 3288625 ns
[2023-07-25T07:15:55.243+0000][7][gc,marking  ] GC(7) Concurrent Cleanup for Next Mark
[2023-07-25T07:15:55.245+0000][7][gc,marking  ] GC(7) Concurrent Cleanup for Next Mark 1.512ms
[2023-07-25T07:15:55.245+0000][7][gc          ] GC(7) Concurrent Mark Cycle 34.794ms
[2023-07-25T07:15:55.823+0000][7][safepoint   ] Safepoint "ICBufferFull", Time since last: 580610084 ns, Reaching safepoint: 181875 ns, At safepoint: 3083 ns, Total: 184958 ns
[2023-07-25T07:15:55.937+0000][7][safepoint   ] Safepoint "ICBufferFull", Time since last: 113937125 ns, Reaching safepoint: 130167 ns, At safepoint: 2250 ns, Total: 132417 ns
[2023-07-25T07:15:56.135+0000][7][safepoint   ] Safepoint "ICBufferFull", Time since last: 197753167 ns, Reaching safepoint: 239500 ns, At safepoint: 23791 ns, Total: 263291 ns
[2023-07-25T07:15:56.429+0000][7][safepoint   ] Safepoint "ICBufferFull", Time since last: 293782917 ns, Reaching safepoint: 140500 ns, At safepoint: 8667 ns, Total: 149167 ns
[2023-07-25T07:15:56.805+0000][7][safepoint   ] Safepoint "ICBufferFull", Time since last: 375154792 ns, Reaching safepoint: 145291 ns, At safepoint: 11792 ns, Total: 157083 ns
[2023-07-25T07:15:56.933+0000][7][safepoint   ] Safepoint "ICBufferFull", Time since last: 128620708 ns, Reaching safepoint: 234250 ns, At safepoint: 15250 ns, Total: 249500 ns
[2023-07-25T07:15:56.964+0000][7][gc,start    ] GC(8) Pause Young (Concurrent Start) (Metadata GC Threshold)
[2023-07-25T07:15:56.966+0000][7][gc,task     ] GC(8) Using 2 workers of 2 for evacuation
[2023-07-25T07:15:56.967+0000][7][gc,age      ] GC(8) Desired survivor size 81788928 bytes, new threshold 15 (max threshold 15)
[2023-07-25T07:15:56.994+0000][7][gc,phases   ] GC(8)   Pre Evacuate Collection Set: 0.5ms
[2023-07-25T07:15:56.995+0000][7][gc,phases   ] GC(8)   Merge Heap Roots: 0.2ms
[2023-07-25T07:15:56.997+0000][7][gc,phases   ] GC(8)   Evacuate Collection Set: 23.7ms
[2023-07-25T07:15:56.998+0000][7][gc,phases   ] GC(8)   Post Evacuate Collection Set: 1.2ms
[2023-07-25T07:15:56.999+0000][7][gc,phases   ] GC(8)   Other: 2.5ms
[2023-07-25T07:15:57.000+0000][7][gc,age      ] GC(8) Age table with threshold 15 (max threshold 15)
[2023-07-25T07:15:57.002+0000][7][gc,age      ] GC(8) - age   1:   28168064 bytes,   28168064 total
[2023-07-25T07:15:57.002+0000][7][gc,age      ] GC(8) - age   2:    2672464 bytes,   30840528 total
[2023-07-25T07:15:57.004+0000][7][gc,age      ] GC(8) - age   3:     957160 bytes,   31797688 total
[2023-07-25T07:15:57.005+0000][7][gc,age      ] GC(8) - age   4:    2435288 bytes,   34232976 total
[2023-07-25T07:15:57.006+0000][7][gc,age      ] GC(8) - age   5:     683592 bytes,   34916568 total
[2023-07-25T07:15:57.007+0000][7][gc,age      ] GC(8) - age   6:    1870360 bytes,   36786928 total
[2023-07-25T07:15:57.008+0000][7][gc,age      ] GC(8) - age   7:    1655040 bytes,   38441968 total
[2023-07-25T07:15:57.008+0000][7][gc,heap     ] GC(8) Eden regions: 114->0(297)
[2023-07-25T07:15:57.009+0000][7][gc,heap     ] GC(8) Survivor regions: 3->10(39)
[2023-07-25T07:15:57.010+0000][7][gc,heap     ] GC(8) Old regions: 2->2
[2023-07-25T07:15:57.011+0000][7][gc,heap     ] GC(8) Archive regions: 2->2
[2023-07-25T07:15:57.012+0000][7][gc,heap     ] GC(8) Humongous regions: 0->0
[2023-07-25T07:15:57.013+0000][7][gc,metaspace] GC(8) Metaspace: 35012K(35968K)->35012K(35968K) NonClass: 30529K(31104K)->30529K(31104K) Class: 4482K(4864K)->4482K(4864K)
[2023-07-25T07:15:57.014+0000][7][gc          ] GC(8) Pause Young (Concurrent Start) (Metadata GC Threshold) 478M->49M(2048M) 49.418ms
[2023-07-25T07:15:57.015+0000][7][gc,cpu      ] GC(8) User=0.05s Sys=0.00s Real=0.05s
[2023-07-25T07:15:57.015+0000][7][gc          ] GC(9) Concurrent Mark Cycle
[2023-07-25T07:15:57.016+0000][7][gc,marking  ] GC(9) Concurrent Clear Claimed Marks
[2023-07-25T07:15:57.017+0000][7][safepoint   ] Safepoint "CollectForMetadataAllocation", Time since last: 30501417 ns, Reaching safepoint: 126000 ns, At safepoint: 53141583 ns, Total: 53267583 ns
[2023-07-25T07:15:57.018+0000][7][gc,marking  ] GC(9) Concurrent Clear Claimed Marks 1.170ms
[2023-07-25T07:15:57.019+0000][7][gc,marking  ] GC(9) Concurrent Scan Root Regions
[2023-07-25T07:15:57.030+0000][7][safepoint   ] Safepoint "CollectForMetadataAllocation", Time since last: 12531375 ns, Reaching safepoint: 112042 ns, At safepoint: 167167 ns, Total: 279209 ns
[2023-07-25T07:15:57.036+0000][7][gc,marking  ] GC(9) Concurrent Scan Root Regions 16.854ms
[2023-07-25T07:15:57.037+0000][7][gc,marking  ] GC(9) Concurrent Mark
[2023-07-25T07:15:57.038+0000][7][gc,marking  ] GC(9) Concurrent Mark From Roots
[2023-07-25T07:15:57.039+0000][7][gc,task     ] GC(9) Using 1 workers of 1 for marking
[2023-07-25T07:15:57.048+0000][7][safepoint   ] Safepoint "CollectForMetadataAllocation", Time since last: 17363791 ns, Reaching safepoint: 178709 ns, At safepoint: 48875 ns, Total: 227584 ns
[2023-07-25T07:15:57.048+0000][7][gc,marking  ] GC(9) Concurrent Mark From Roots 9.356ms
[2023-07-25T07:15:57.051+0000][7][gc,marking  ] GC(9) Concurrent Preclean
[2023-07-25T07:15:57.052+0000][7][gc,marking  ] GC(9) Concurrent Preclean 0.985ms
[2023-07-25T07:15:57.054+0000][7][gc,start    ] GC(9) Pause Remark
[2023-07-25T07:15:57.058+0000][7][gc          ] GC(9) Pause Remark 53M->53M(2048M) 3.995ms
[2023-07-25T07:15:57.059+0000][7][gc,cpu      ] GC(9) User=0.00s Sys=0.00s Real=0.01s
[2023-07-25T07:15:57.059+0000][7][safepoint   ] Safepoint "G1Concurrent", Time since last: 5671333 ns, Reaching safepoint: 253125 ns, At safepoint: 5795292 ns, Total: 6048417 ns
[2023-07-25T07:15:57.062+0000][7][gc,marking  ] GC(9) Concurrent Mark 24.722ms
[2023-07-25T07:15:57.063+0000][7][gc,marking  ] GC(9) Concurrent Rebuild Remembered Sets
[2023-07-25T07:15:57.068+0000][7][gc,marking  ] GC(9) Concurrent Rebuild Remembered Sets 4.552ms
[2023-07-25T07:15:57.069+0000][7][gc,start    ] GC(9) Pause Cleanup
[2023-07-25T07:15:57.070+0000][7][gc          ] GC(9) Pause Cleanup 53M->53M(2048M) 1.343ms
[2023-07-25T07:15:57.071+0000][7][gc,cpu      ] GC(9) User=0.00s Sys=0.00s Real=0.00s
[2023-07-25T07:15:57.072+0000][7][safepoint   ] Safepoint "G1Concurrent", Time since last: 9110416 ns, Reaching safepoint: 242375 ns, At safepoint: 3256250 ns, Total: 3498625 ns
[2023-07-25T07:15:57.072+0000][7][gc,marking  ] GC(9) Concurrent Cleanup for Next Mark
[2023-07-25T07:15:57.076+0000][7][gc,marking  ] GC(9) Concurrent Cleanup for Next Mark 3.731ms
[2023-07-25T07:15:57.077+0000][7][gc          ] GC(9) Concurrent Mark Cycle 62.619ms
[2023-07-25T07:15:57.203+0000][7][safepoint   ] Safepoint "ICBufferFull", Time since last: 132261250 ns, Reaching safepoint: 165584 ns, At safepoint: 8250 ns, Total: 173834 ns
[2023-07-25T07:15:57.584+0000][7][safepoint   ] Safepoint "ICBufferFull", Time since last: 381078250 ns, Reaching safepoint: 192166 ns, At safepoint: 14667 ns, Total: 206833 ns
[2023-07-25T07:15:58.111+0000][7][safepoint   ] Safepoint "ICBufferFull", Time since last: 527019917 ns, Reaching safepoint: 172958 ns, At safepoint: 6959 ns, Total: 179917 ns
[2023-07-25T07:15:58.206+0000][7][safepoint   ] Safepoint "ICBufferFull", Time since last: 94462375 ns, Reaching safepoint: 214416 ns, At safepoint: 11042 ns, Total: 225458 ns
[2023-07-25T07:15:58.441+0000][7][safepoint   ] Safepoint "ICBufferFull", Time since last: 234592167 ns, Reaching safepoint: 548791 ns, At safepoint: 13250 ns, Total: 562041 ns
[2023-07-25T07:15:58.487+0000][7][gc,start    ] GC(10) Pause Young (Concurrent Start) (Metadata GC Threshold)
[2023-07-25T07:15:58.489+0000][7][gc,task     ] GC(10) Using 2 workers of 2 for evacuation
[2023-07-25T07:15:58.490+0000][7][gc,age      ] GC(10) Desired survivor size 81788928 bytes, new threshold 15 (max threshold 15)
[2023-07-25T07:15:58.522+0000][7][gc,phases   ] GC(10)   Pre Evacuate Collection Set: 0.3ms
[2023-07-25T07:15:58.524+0000][7][gc,phases   ] GC(10)   Merge Heap Roots: 0.2ms
[2023-07-25T07:15:58.524+0000][7][gc,phases   ] GC(10)   Evacuate Collection Set: 27.6ms
[2023-07-25T07:15:58.526+0000][7][gc,phases   ] GC(10)   Post Evacuate Collection Set: 1.9ms
[2023-07-25T07:15:58.526+0000][7][gc,phases   ] GC(10)   Other: 3.1ms
[2023-07-25T07:15:58.528+0000][7][gc,age      ] GC(10) Age table with threshold 15 (max threshold 15)
[2023-07-25T07:15:58.529+0000][7][gc,age      ] GC(10) - age   1:   10788864 bytes,   10788864 total
[2023-07-25T07:15:58.530+0000][7][gc,age      ] GC(10) - age   2:   27783208 bytes,   38572072 total
[2023-07-25T07:15:58.531+0000][7][gc,age      ] GC(10) - age   3:    2644992 bytes,   41217064 total
[2023-07-25T07:15:58.532+0000][7][gc,age      ] GC(10) - age   4:     955464 bytes,   42172528 total
[2023-07-25T07:15:58.533+0000][7][gc,age      ] GC(10) - age   5:    2433920 bytes,   44606448 total
[2023-07-25T07:15:58.534+0000][7][gc,age      ] GC(10) - age   6:     676728 bytes,   45283176 total
[2023-07-25T07:15:58.534+0000][7][gc,age      ] GC(10) - age   7:    1866864 bytes,   47150040 total
[2023-07-25T07:15:58.536+0000][7][gc,age      ] GC(10) - age   8:    1646224 bytes,   48796264 total
[2023-07-25T07:15:58.537+0000][7][gc,heap     ] GC(10) Eden regions: 95->0(13)
[2023-07-25T07:15:58.538+0000][7][gc,heap     ] GC(10) Survivor regions: 10->12(39)
[2023-07-25T07:15:58.539+0000][7][gc,heap     ] GC(10) Old regions: 2->2
[2023-07-25T07:15:58.540+0000][7][gc,heap     ] GC(10) Archive regions: 2->2
[2023-07-25T07:15:58.541+0000][7][gc,heap     ] GC(10) Humongous regions: 0->0
[2023-07-25T07:15:58.542+0000][7][gc,metaspace] GC(10) Metaspace: 59851K(61120K)->59851K(61120K) NonClass: 51999K(52736K)->51999K(52736K) Class: 7851K(8384K)->7851K(8384K)
[2023-07-25T07:15:58.542+0000][7][gc          ] GC(10) Pause Young (Concurrent Start) (Metadata GC Threshold) 429M->59M(2048M) 55.014ms
[2023-07-25T07:15:58.544+0000][7][gc          ] GC(11) Concurrent Mark Cycle
[2023-07-25T07:15:58.544+0000][7][gc,marking  ] GC(11) Concurrent Clear Claimed Marks
[2023-07-25T07:15:58.545+0000][7][gc,marking  ] GC(11) Concurrent Clear Claimed Marks 0.684ms
[2023-07-25T07:15:58.546+0000][7][gc,marking  ] GC(11) Concurrent Scan Root Regions
[2023-07-25T07:15:58.544+0000][7][gc,cpu      ] GC(10) User=0.07s Sys=0.00s Real=0.05s
[2023-07-25T07:15:58.552+0000][7][safepoint   ] Safepoint "CollectForMetadataAllocation", Time since last: 46082334 ns, Reaching safepoint: 230166 ns, At safepoint: 64571959 ns, Total: 64802125 ns
[2023-07-25T07:15:58.567+0000][7][gc,marking  ] GC(11) Concurrent Scan Root Regions 20.810ms
[2023-07-25T07:15:58.568+0000][7][gc,marking  ] GC(11) Concurrent Mark
[2023-07-25T07:15:58.569+0000][7][gc,marking  ] GC(11) Concurrent Mark From Roots
[2023-07-25T07:15:58.570+0000][7][gc,task     ] GC(11) Using 1 workers of 1 for marking
[2023-07-25T07:15:58.572+0000][7][safepoint   ] Safepoint "CollectForMetadataAllocation", Time since last: 19248583 ns, Reaching safepoint: 243209 ns, At safepoint: 38750 ns, Total: 281959 ns
[2023-07-25T07:15:58.578+0000][7][gc,marking  ] GC(11) Concurrent Mark From Roots 9.668ms
[2023-07-25T07:15:58.580+0000][7][gc,marking  ] GC(11) Concurrent Preclean
[2023-07-25T07:15:58.581+0000][7][gc,marking  ] GC(11) Concurrent Preclean 1.094ms
[2023-07-25T07:15:58.582+0000][7][gc,start    ] GC(11) Pause Remark
[2023-07-25T07:15:58.587+0000][7][gc          ] GC(11) Pause Remark 61M->61M(2048M) 4.493ms
[2023-07-25T07:15:58.588+0000][7][gc,cpu      ] GC(11) User=0.01s Sys=0.00s Real=0.01s
[2023-07-25T07:15:58.588+0000][7][safepoint   ] Safepoint "G1Concurrent", Time since last: 10033875 ns, Reaching safepoint: 437000 ns, At safepoint: 6137500 ns, Total: 6574500 ns
[2023-07-25T07:15:58.589+0000][7][gc,marking  ] GC(11) Concurrent Mark 21.259ms
[2023-07-25T07:15:58.590+0000][7][gc,marking  ] GC(11) Concurrent Rebuild Remembered Sets
[2023-07-25T07:15:58.596+0000][7][gc,marking  ] GC(11) Concurrent Rebuild Remembered Sets 6.312ms
[2023-07-25T07:15:58.598+0000][7][gc,start    ] GC(11) Pause Cleanup
[2023-07-25T07:15:58.599+0000][7][gc          ] GC(11) Pause Cleanup 63M->63M(2048M) 1.227ms
[2023-07-25T07:15:58.600+0000][7][gc,cpu      ] GC(11) User=0.00s Sys=0.00s Real=0.00s
[2023-07-25T07:15:58.601+0000][7][safepoint   ] Safepoint "G1Concurrent", Time since last: 8909500 ns, Reaching safepoint: 527000 ns, At safepoint: 2932875 ns, Total: 3459875 ns
[2023-07-25T07:15:58.601+0000][7][gc,marking  ] GC(11) Concurrent Cleanup for Next Mark
[2023-07-25T07:15:58.603+0000][7][gc,marking  ] GC(11) Concurrent Cleanup for Next Mark 1.997ms
[2023-07-25T07:15:58.604+0000][7][gc          ] GC(11) Concurrent Mark Cycle 60.689ms
[2023-07-25T07:15:58.900+0000][7][gc,start    ] GC(12) Pause Young (Normal) (G1 Evacuation Pause)
[2023-07-25T07:15:58.901+0000][7][gc,task     ] GC(12) Using 2 workers of 2 for evacuation
[2023-07-25T07:15:58.903+0000][7][gc,age      ] GC(12) Desired survivor size 8388608 bytes, new threshold 1 (max threshold 15)
[2023-07-25T07:15:58.936+0000][7][gc,phases   ] GC(12)   Pre Evacuate Collection Set: 0.2ms
[2023-07-25T07:15:58.937+0000][7][gc,phases   ] GC(12)   Merge Heap Roots: 0.2ms
[2023-07-25T07:15:58.940+0000][7][gc,phases   ] GC(12)   Evacuate Collection Set: 30.0ms
[2023-07-25T07:15:58.940+0000][7][gc,phases   ] GC(12)   Post Evacuate Collection Set: 1.3ms
[2023-07-25T07:15:58.941+0000][7][gc,phases   ] GC(12)   Other: 2.6ms
[2023-07-25T07:15:58.942+0000][7][gc,age      ] GC(12) Age table with threshold 1 (max threshold 15)
[2023-07-25T07:15:58.944+0000][7][gc,age      ] GC(12) - age   1:    1751912 bytes,    1751912 total
[2023-07-25T07:15:58.944+0000][7][gc,heap     ] GC(12) Eden regions: 13->0(306)
[2023-07-25T07:15:58.946+0000][7][gc,heap     ] GC(12) Survivor regions: 12->1(4)
[2023-07-25T07:15:58.946+0000][7][gc,heap     ] GC(12) Old regions: 2->14
[2023-07-25T07:15:58.947+0000][7][gc,heap     ] GC(12) Archive regions: 2->2
[2023-07-25T07:15:58.948+0000][7][gc,heap     ] GC(12) Humongous regions: 0->0
[2023-07-25T07:15:58.949+0000][7][gc,metaspace] GC(12) Metaspace: 67337K(68736K)->67337K(68736K) NonClass: 58295K(59136K)->58295K(59136K) Class: 9041K(9600K)->9041K(9600K)
[2023-07-25T07:15:58.949+0000][7][gc          ] GC(12) Pause Young (Normal) (G1 Evacuation Pause) 111M->62M(2048M) 49.319ms
[2023-07-25T07:15:58.950+0000][7][gc,cpu      ] GC(12) User=0.07s Sys=0.00s Real=0.05s
[2023-07-25T07:15:58.951+0000][7][safepoint   ] Safepoint "G1CollectForAllocation", Time since last: 299019958 ns, Reaching safepoint: 267375 ns, At safepoint: 50890458 ns, Total: 51157833 ns
[2023-07-25T07:15:59.199+0000][7][safepoint   ] Safepoint "ICBufferFull", Time since last: 247591917 ns, Reaching safepoint: 278375 ns, At safepoint: 2709 ns, Total: 281084 ns
[2023-07-25T07:15:59.377+0000][7][safepoint   ] Safepoint "ICBufferFull", Time since last: 177669166 ns, Reaching safepoint: 249042 ns, At safepoint: 2750 ns, Total: 251792 ns
[2023-07-25T07:15:59.745+0000][7][safepoint   ] Safepoint "ICBufferFull", Time since last: 368516167 ns, Reaching safepoint: 153708 ns, At safepoint: 2333 ns, Total: 156041 ns
[2023-07-25T07:15:59.987+0000][7][safepoint   ] Safepoint "ICBufferFull", Time since last: 241707876 ns, Reaching safepoint: 439666 ns, At safepoint: 14750 ns, Total: 454416 ns
[2023-07-25T07:16:00.066+0000][7][safepoint   ] Safepoint "ICBufferFull", Time since last: 78842292 ns, Reaching safepoint: 226042 ns, At safepoint: 6750 ns, Total: 232792 ns
[2023-07-25T07:16:00.188+0000][7][safepoint   ] Safepoint "ICBufferFull", Time since last: 120859958 ns, Reaching safepoint: 263792 ns, At safepoint: 2291 ns, Total: 266083 ns
[2023-07-25T07:16:00.806+0000][7][safepoint   ] Safepoint "ICBufferFull", Time since last: 618219542 ns, Reaching safepoint: 627125 ns, At safepoint: 9334 ns, Total: 636459 ns
[2023-07-25T07:16:00.993+0000][7][safepoint   ] Safepoint "ICBufferFull", Time since last: 186738041 ns, Reaching safepoint: 297042 ns, At safepoint: 28792 ns, Total: 325834 ns
[2023-07-25T07:16:01.388+0000][7][safepoint   ] Safepoint "ICBufferFull", Time since last: 394361458 ns, Reaching safepoint: 228709 ns, At safepoint: 27333 ns, Total: 256042 ns
[2023-07-25T07:16:01.623+0000][7][safepoint   ] Safepoint "ICBufferFull", Time since last: 234987042 ns, Reaching safepoint: 315916 ns, At safepoint: 11584 ns, Total: 327500 ns
[2023-07-25T07:16:01.684+0000][7][safepoint   ] Safepoint "ICBufferFull", Time since last: 60327416 ns, Reaching safepoint: 357750 ns, At safepoint: 13500 ns, Total: 371250 ns
[2023-07-25T07:16:01.770+0000][7][safepoint   ] Safepoint "ICBufferFull", Time since last: 85724292 ns, Reaching safepoint: 304625 ns, At safepoint: 25917 ns, Total: 330542 ns
[2023-07-25T07:16:01.894+0000][7][safepoint   ] Safepoint "ICBufferFull", Time since last: 123394000 ns, Reaching safepoint: 234875 ns, At safepoint: 11916 ns, Total: 246791 ns
[2023-07-25T07:16:02.096+0000][7][safepoint   ] Safepoint "ICBufferFull", Time since last: 201806959 ns, Reaching safepoint: 448083 ns, At safepoint: 21375 ns, Total: 469458 ns
[2023-07-25T07:16:02.199+0000][7][safepoint   ] Safepoint "ICBufferFull", Time since last: 100166959 ns, Reaching safepoint: 2545875 ns, At safepoint: 44791 ns, Total: 2590666 ns
[2023-07-25T07:16:02.266+0000][7][gc,start    ] GC(13) Pause Young (Concurrent Start) (Metadata GC Threshold)
[2023-07-25T07:16:02.267+0000][7][gc,task     ] GC(13) Using 2 workers of 2 for evacuation
[2023-07-25T07:16:02.268+0000][7][gc,age      ] GC(13) Desired survivor size 79691776 bytes, new threshold 15 (max threshold 15)
[2023-07-25T07:16:02.310+0000][7][gc,phases   ] GC(13)   Pre Evacuate Collection Set: 0.5ms
[2023-07-25T07:16:02.312+0000][7][gc,phases   ] GC(13)   Merge Heap Roots: 0.3ms
[2023-07-25T07:16:02.313+0000][7][gc,phases   ] GC(13)   Evacuate Collection Set: 37.7ms
[2023-07-25T07:16:02.314+0000][7][gc,phases   ] GC(13)   Post Evacuate Collection Set: 1.9ms
[2023-07-25T07:16:02.315+0000][7][gc,phases   ] GC(13)   Other: 2.3ms
[2023-07-25T07:16:02.315+0000][7][gc,age      ] GC(13) Age table with threshold 15 (max threshold 15)
[2023-07-25T07:16:02.316+0000][7][gc,age      ] GC(13) - age   1:   48059592 bytes,   48059592 total
[2023-07-25T07:16:02.317+0000][7][gc,age      ] GC(13) - age   2:    1637424 bytes,   49697016 total
[2023-07-25T07:16:02.318+0000][7][gc,heap     ] GC(13) Eden regions: 87->0(13)
[2023-07-25T07:16:02.319+0000][7][gc,heap     ] GC(13) Survivor regions: 1->12(38)
[2023-07-25T07:16:02.320+0000][7][gc,heap     ] GC(13) Old regions: 14->14
[2023-07-25T07:16:02.321+0000][7][gc,heap     ] GC(13) Archive regions: 2->2
[2023-07-25T07:16:02.322+0000][7][gc,heap     ] GC(13) Humongous regions: 2->2
[2023-07-25T07:16:02.322+0000][7][gc,metaspace] GC(13) Metaspace: 99844K(102656K)->99844K(102656K) NonClass: 86078K(87488K)->86078K(87488K) Class: 13765K(15168K)->13765K(15168K)
[2023-07-25T07:16:02.323+0000][7][gc          ] GC(13) Pause Young (Concurrent Start) (Metadata GC Threshold) 418M->114M(2048M) 56.723ms
[2023-07-25T07:16:02.324+0000][7][gc,cpu      ] GC(13) User=0.09s Sys=0.00s Real=0.05s
[2023-07-25T07:16:02.324+0000][7][gc          ] GC(14) Concurrent Mark Cycle
[2023-07-25T07:16:02.328+0000][7][gc,marking  ] GC(14) Concurrent Clear Claimed Marks
[2023-07-25T07:16:02.325+0000][7][safepoint   ] Safepoint "CollectForMetadataAllocation", Time since last: 66977834 ns, Reaching safepoint: 629958 ns, At safepoint: 58850750 ns, Total: 59480708 ns
[2023-07-25T07:16:02.329+0000][7][gc,marking  ] GC(14) Concurrent Clear Claimed Marks 1.264ms
[2023-07-25T07:16:02.330+0000][7][gc,marking  ] GC(14) Concurrent Scan Root Regions
[2023-07-25T07:16:02.344+0000][7][safepoint   ] Safepoint "CollectForMetadataAllocation", Time since last: 18885250 ns, Reaching safepoint: 224375 ns, At safepoint: 51208 ns, Total: 275583 ns
[2023-07-25T07:16:02.373+0000][7][safepoint   ] Safepoint "CollectForMetadataAllocation", Time since last: 28113917 ns, Reaching safepoint: 449917 ns, At safepoint: 55041 ns, Total: 504958 ns
[2023-07-25T07:16:02.376+0000][7][gc,marking  ] GC(14) Concurrent Scan Root Regions 46.203ms
[2023-07-25T07:16:02.377+0000][7][gc,marking  ] GC(14) Concurrent Mark
[2023-07-25T07:16:02.378+0000][7][gc,marking  ] GC(14) Concurrent Mark From Roots
[2023-07-25T07:16:02.380+0000][7][gc,task     ] GC(14) Using 1 workers of 1 for marking
[2023-07-25T07:16:02.386+0000][7][safepoint   ] Safepoint "CollectForMetadataAllocation", Time since last: 11586334 ns, Reaching safepoint: 977250 ns, At safepoint: 117000 ns, Total: 1094250 ns
[2023-07-25T07:16:02.409+0000][7][safepoint   ] Safepoint "CollectForMetadataAllocation", Time since last: 22172458 ns, Reaching safepoint: 716542 ns, At safepoint: 79041 ns, Total: 795583 ns
[2023-07-25T07:16:02.478+0000][7][safepoint   ] Safepoint "CollectForMetadataAllocation", Time since last: 68926167 ns, Reaching safepoint: 339000 ns, At safepoint: 120250 ns, Total: 459250 ns
[2023-07-25T07:16:02.502+0000][7][gc,marking  ] GC(14) Concurrent Mark From Roots 123.313ms
[2023-07-25T07:16:02.503+0000][7][gc,marking  ] GC(14) Concurrent Preclean
[2023-07-25T07:16:02.504+0000][7][gc,marking  ] GC(14) Concurrent Preclean 1.135ms
[2023-07-25T07:16:02.505+0000][7][gc,start    ] GC(14) Pause Remark
[2023-07-25T07:16:02.510+0000][7][gc          ] GC(14) Pause Remark 142M->142M(2048M) 4.484ms
[2023-07-25T07:16:02.511+0000][7][gc,cpu      ] GC(14) User=0.00s Sys=0.00s Real=0.00s
[2023-07-25T07:16:02.512+0000][7][safepoint   ] Safepoint "G1Concurrent", Time since last: 26552625 ns, Reaching safepoint: 486167 ns, At safepoint: 6937291 ns, Total: 7423458 ns
[2023-07-25T07:16:02.513+0000][7][gc,marking  ] GC(14) Concurrent Mark 135.790ms
[2023-07-25T07:16:02.514+0000][7][gc,marking  ] GC(14) Concurrent Rebuild Remembered Sets
[2023-07-25T07:16:02.583+0000][7][gc,marking  ] GC(14) Concurrent Rebuild Remembered Sets 69.663ms
[2023-07-25T07:16:02.585+0000][7][gc,start    ] GC(14) Pause Cleanup
[2023-07-25T07:16:02.586+0000][7][gc          ] GC(14) Pause Cleanup 146M->146M(2048M) 1.601ms
[2023-07-25T07:16:02.587+0000][7][gc,cpu      ] GC(14) User=0.00s Sys=0.00s Real=0.00s
[2023-07-25T07:16:02.588+0000][7][safepoint   ] Safepoint "G1Concurrent", Time since last: 72433750 ns, Reaching safepoint: 69959 ns, At safepoint: 3622583 ns, Total: 3692542 ns
[2023-07-25T07:16:02.589+0000][7][gc,marking  ] GC(14) Concurrent Cleanup for Next Mark
[2023-07-25T07:16:02.592+0000][7][gc,marking  ] GC(14) Concurrent Cleanup for Next Mark 2.411ms
[2023-07-25T07:16:02.593+0000][7][gc          ] GC(14) Concurrent Mark Cycle 268.856ms
[2023-07-25T07:16:03.023+0000][7][safepoint   ] Safepoint "ICBufferFull", Time since last: 434493917 ns, Reaching safepoint: 401250 ns, At safepoint: 52333 ns, Total: 453583 ns
[2023-07-25T07:16:03.241+0000][7][gc,start    ] GC(15) Pause Young (Normal) (G1 Evacuation Pause)
[2023-07-25T07:16:03.242+0000][7][gc,task     ] GC(15) Using 2 workers of 2 for evacuation
[2023-07-25T07:16:03.243+0000][7][gc,age      ] GC(15) Desired survivor size 8388608 bytes, new threshold 1 (max threshold 15)
[2023-07-25T07:16:03.277+0000][7][gc,phases   ] GC(15)   Pre Evacuate Collection Set: 0.2ms
[2023-07-25T07:16:03.279+0000][7][gc,phases   ] GC(15)   Merge Heap Roots: 0.3ms
[2023-07-25T07:16:03.280+0000][7][gc,phases   ] GC(15)   Evacuate Collection Set: 31.6ms
[2023-07-25T07:16:03.281+0000][7][gc,phases   ] GC(15)   Post Evacuate Collection Set: 1.4ms
[2023-07-25T07:16:03.282+0000][7][gc,phases   ] GC(15)   Other: 2.0ms
[2023-07-25T07:16:03.283+0000][7][gc,age      ] GC(15) Age table with threshold 1 (max threshold 15)
[2023-07-25T07:16:03.283+0000][7][gc,age      ] GC(15) - age   1:    3768392 bytes,    3768392 total
[2023-07-25T07:16:03.284+0000][7][gc,heap     ] GC(15) Eden regions: 17->0(305)
[2023-07-25T07:16:03.285+0000][7][gc,heap     ] GC(15) Survivor regions: 12->2(4)
[2023-07-25T07:16:03.286+0000][7][gc,heap     ] GC(15) Old regions: 14->26
[2023-07-25T07:16:03.287+0000][7][gc,heap     ] GC(15) Archive regions: 2->2
[2023-07-25T07:16:03.287+0000][7][gc,heap     ] GC(15) Humongous regions: 2->2
[2023-07-25T07:16:03.289+0000][7][gc,metaspace] GC(15) Metaspace: 101859K(104704K)->101859K(104704K) NonClass: 87806K(89280K)->87806K(89280K) Class: 14052K(15424K)->14052K(15424K)
[2023-07-25T07:16:03.290+0000][7][gc          ] GC(15) Pause Young (Normal) (G1 Evacuation Pause) 182M->119M(2048M) 48.814ms
[2023-07-25T07:16:03.291+0000][7][gc,cpu      ] GC(15) User=0.07s Sys=0.00s Real=0.05s
[2023-07-25T07:16:03.292+0000][7][safepoint   ] Safepoint "G1CollectForAllocation", Time since last: 216909334 ns, Reaching safepoint: 689208 ns, At safepoint: 51735750 ns, Total: 52424958 ns
[2023-07-25T07:16:03.465+0000][7][safepoint   ] Safepoint "ICBufferFull", Time since last: 172443667 ns, Reaching safepoint: 191417 ns, At safepoint: 4083 ns, Total: 195500 ns
[2023-07-25T07:16:04.467+0000][7][safepoint   ] Safepoint "Cleanup", Time since last: 1001000709 ns, Reaching safepoint: 495708 ns, At safepoint: 3708 ns, Total: 499416 ns
[2023-07-25T07:16:04.514+0000][7][safepoint   ] Safepoint "ICBufferFull", Time since last: 47399375 ns, Reaching safepoint: 203750 ns, At safepoint: 3625 ns, Total: 207375 ns
[2023-07-25T07:16:05.082+0000][7][safepoint   ] Safepoint "ICBufferFull", Time since last: 567013709 ns, Reaching safepoint: 511583 ns, At safepoint: 14834 ns, Total: 526417 ns
[2023-07-25T07:16:06.083+0000][7][safepoint   ] Safepoint "Cleanup", Time since last: 1001025875 ns, Reaching safepoint: 144500 ns, At safepoint: 8125 ns, Total: 152625 ns
[2023-07-25T07:16:06.991+0000][7][safepoint   ] Safepoint "ICBufferFull", Time since last: 907705709 ns, Reaching safepoint: 454792 ns, At safepoint: 88875 ns, Total: 543667 ns
[2023-07-25T07:16:07.166+0000][7][safepoint   ] Safepoint "ICBufferFull", Time since last: 174032500 ns, Reaching safepoint: 378541 ns, At safepoint: 16209 ns, Total: 394750 ns
[2023-07-25T07:16:07.851+0000][7][safepoint   ] Safepoint "ICBufferFull", Time since last: 685430208 ns, Reaching safepoint: 395834 ns, At safepoint: 11750 ns, Total: 407584 ns
[2023-07-25T07:16:08.854+0000][7][safepoint   ] Safepoint "Cleanup", Time since last: 1001952000 ns, Reaching safepoint: 378667 ns, At safepoint: 10791 ns, Total: 389458 ns
[2023-07-25T07:16:09.863+0000][7][safepoint   ] Safepoint "Cleanup", Time since last: 1008691709 ns, Reaching safepoint: 159250 ns, At safepoint: 4584 ns, Total: 163834 ns
[2023-07-25T07:16:09.980+0000][7][safepoint   ] Safepoint "ICBufferFull", Time since last: 117225750 ns, Reaching safepoint: 249083 ns, At safepoint: 35292 ns, Total: 284375 ns
[2023-07-25T07:16:10.255+0000][7][safepoint   ] Safepoint "ICBufferFull", Time since last: 274045000 ns, Reaching safepoint: 311666 ns, At safepoint: 9000 ns, Total: 320666 ns
[2023-07-25T07:16:10.362+0000][7][safepoint   ] Safepoint "ICBufferFull", Time since last: 107379125 ns, Reaching safepoint: 343084 ns, At safepoint: 15000 ns, Total: 358084 ns
[2023-07-25T07:16:10.754+0000][7][safepoint   ] Safepoint "ICBufferFull", Time since last: 391449333 ns, Reaching safepoint: 187209 ns, At safepoint: 3000 ns, Total: 190209 ns
[2023-07-25T07:16:11.760+0000][7][safepoint   ] Safepoint "Cleanup", Time since last: 1005707333 ns, Reaching safepoint: 197959 ns, At safepoint: 5333 ns, Total: 203292 ns
[2023-07-25T07:16:12.763+0000][7][safepoint   ] Safepoint "Cleanup", Time since last: 1002827084 ns, Reaching safepoint: 334667 ns, At safepoint: 11250 ns, Total: 345917 ns
[2023-07-25T07:16:13.773+0000][7][safepoint   ] Safepoint "Cleanup", Time since last: 1009318250 ns, Reaching safepoint: 768875 ns, At safepoint: 10000 ns, Total: 778875 ns
[2023-07-25T07:16:14.780+0000][7][safepoint   ] Safepoint "Cleanup", Time since last: 1006663042 ns, Reaching safepoint: 167292 ns, At safepoint: 4625 ns, Total: 171917 ns
[2023-07-25T07:16:16.228+0000][7][safepoint   ] Safepoint "Cleanup", Time since last: 1448370751 ns, Reaching safepoint: 162416 ns, At safepoint: 11292 ns, Total: 173708 ns
[2023-07-25T07:16:16.646+0000][7][safepoint   ] Safepoint "ICBufferFull", Time since last: 416830667 ns, Reaching safepoint: 232708 ns, At safepoint: 3458 ns, Total: 236166 ns
[2023-07-25T07:16:17.916+0000][7][safepoint   ] Safepoint "Cleanup", Time since last: 1269717126 ns, Reaching safepoint: 271750 ns, At safepoint: 5917 ns, Total: 277667 ns
[2023-07-25T07:16:18.917+0000][7][safepoint   ] Safepoint "Cleanup", Time since last: 1000995667 ns, Reaching safepoint: 343667 ns, At safepoint: 8833 ns, Total: 352500 ns
[2023-07-25T07:16:19.924+0000][7][safepoint   ] Safepoint "Cleanup", Time since last: 1006415125 ns, Reaching safepoint: 983292 ns, At safepoint: 13250 ns, Total: 996542 ns
[2023-07-25T07:16:22.342+0000][7][safepoint   ] Safepoint "ICBufferFull", Time since last: 2417171918 ns, Reaching safepoint: 483958 ns, At safepoint: 5042 ns, Total: 489000 ns
[2023-07-25T07:16:23.346+0000][7][safepoint   ] Safepoint "Cleanup", Time since last: 1003834084 ns, Reaching safepoint: 253125 ns, At safepoint: 4125 ns, Total: 257250 ns
[2023-07-25T07:16:25.349+0000][7][safepoint   ] Safepoint "Cleanup", Time since last: 2002389459 ns, Reaching safepoint: 397958 ns, At safepoint: 10417 ns, Total: 408375 ns
[2023-07-25T07:16:26.364+0000][7][safepoint   ] Safepoint "Cleanup", Time since last: 1014612042 ns, Reaching safepoint: 106708 ns, At safepoint: 6042 ns, Total: 112750 ns
[2023-07-25T07:16:27.370+0000][7][safepoint   ] Safepoint "Cleanup", Time since last: 1006203709 ns, Reaching safepoint: 151125 ns, At safepoint: 3750 ns, Total: 154875 ns
[2023-07-25T07:16:28.374+0000][7][safepoint   ] Safepoint "Cleanup", Time since last: 1004075208 ns, Reaching safepoint: 157709 ns, At safepoint: 4583 ns, Total: 162292 ns
[2023-07-25T07:16:29.375+0000][7][safepoint   ] Safepoint "Cleanup", Time since last: 1001052042 ns, Reaching safepoint: 82584 ns, At safepoint: 3500 ns, Total: 86084 ns
[2023-07-25T07:16:30.381+0000][7][safepoint   ] Safepoint "Cleanup", Time since last: 1005238292 ns, Reaching safepoint: 572750 ns, At safepoint: 12083 ns, Total: 584833 ns
[2023-07-25T07:16:31.411+0000][7][safepoint   ] Safepoint "Cleanup", Time since last: 1029103126 ns, Reaching safepoint: 700041 ns, At safepoint: 10959 ns, Total: 711000 ns
[2023-07-25T07:16:32.421+0000][7][safepoint   ] Safepoint "Cleanup", Time since last: 1009846583 ns, Reaching safepoint: 365709 ns, At safepoint: 11708 ns, Total: 377417 ns
[2023-07-25T07:16:33.429+0000][7][safepoint   ] Safepoint "Cleanup", Time since last: 1007555126 ns, Reaching safepoint: 283000 ns, At safepoint: 12916 ns, Total: 295916 ns
[2023-07-25T07:16:34.436+0000][7][safepoint   ] Safepoint "Cleanup", Time since last: 1007092459 ns, Reaching safepoint: 167583 ns, At safepoint: 3250 ns, Total: 170833 ns
[2023-07-25T07:16:35.444+0000][7][safepoint   ] Safepoint "Cleanup", Time since last: 1006957209 ns, Reaching safepoint: 567042 ns, At safepoint: 11666 ns, Total: 578708 ns
[2023-07-25T07:16:36.453+0000][7][safepoint   ] Safepoint "Cleanup", Time since last: 1009111418 ns, Reaching safepoint: 566666 ns, At safepoint: 13000 ns, Total: 579666 ns
[2023-07-25T07:16:37.463+0000][7][safepoint   ] Safepoint "Cleanup", Time since last: 1008727501 ns, Reaching safepoint: 683666 ns, At safepoint: 13542 ns, Total: 697208 ns
[2023-07-25T07:16:38.471+0000][7][safepoint   ] Safepoint "Cleanup", Time since last: 1007598376 ns, Reaching safepoint: 472708 ns, At safepoint: 16792 ns, Total: 489500 ns
[2023-07-25T07:16:39.480+0000][7][safepoint   ] Safepoint "Cleanup", Time since last: 1009016958 ns, Reaching safepoint: 353834 ns, At safepoint: 9458 ns, Total: 363292 ns
[2023-07-25T07:16:40.492+0000][7][safepoint   ] Safepoint "Cleanup", Time since last: 1011184959 ns, Reaching safepoint: 294625 ns, At safepoint: 6125 ns, Total: 300750 ns
[2023-07-25T07:16:41.499+0000][7][safepoint   ] Safepoint "Cleanup", Time since last: 1006572667 ns, Reaching safepoint: 373417 ns, At safepoint: 12208 ns, Total: 385625 ns
[2023-07-25T07:16:42.516+0000][7][safepoint   ] Safepoint "Cleanup", Time since last: 1016823626 ns, Reaching safepoint: 795125 ns, At safepoint: 11583 ns, Total: 806708 ns
[2023-07-25T07:16:43.527+0000][7][safepoint   ] Safepoint "Cleanup", Time since last: 1009775750 ns, Reaching safepoint: 566959 ns, At safepoint: 10916 ns, Total: 577875 ns
[2023-07-25T07:16:45.502+0000][7][safepoint   ] Safepoint "Cleanup", Time since last: 1975085835 ns, Reaching safepoint: 350875 ns, At safepoint: 13791 ns, Total: 364666 ns
[2023-07-25T07:16:46.334+0000][7][safepoint   ] Safepoint "ICBufferFull", Time since last: 831806917 ns, Reaching safepoint: 160750 ns, At safepoint: 29042 ns, Total: 189792 ns
[2023-07-25T07:16:47.336+0000][7][safepoint   ] Safepoint "Cleanup", Time since last: 1001029209 ns, Reaching safepoint: 499125 ns, At safepoint: 6416 ns, Total: 505541 ns
[2023-07-25T07:16:48.338+0000][7][safepoint   ] Safepoint "Cleanup", Time since last: 1002469418 ns, Reaching safepoint: 364708 ns, At safepoint: 14000 ns, Total: 378708 ns
[2023-07-25T07:16:49.350+0000][7][safepoint   ] Safepoint "Cleanup", Time since last: 1010763167 ns, Reaching safepoint: 594833 ns, At safepoint: 15875 ns, Total: 610708 ns
[2023-07-25T07:16:52.364+0000][7][safepoint   ] Safepoint "Cleanup", Time since last: 3013979085 ns, Reaching safepoint: 117167 ns, At safepoint: 4833 ns, Total: 122000 ns
[2023-07-25T07:16:53.366+0000][7][safepoint   ] Safepoint "Cleanup", Time since last: 1001860792 ns, Reaching safepoint: 390167 ns, At safepoint: 7667 ns, Total: 397834 ns
[2023-07-25T07:16:54.373+0000][7][safepoint   ] Safepoint "Cleanup", Time since last: 1006752750 ns, Reaching safepoint: 347875 ns, At safepoint: 10542 ns, Total: 358417 ns
[2023-07-25T07:16:55.389+0000][7][safepoint   ] Safepoint "Cleanup", Time since last: 1014972709 ns, Reaching safepoint: 403416 ns, At safepoint: 9042 ns, Total: 412458 ns
[2023-07-25T07:16:57.398+0000][7][safepoint   ] Safepoint "Cleanup", Time since last: 2008808500 ns, Reaching safepoint: 621459 ns, At safepoint: 245500 ns, Total: 866959 ns
[2023-07-25T07:16:58.407+0000][7][safepoint   ] Safepoint "Cleanup", Time since last: 1008348875 ns, Reaching safepoint: 179167 ns, At safepoint: 5458 ns, Total: 184625 ns
[2023-07-25T07:16:59.409+0000][7][safepoint   ] Safepoint "Cleanup", Time since last: 1001669001 ns, Reaching safepoint: 373791 ns, At safepoint: 10500 ns, Total: 384291 ns
[2023-07-25T07:17:00.429+0000][7][safepoint   ] Safepoint "Cleanup", Time since last: 1018747542 ns, Reaching safepoint: 782250 ns, At safepoint: 9459 ns, Total: 791709 ns
[2023-07-25T07:17:01.443+0000][7][safepoint   ] Safepoint "Cleanup", Time since last: 1013375709 ns, Reaching safepoint: 589041 ns, At safepoint: 12709 ns, Total: 601750 ns
[2023-07-25T07:17:02.466+0000][7][safepoint   ] Safepoint "Cleanup", Time since last: 1022358792 ns, Reaching safepoint: 875083 ns, At safepoint: 10542 ns, Total: 885625 ns
[2023-07-25T07:17:03.476+0000][7][safepoint   ] Safepoint "Cleanup", Time since last: 1009304125 ns, Reaching safepoint: 676334 ns, At safepoint: 7875 ns, Total: 684209 ns
[2023-07-25T07:17:04.479+0000][7][safepoint   ] Safepoint "Cleanup", Time since last: 1003313375 ns, Reaching safepoint: 232083 ns, At safepoint: 5959 ns, Total: 238042 ns
[2023-07-25T07:17:05.481+0000][7][safepoint   ] Safepoint "Cleanup", Time since last: 1001972708 ns, Reaching safepoint: 107792 ns, At safepoint: 17917 ns, Total: 125709 ns
[2023-07-25T07:17:06.486+0000][7][safepoint   ] Safepoint "Cleanup", Time since last: 1004280875 ns, Reaching safepoint: 652334 ns, At safepoint: 12125 ns, Total: 664459 ns
[2023-07-25T07:17:07.028+0000][7][safepoint   ] Safepoint "ICBufferFull", Time since last: 541322708 ns, Reaching safepoint: 223125 ns, At safepoint: 13709 ns, Total: 236834 ns
[2023-07-25T07:17:08.034+0000][7][safepoint   ] Safepoint "Cleanup", Time since last: 1003385833 ns, Reaching safepoint: 2591584 ns, At safepoint: 12125 ns, Total: 2603709 ns
[2023-07-25T07:17:10.042+0000][7][safepoint   ] Safepoint "Cleanup", Time since last: 2008282001 ns, Reaching safepoint: 241041 ns, At safepoint: 1667 ns, Total: 242708 ns
[2023-07-25T07:17:10.784+0000][7][safepoint   ] Safepoint "ICBufferFull", Time since last: 740903792 ns, Reaching safepoint: 169917 ns, At safepoint: 15208 ns, Total: 185125 ns
[2023-07-25T07:17:11.785+0000][7][safepoint   ] Safepoint "Cleanup", Time since last: 1000816876 ns, Reaching safepoint: 164875 ns, At safepoint: 7541 ns, Total: 172416 ns
[2023-07-25T07:17:12.787+0000][7][safepoint   ] Safepoint "Cleanup", Time since last: 1001852251 ns, Reaching safepoint: 291291 ns, At safepoint: 13042 ns, Total: 304333 ns
[2023-07-25T07:17:13.798+0000][7][safepoint   ] Safepoint "Cleanup", Time since last: 1010426417 ns, Reaching safepoint: 874000 ns, At safepoint: 5125 ns, Total: 879125 ns
[2023-07-25T07:17:14.805+0000][7][safepoint   ] Safepoint "Cleanup", Time since last: 1006422501 ns, Reaching safepoint: 210958 ns, At safepoint: 4583 ns, Total: 215541 ns
[2023-07-25T07:17:16.811+0000][7][safepoint   ] Safepoint "Cleanup", Time since last: 2004698418 ns, Reaching safepoint: 1939833 ns, At safepoint: 24584 ns, Total: 1964417 ns
[2023-07-25T07:17:17.829+0000][7][safepoint   ] Safepoint "Cleanup", Time since last: 1017036875 ns, Reaching safepoint: 393125 ns, At safepoint: 12583 ns, Total: 405708 ns
[2023-07-25T07:17:19.851+0000][7][safepoint   ] Safepoint "Cleanup", Time since last: 2021790418 ns, Reaching safepoint: 135750 ns, At safepoint: 7208 ns, Total: 142958 ns
[2023-07-25T07:17:22.858+0000][7][safepoint   ] Safepoint "Cleanup", Time since last: 3007116543 ns, Reaching safepoint: 227042 ns, At safepoint: 5042 ns, Total: 232084 ns
[2023-07-25T07:17:24.863+0000][7][safepoint   ] Safepoint "Cleanup", Time since last: 2004344917 ns, Reaching safepoint: 289667 ns, At safepoint: 6375 ns, Total: 296042 ns
[2023-07-25T07:17:25.867+0000][7][safepoint   ] Safepoint "Cleanup", Time since last: 1004088417 ns, Reaching safepoint: 731125 ns, At safepoint: 9292 ns, Total: 740417 ns
[2023-07-25T07:17:27.879+0000][7][safepoint   ] Safepoint "Cleanup", Time since last: 2010824084 ns, Reaching safepoint: 317000 ns, At safepoint: 11958 ns, Total: 328958 ns
[2023-07-25T07:17:29.200+0000][7][safepoint   ] Safepoint "Cleanup", Time since last: 1320755709 ns, Reaching safepoint: 744083 ns, At safepoint: 12125 ns, Total: 756208 ns
[2023-07-25T07:17:30.209+0000][7][safepoint   ] Safepoint "Cleanup", Time since last: 1008643459 ns, Reaching safepoint: 484250 ns, At safepoint: 10333 ns, Total: 494583 ns
[2023-07-25T07:17:31.224+0000][7][safepoint   ] Safepoint "Cleanup", Time since last: 1014108584 ns, Reaching safepoint: 1048042 ns, At safepoint: 11750 ns, Total: 1059792 ns
[2023-07-25T07:17:32.236+0000][7][safepoint   ] Safepoint "Cleanup", Time since last: 1010843625 ns, Reaching safepoint: 334917 ns, At safepoint: 7625 ns, Total: 342542 ns
[2023-07-25T07:17:34.242+0000][7][safepoint   ] Safepoint "Cleanup", Time since last: 2006090001 ns, Reaching safepoint: 226833 ns, At safepoint: 4792 ns, Total: 231625 ns
[2023-07-25T07:17:35.248+0000][7][safepoint   ] Safepoint "Cleanup", Time since last: 1005409084 ns, Reaching safepoint: 796166 ns, At safepoint: 11750 ns, Total: 807916 ns
[2023-07-25T07:17:36.251+0000][7][safepoint   ] Safepoint "Cleanup", Time since last: 1002814918 ns, Reaching safepoint: 387583 ns, At safepoint: 15542 ns, Total: 403125 ns
[2023-07-25T07:17:37.262+0000][7][safepoint   ] Safepoint "Cleanup", Time since last: 1009622667 ns, Reaching safepoint: 609375 ns, At safepoint: 10958 ns, Total: 620333 ns
[2023-07-25T07:17:40.275+0000][7][safepoint   ] Safepoint "Cleanup", Time since last: 3013518918 ns, Reaching safepoint: 175708 ns, At safepoint: 8375 ns, Total: 184083 ns
[2023-07-25T07:17:41.282+0000][7][safepoint   ] Safepoint "Cleanup", Time since last: 1006413251 ns, Reaching safepoint: 290500 ns, At safepoint: 10500 ns, Total: 301000 ns
[2023-07-25T07:17:42.292+0000][7][safepoint   ] Safepoint "Cleanup", Time since last: 1009543750 ns, Reaching safepoint: 352500 ns, At safepoint: 15334 ns, Total: 367834 ns
[2023-07-25T07:17:43.319+0000][7][safepoint   ] Safepoint "Cleanup", Time since last: 1026181917 ns, Reaching safepoint: 429583 ns, At safepoint: 13584 ns, Total: 443167 ns
[2023-07-25T07:17:45.329+0000][7][safepoint   ] Safepoint "Cleanup", Time since last: 2009938251 ns, Reaching safepoint: 300541 ns, At safepoint: 10792 ns, Total: 311333 ns
[2023-07-25T07:17:46.334+0000][7][safepoint   ] Safepoint "Cleanup", Time since last: 1005050292 ns, Reaching safepoint: 274417 ns, At safepoint: 16875 ns, Total: 291292 ns
[2023-07-25T07:17:47.337+0000][7][safepoint   ] Safepoint "Cleanup", Time since last: 1002334750 ns, Reaching safepoint: 375500 ns, At safepoint: 14250 ns, Total: 389750 ns
[2023-07-25T07:17:49.351+0000][7][safepoint   ] Safepoint "Cleanup", Time since last: 2011218834 ns, Reaching safepoint: 2496125 ns, At safepoint: 29084 ns, Total: 2525209 ns
[2023-07-25T07:17:51.360+0000][7][safepoint   ] Safepoint "Cleanup", Time since last: 2009249126 ns, Reaching safepoint: 317000 ns, At safepoint: 9541 ns, Total: 326541 ns
[2023-07-25T07:17:52.369+0000][7][safepoint   ] Safepoint "Cleanup", Time since last: 1008378043 ns, Reaching safepoint: 526916 ns, At safepoint: 16500 ns, Total: 543416 ns
[2023-07-25T07:17:53.375+0000][7][safepoint   ] Safepoint "Cleanup", Time since last: 1005364334 ns, Reaching safepoint: 158750 ns, At safepoint: 6042 ns, Total: 164792 ns
[2023-07-25T07:17:55.387+0000][7][safepoint   ] Safepoint "Cleanup", Time since last: 2008019667 ns, Reaching safepoint: 4505084 ns, At safepoint: 41083 ns, Total: 4546167 ns
[2023-07-25T07:17:57.408+0000][7][safepoint   ] Safepoint "Cleanup", Time since last: 2020165875 ns, Reaching safepoint: 276500 ns, At safepoint: 8208 ns, Total: 284708 ns
[2023-07-25T07:17:58.428+0000][7][safepoint   ] Safepoint "Cleanup", Time since last: 1019479709 ns, Reaching safepoint: 360583 ns, At safepoint: 13000 ns, Total: 373583 ns
[2023-07-25T07:17:59.429+0000][7][safepoint   ] Safepoint "Cleanup", Time since last: 1001106084 ns, Reaching safepoint: 69167 ns, At safepoint: 32958 ns, Total: 102125 ns
[2023-07-25T07:18:00.432+0000][7][safepoint   ] Safepoint "Cleanup", Time since last: 1001998334 ns, Reaching safepoint: 694000 ns, At safepoint: 10000 ns, Total: 704000 ns
[2023-07-25T07:18:01.439+0000][7][safepoint   ] Safepoint "Cleanup", Time since last: 1006563792 ns, Reaching safepoint: 640792 ns, At safepoint: 15083 ns, Total: 655875 ns
[2023-07-25T07:18:02.446+0000][7][safepoint   ] Safepoint "Cleanup", Time since last: 1006880084 ns, Reaching safepoint: 438542 ns, At safepoint: 15666 ns, Total: 454208 ns
[2023-07-25T07:18:04.455+0000][7][safepoint   ] Safepoint "Cleanup", Time since last: 2008686251 ns, Reaching safepoint: 156792 ns, At safepoint: 5542 ns, Total: 162334 ns
[2023-07-25T07:18:05.457+0000][7][safepoint   ] Safepoint "Cleanup", Time since last: 1001155542 ns, Reaching safepoint: 915541 ns, At safepoint: 12459 ns, Total: 928000 ns
[2023-07-25T07:18:07.469+0000][7][safepoint   ] Safepoint "Cleanup", Time since last: 2010664334 ns, Reaching safepoint: 992250 ns, At safepoint: 11417 ns, Total: 1003667 ns
[2023-07-25T07:18:08.475+0000][7][safepoint   ] Safepoint "Cleanup", Time since last: 1006119375 ns, Reaching safepoint: 355292 ns, At safepoint: 9583 ns, Total: 364875 ns
[2023-07-25T07:18:09.488+0000][7][safepoint   ] Safepoint "Cleanup", Time since last: 1009680709 ns, Reaching safepoint: 3300750 ns, At safepoint: 22375 ns, Total: 3323125 ns
[2023-07-25T07:18:10.512+0000][7][safepoint   ] Safepoint "Cleanup", Time since last: 1023378876 ns, Reaching safepoint: 137708 ns, At safepoint: 4958 ns, Total: 142666 ns
[2023-07-25T07:18:11.516+0000][7][safepoint   ] Safepoint "Cleanup", Time since last: 1004129501 ns, Reaching safepoint: 410708 ns, At safepoint: 15833 ns, Total: 426541 ns
[2023-07-25T07:18:13.548+0000][7][safepoint   ] Safepoint "Cleanup", Time since last: 2031609585 ns, Reaching safepoint: 272666 ns, At safepoint: 10500 ns, Total: 283166 ns
[2023-07-25T07:18:16.563+0000][7][safepoint   ] Safepoint "Cleanup", Time since last: 3014192168 ns, Reaching safepoint: 294667 ns, At safepoint: 4917 ns, Total: 299584 ns
[2023-07-25T07:18:17.565+0000][7][safepoint   ] Safepoint "Cleanup", Time since last: 1002032834 ns, Reaching safepoint: 170625 ns, At safepoint: 5333 ns, Total: 175958 ns
[2023-07-25T07:18:19.568+0000][7][safepoint   ] Safepoint "Cleanup", Time since last: 2002415126 ns, Reaching safepoint: 429167 ns, At safepoint: 9583 ns, Total: 438750 ns
[2023-07-25T07:18:22.578+0000][7][safepoint   ] Safepoint "Cleanup", Time since last: 3010241876 ns, Reaching safepoint: 274250 ns, At safepoint: 5334 ns, Total: 279584 ns
[2023-07-25T07:18:23.584+0000][7][safepoint   ] Safepoint "Cleanup", Time since last: 1004998333 ns, Reaching safepoint: 243375 ns, At safepoint: 7042 ns, Total: 250417 ns
[2023-07-25T07:18:24.587+0000][7][safepoint   ] Safepoint "Cleanup", Time since last: 1002547834 ns, Reaching safepoint: 817208 ns, At safepoint: 5792 ns, Total: 823000 ns
[2023-07-25T07:18:25.596+0000][7][safepoint   ] Safepoint "Cleanup", Time since last: 1008200542 ns, Reaching safepoint: 596667 ns, At safepoint: 15708 ns, Total: 612375 ns
[2023-07-25T07:18:27.605+0000][7][safepoint   ] Safepoint "Cleanup", Time since last: 2008995459 ns, Reaching safepoint: 254125 ns, At safepoint: 6667 ns, Total: 260792 ns
[2023-07-25T07:18:28.607+0000][7][safepoint   ] Safepoint "Cleanup", Time since last: 1002189084 ns, Reaching safepoint: 435625 ns, At safepoint: 8541 ns, Total: 444166 ns
[2023-07-25T07:18:29.615+0000][7][safepoint   ] Safepoint "Cleanup", Time since last: 1007726417 ns, Reaching safepoint: 239292 ns, At safepoint: 4500 ns, Total: 243792 ns
[2023-07-25T07:18:32.629+0000][7][safepoint   ] Safepoint "Cleanup", Time since last: 3012758293 ns, Reaching safepoint: 631125 ns, At safepoint: 10542 ns, Total: 641667 ns
[2023-07-25T07:18:34.645+0000][7][safepoint   ] Safepoint "Cleanup", Time since last: 2015702376 ns, Reaching safepoint: 155708 ns, At safepoint: 7208 ns, Total: 162916 ns
[2023-07-25T07:18:37.651+0000][7][safepoint   ] Safepoint "Cleanup", Time since last: 3006110752 ns, Reaching safepoint: 339750 ns, At safepoint: 12083 ns, Total: 351833 ns
[2023-07-25T07:18:40.662+0000][7][safepoint   ] Safepoint "Cleanup", Time since last: 3010890085 ns, Reaching safepoint: 90500 ns, At safepoint: 9042 ns, Total: 99542 ns
[2023-07-25T07:18:41.664+0000][7][safepoint   ] Safepoint "Cleanup", Time since last: 1001172083 ns, Reaching safepoint: 377250 ns, At safepoint: 12125 ns, Total: 389375 ns
[2023-07-25T07:18:42.671+0000][7][safepoint   ] Safepoint "Cleanup", Time since last: 1006717959 ns, Reaching safepoint: 827917 ns, At safepoint: 11667 ns, Total: 839584 ns
[2023-07-25T07:18:44.680+0000][7][safepoint   ] Safepoint "Cleanup", Time since last: 2008166626 ns, Reaching safepoint: 302625 ns, At safepoint: 9041 ns, Total: 311666 ns
[2023-07-25T07:18:46.699+0000][7][safepoint   ] Safepoint "Cleanup", Time since last: 2017174251 ns, Reaching safepoint: 1711625 ns, At safepoint: 15459 ns, Total: 1727084 ns
[2023-07-25T07:18:47.706+0000][7][safepoint   ] Safepoint "Cleanup", Time since last: 1006777000 ns, Reaching safepoint: 469875 ns, At safepoint: 6167 ns, Total: 476042 ns
[2023-07-25T07:18:48.712+0000][7][safepoint   ] Safepoint "Cleanup", Time since last: 1005653625 ns, Reaching safepoint: 401875 ns, At safepoint: 12625 ns, Total: 414500 ns
[2023-07-25T07:18:49.726+0000][7][safepoint   ] Safepoint "Cleanup", Time since last: 1012424584 ns, Reaching safepoint: 1171250 ns, At safepoint: 13417 ns, Total: 1184667 ns
[2023-07-25T07:18:50.749+0000][7][safepoint   ] Safepoint "Cleanup", Time since last: 1022871625 ns, Reaching safepoint: 312917 ns, At safepoint: 8916 ns, Total: 321833 ns
[2023-07-25T07:18:52.756+0000][7][safepoint   ] Safepoint "Cleanup", Time since last: 2007536085 ns, Reaching safepoint: 181750 ns, At safepoint: 5416 ns, Total: 187166 ns
[2023-07-25T07:18:53.759+0000][7][safepoint   ] Safepoint "Cleanup", Time since last: 1002739251 ns, Reaching safepoint: 110625 ns, At safepoint: 3458 ns, Total: 114083 ns
[2023-07-25T07:18:57.778+0000][7][safepoint   ] Safepoint "Cleanup", Time since last: 4013249668 ns, Reaching safepoint: 4981417 ns, At safepoint: 20750 ns, Total: 5002167 ns
[2023-07-25T07:18:58.795+0000][7][safepoint   ] Safepoint "Cleanup", Time since last: 1016515125 ns, Reaching safepoint: 336834 ns, At safepoint: 3416 ns, Total: 340250 ns
[2023-07-25T07:18:59.798+0000][7][safepoint   ] Safepoint "Cleanup", Time since last: 1003320084 ns, Reaching safepoint: 132792 ns, At safepoint: 5125 ns, Total: 137917 ns
[2023-07-25T07:19:00.800+0000][7][safepoint   ] Safepoint "Cleanup", Time since last: 1001698959 ns, Reaching safepoint: 394500 ns, At safepoint: 11083 ns, Total: 405583 ns
[2023-07-25T07:19:01.810+0000][7][safepoint   ] Safepoint "Cleanup", Time since last: 1009792125 ns, Reaching safepoint: 143125 ns, At safepoint: 4417 ns, Total: 147542 ns
[2023-07-25T07:19:02.814+0000][7][safepoint   ] Safepoint "Cleanup", Time since last: 1003347042 ns, Reaching safepoint: 264042 ns, At safepoint: 5625 ns, Total: 269667 ns
[2023-07-25T07:19:04.829+0000][7][safepoint   ] Safepoint "Cleanup", Time since last: 2014970626 ns, Reaching safepoint: 179375 ns, At safepoint: 3667 ns, Total: 183042 ns
[2023-07-25T07:19:05.833+0000][7][safepoint   ] Safepoint "Cleanup", Time since last: 1003528792 ns, Reaching safepoint: 454375 ns, At safepoint: 11833 ns, Total: 466208 ns
[2023-07-25T07:19:07.842+0000][7][safepoint   ] Safepoint "Cleanup", Time since last: 2008296459 ns, Reaching safepoint: 463834 ns, At safepoint: 12083 ns, Total: 475917 ns
[2023-07-25T07:19:10.863+0000][7][safepoint   ] Safepoint "Cleanup", Time since last: 3020305626 ns, Reaching safepoint: 1114750 ns, At safepoint: 7834 ns, Total: 1122584 ns
[2023-07-25T07:19:11.871+0000][7][safepoint   ] Safepoint "Cleanup", Time since last: 1006861292 ns, Reaching safepoint: 972208 ns, At safepoint: 10667 ns, Total: 982875 ns
[2023-07-25T07:19:13.890+0000][7][safepoint   ] Safepoint "Cleanup", Time since last: 2018606626 ns, Reaching safepoint: 184583 ns, At safepoint: 5334 ns, Total: 189917 ns
[2023-07-25T07:19:14.895+0000][7][safepoint   ] Safepoint "Cleanup", Time since last: 1005310250 ns, Reaching safepoint: 212708 ns, At safepoint: 7250 ns, Total: 219958 ns
[2023-07-25T07:19:16.902+0000][7][safepoint   ] Safepoint "Cleanup", Time since last: 2006682335 ns, Reaching safepoint: 159791 ns, At safepoint: 3750 ns, Total: 163541 ns
[2023-07-25T07:19:17.904+0000][7][safepoint   ] Safepoint "Cleanup", Time since last: 1001871251 ns, Reaching safepoint: 503250 ns, At safepoint: 12750 ns, Total: 516000 ns
[2023-07-25T07:19:18.915+0000][7][safepoint   ] Safepoint "Cleanup", Time since last: 1009727584 ns, Reaching safepoint: 319958 ns, At safepoint: 13000 ns, Total: 332958 ns
[2023-07-25T07:19:19.924+0000][7][safepoint   ] Safepoint "Cleanup", Time since last: 1008777500 ns, Reaching safepoint: 326042 ns, At safepoint: 9000 ns, Total: 335042 ns
[2023-07-25T07:19:20.928+0000][7][safepoint   ] Safepoint "Cleanup", Time since last: 1003490417 ns, Reaching safepoint: 442584 ns, At safepoint: 9583 ns, Total: 452167 ns
[2023-07-25T07:19:22.944+0000][7][safepoint   ] Safepoint "Cleanup", Time since last: 2016260959 ns, Reaching safepoint: 560708 ns, At safepoint: 11667 ns, Total: 572375 ns
[2023-07-25T07:19:27.978+0000][7][safepoint   ] Safepoint "Cleanup", Time since last: 5031868752 ns, Reaching safepoint: 1177000 ns, At safepoint: 72334 ns, Total: 1249334 ns
[2023-07-25T07:19:28.990+0000][7][safepoint   ] Safepoint "Cleanup", Time since last: 1011952500 ns, Reaching safepoint: 583833 ns, At safepoint: 14792 ns, Total: 598625 ns
[2023-07-25T07:19:29.999+0000][7][safepoint   ] Safepoint "Cleanup", Time since last: 1004720501 ns, Reaching safepoint: 4466958 ns, At safepoint: 19583 ns, Total: 4486541 ns
[2023-07-25T07:19:32.024+0000][7][safepoint   ] Safepoint "Cleanup", Time since last: 2022441126 ns, Reaching safepoint: 2505584 ns, At safepoint: 33666 ns, Total: 2539250 ns
[2023-07-25T07:19:34.079+0000][7][safepoint   ] Safepoint "Cleanup", Time since last: 2054308126 ns, Reaching safepoint: 467917 ns, At safepoint: 43875 ns, Total: 511792 ns
[2023-07-25T07:19:35.084+0000][7][safepoint   ] Safepoint "Cleanup", Time since last: 1004793834 ns, Reaching safepoint: 321750 ns, At safepoint: 4750 ns, Total: 326500 ns
[2023-07-25T07:19:37.086+0000][7][safepoint   ] Safepoint "Cleanup", Time since last: 2002092542 ns, Reaching safepoint: 105000 ns, At safepoint: 2875 ns, Total: 107875 ns
[2023-07-25T07:19:39.096+0000][7][safepoint   ] Safepoint "Cleanup", Time since last: 2008254876 ns, Reaching safepoint: 1221000 ns, At safepoint: 11542 ns, Total: 1232542 ns
[2023-07-25T07:19:40.104+0000][7][safepoint   ] Safepoint "Cleanup", Time since last: 1008252542 ns, Reaching safepoint: 265000 ns, At safepoint: 3917 ns, Total: 268917 ns
[2023-07-25T07:19:41.106+0000][7][safepoint   ] Safepoint "Cleanup", Time since last: 1001518167 ns, Reaching safepoint: 88125 ns, At safepoint: 1375 ns, Total: 89500 ns
[2023-07-25T07:19:42.107+0000][7][safepoint   ] Safepoint "Cleanup", Time since last: 1000878667 ns, Reaching safepoint: 231792 ns, At safepoint: 6333 ns, Total: 238125 ns
[2023-07-25T07:19:46.133+0000][7][safepoint   ] Safepoint "Cleanup", Time since last: 4025061877 ns, Reaching safepoint: 430208 ns, At safepoint: 3334 ns, Total: 433542 ns
[2023-07-25T07:19:47.136+0000][7][safepoint   ] Safepoint "Cleanup", Time since last: 1002833875 ns, Reaching safepoint: 111833 ns, At safepoint: 3834 ns, Total: 115667 ns
[2023-07-25T07:19:48.139+0000][7][safepoint   ] Safepoint "Cleanup", Time since last: 1002853209 ns, Reaching safepoint: 260291 ns, At safepoint: 5709 ns, Total: 266000 ns
[2023-07-25T07:19:49.145+0000][7][safepoint   ] Safepoint "Cleanup", Time since last: 1005960167 ns, Reaching safepoint: 202750 ns, At safepoint: 5250 ns, Total: 208000 ns
[2023-07-25T07:19:53.170+0000][7][safepoint   ] Safepoint "Cleanup", Time since last: 4024713835 ns, Reaching safepoint: 377417 ns, At safepoint: 13708 ns, Total: 391125 ns
[2023-07-25T07:19:57.202+0000][7][safepoint   ] Safepoint "Cleanup", Time since last: 4031972418 ns, Reaching safepoint: 179459 ns, At safepoint: 4666 ns, Total: 184125 ns
[2023-07-25T07:19:58.204+0000][7][safepoint   ] Safepoint "Cleanup", Time since last: 1001502917 ns, Reaching safepoint: 104459 ns, At safepoint: 3000 ns, Total: 107459 ns
[2023-07-25T07:19:59.205+0000][7][safepoint   ] Safepoint "Cleanup", Time since last: 1001680417 ns, Reaching safepoint: 90666 ns, At safepoint: 2584 ns, Total: 93250 ns
[2023-07-25T07:20:00.211+0000][7][safepoint   ] Safepoint "Cleanup", Time since last: 1005438500 ns, Reaching safepoint: 370125 ns, At safepoint: 42917 ns, Total: 413042 ns
[2023-07-25T07:20:01.225+0000][7][safepoint   ] Safepoint "Cleanup", Time since last: 1013048375 ns, Reaching safepoint: 277875 ns, At safepoint: 7584 ns, Total: 285459 ns
[2023-07-25T07:20:02.232+0000][7][safepoint   ] Safepoint "Cleanup", Time since last: 1006372959 ns, Reaching safepoint: 911833 ns, At safepoint: 7083 ns, Total: 918916 ns
[2023-07-25T07:20:03.246+0000][7][safepoint   ] Safepoint "Cleanup", Time since last: 1014213709 ns, Reaching safepoint: 320167 ns, At safepoint: 6375 ns, Total: 326542 ns
[2023-07-25T07:20:04.249+0000][7][safepoint   ] Safepoint "Cleanup", Time since last: 1002472750 ns, Reaching safepoint: 649584 ns, At safepoint: 10916 ns, Total: 660500 ns
[2023-07-25T07:20:05.254+0000][7][safepoint   ] Safepoint "Cleanup", Time since last: 1003794042 ns, Reaching safepoint: 262209 ns, At safepoint: 6958 ns, Total: 269167 ns
[2023-07-25T07:20:06.258+0000][7][safepoint   ] Safepoint "Cleanup", Time since last: 1003281542 ns, Reaching safepoint: 692750 ns, At safepoint: 18084 ns, Total: 710834 ns
[2023-07-25T07:20:07.266+0000][7][safepoint   ] Safepoint "Cleanup", Time since last: 1008077042 ns, Reaching safepoint: 525583 ns, At safepoint: 62917 ns, Total: 588500 ns
[2023-07-25T07:20:10.279+0000][7][safepoint   ] Safepoint "Cleanup", Time since last: 3012093751 ns, Reaching safepoint: 318625 ns, At safepoint: 17083 ns, Total: 335708 ns
[2023-07-25T07:20:11.284+0000][7][safepoint   ] Safepoint "Cleanup", Time since last: 1001269251 ns, Reaching safepoint: 3644083 ns, At safepoint: 22084 ns, Total: 3666167 ns
[2023-07-25T07:20:13.302+0000][7][safepoint   ] Safepoint "Cleanup", Time since last: 2016827251 ns, Reaching safepoint: 1614125 ns, At safepoint: 67791 ns, Total: 1681916 ns
[2023-07-25T07:20:16.320+0000][7][safepoint   ] Safepoint "Cleanup", Time since last: 3017813210 ns, Reaching safepoint: 85833 ns, At safepoint: 24750 ns, Total: 110583 ns
[2023-07-25T07:20:17.326+0000][7][safepoint   ] Safepoint "Cleanup", Time since last: 1006197959 ns, Reaching safepoint: 124500 ns, At safepoint: 5125 ns, Total: 129625 ns
[2023-07-25T07:20:19.333+0000][7][safepoint   ] Safepoint "Cleanup", Time since last: 2005419543 ns, Reaching safepoint: 775875 ns, At safepoint: 16625 ns, Total: 792500 ns
[2023-07-25T07:20:22.340+0000][7][safepoint   ] Safepoint "Cleanup", Time since last: 3007597293 ns, Reaching safepoint: 202750 ns, At safepoint: 4875 ns, Total: 207625 ns
[2023-07-25T07:20:23.346+0000][7][safepoint   ] Safepoint "Cleanup", Time since last: 1005049667 ns, Reaching safepoint: 952250 ns, At safepoint: 12875 ns, Total: 965125 ns
[2023-07-25T07:20:24.355+0000][7][safepoint   ] Safepoint "Cleanup", Time since last: 1008471084 ns, Reaching safepoint: 292250 ns, At safepoint: 10416 ns, Total: 302666 ns
[2023-07-25T07:20:25.366+0000][7][safepoint   ] Safepoint "Cleanup", Time since last: 1010131751 ns, Reaching safepoint: 284917 ns, At safepoint: 9208 ns, Total: 294125 ns
[2023-07-25T07:20:28.384+0000][7][safepoint   ] Safepoint "Cleanup", Time since last: 3017093418 ns, Reaching safepoint: 154166 ns, At safepoint: 19250 ns, Total: 173416 ns
[2023-07-25T07:20:29.387+0000][7][safepoint   ] Safepoint "Cleanup", Time since last: 1003074376 ns, Reaching safepoint: 781042 ns, At safepoint: 17666 ns, Total: 798708 ns
[2023-07-25T07:20:30.407+0000][7][safepoint   ] Safepoint "Cleanup", Time since last: 1019360334 ns, Reaching safepoint: 490833 ns, At safepoint: 12084 ns, Total: 502917 ns
[2023-07-25T07:20:31.429+0000][7][safepoint   ] Safepoint "Cleanup", Time since last: 1021143125 ns, Reaching safepoint: 305709 ns, At safepoint: 14083 ns, Total: 319792 ns
[2023-07-25T07:20:34.437+0000][7][safepoint   ] Safepoint "Cleanup", Time since last: 3007855585 ns, Reaching safepoint: 63125 ns, At safepoint: 2416 ns, Total: 65541 ns
[2023-07-25T07:20:35.441+0000][7][safepoint   ] Safepoint "Cleanup", Time since last: 1004018417 ns, Reaching safepoint: 331292 ns, At safepoint: 8958 ns, Total: 340250 ns
[2023-07-25T07:20:37.456+0000][7][safepoint   ] Safepoint "Cleanup", Time since last: 2014539168 ns, Reaching safepoint: 775917 ns, At safepoint: 9000 ns, Total: 784917 ns
[2023-07-25T07:20:40.467+0000][7][safepoint   ] Safepoint "Cleanup", Time since last: 3010427001 ns, Reaching safepoint: 133709 ns, At safepoint: 6125 ns, Total: 139834 ns
[2023-07-25T07:20:41.468+0000][7][safepoint   ] Safepoint "Cleanup", Time since last: 1000900167 ns, Reaching safepoint: 169208 ns, At safepoint: 4250 ns, Total: 173458 ns
[2023-07-25T07:20:42.474+0000][7][safepoint   ] Safepoint "Cleanup", Time since last: 1005825417 ns, Reaching safepoint: 365208 ns, At safepoint: 13334 ns, Total: 378542 ns
[2023-07-25T07:20:43.486+0000][7][safepoint   ] Safepoint "Cleanup", Time since last: 1010924625 ns, Reaching safepoint: 422084 ns, At safepoint: 9791 ns, Total: 431875 ns
[2023-07-25T07:20:46.496+0000][7][safepoint   ] Safepoint "Cleanup", Time since last: 3010490960 ns, Reaching safepoint: 120875 ns, At safepoint: 4000 ns, Total: 124875 ns
[2023-07-25T07:20:47.498+0000][7][safepoint   ] Safepoint "Cleanup", Time since last: 1001425834 ns, Reaching safepoint: 533500 ns, At safepoint: 14458 ns, Total: 547958 ns
[2023-07-25T07:20:49.513+0000][7][safepoint   ] Safepoint "Cleanup", Time since last: 2014811001 ns, Reaching safepoint: 442292 ns, At safepoint: 12833 ns, Total: 455125 ns
[2023-07-25T07:20:52.534+0000][7][safepoint   ] Safepoint "Cleanup", Time since last: 3019986668 ns, Reaching safepoint: 108375 ns, At safepoint: 3459 ns, Total: 111834 ns
[2023-07-25T07:20:55.543+0000][7][safepoint   ] Safepoint "Cleanup", Time since last: 3008590834 ns, Reaching safepoint: 1121875 ns, At safepoint: 11000 ns, Total: 1132875 ns
[2023-07-25T07:20:56.552+0000][7][safepoint   ] Safepoint "Cleanup", Time since last: 1008378543 ns, Reaching safepoint: 349958 ns, At safepoint: 11500 ns, Total: 361458 ns
[2023-07-25T07:20:57.560+0000][7][safepoint   ] Safepoint "Cleanup", Time since last: 1008113124 ns, Reaching safepoint: 471917 ns, At safepoint: 6917 ns, Total: 478834 ns
[2023-07-25T07:20:58.572+0000][7][safepoint   ] Safepoint "Cleanup", Time since last: 1012293834 ns, Reaching safepoint: 177833 ns, At safepoint: 3292 ns, Total: 181125 ns
[2023-07-25T07:20:59.576+0000][7][safepoint   ] Safepoint "Cleanup", Time since last: 1003052000 ns, Reaching safepoint: 121625 ns, At safepoint: 3542 ns, Total: 125167 ns
[2023-07-25T07:21:00.578+0000][7][safepoint   ] Safepoint "Cleanup", Time since last: 1002050542 ns, Reaching safepoint: 88416 ns, At safepoint: 3417 ns, Total: 91833 ns
[2023-07-25T07:21:01.580+0000][7][safepoint   ] Safepoint "Cleanup", Time since last: 1001677251 ns, Reaching safepoint: 477541 ns, At safepoint: 6875 ns, Total: 484416 ns
[2023-07-25T07:21:02.602+0000][7][safepoint   ] Safepoint "Cleanup", Time since last: 1015744501 ns, Reaching safepoint: 5845166 ns, At safepoint: 19042 ns, Total: 5864208 ns
[2023-07-25T07:21:03.611+0000][7][safepoint   ] Safepoint "Cleanup", Time since last: 1008972751 ns, Reaching safepoint: 389000 ns, At safepoint: 11500 ns, Total: 400500 ns
[2023-07-25T07:21:04.617+0000][7][safepoint   ] Safepoint "Cleanup", Time since last: 1005398917 ns, Reaching safepoint: 392791 ns, At safepoint: 5209 ns, Total: 398000 ns
[2023-07-25T07:21:07.066+0000][7][safepoint   ] Safepoint "ICBufferFull", Time since last: 2449145293 ns, Reaching safepoint: 288125 ns, At safepoint: 22333 ns, Total: 310458 ns
[2023-07-25T07:21:07.121+0000][7][safepoint   ] Safepoint "ICBufferFull", Time since last: 54466000 ns, Reaching safepoint: 293375 ns, At safepoint: 13750 ns, Total: 307125 ns
[2023-07-25T07:21:07.171+0000][7][safepoint   ] Safepoint "ICBufferFull", Time since last: 48149917 ns, Reaching safepoint: 1440250 ns, At safepoint: 10083 ns, Total: 1450333 ns
[2023-07-25T07:21:07.269+0000][7][safepoint   ] Safepoint "ICBufferFull", Time since last: 98493625 ns, Reaching safepoint: 239333 ns, At safepoint: 57209 ns, Total: 296542 ns
[2023-07-25T07:21:07.274+0000][7][safepoint   ] Safepoint "ICBufferFull", Time since last: 4230416 ns, Reaching safepoint: 212667 ns, At safepoint: 15542 ns, Total: 228209 ns
[2023-07-25T07:21:07.287+0000][7][safepoint   ] Safepoint "ICBufferFull", Time since last: 13194208 ns, Reaching safepoint: 315000 ns, At safepoint: 25417 ns, Total: 340417 ns
[2023-07-25T07:21:07.289+0000][7][safepoint   ] Safepoint "ICBufferFull", Time since last: 1361416 ns, Reaching safepoint: 345875 ns, At safepoint: 33375 ns, Total: 379250 ns
[2023-07-25T07:21:07.430+0000][7][safepoint   ] Safepoint "ICBufferFull", Time since last: 140695042 ns, Reaching safepoint: 201250 ns, At safepoint: 3042 ns, Total: 204292 ns
[2023-07-25T07:21:07.485+0000][7][safepoint   ] Safepoint "ICBufferFull", Time since last: 54215166 ns, Reaching safepoint: 668417 ns, At safepoint: 39833 ns, Total: 708250 ns
[2023-07-25T07:21:07.653+0000][7][safepoint   ] Safepoint "ICBufferFull", Time since last: 168271709 ns, Reaching safepoint: 109500 ns, At safepoint: 172958 ns, Total: 282458 ns
[2023-07-25T07:21:08.654+0000][7][safepoint   ] Safepoint "Cleanup", Time since last: 1000779209 ns, Reaching safepoint: 176833 ns, At safepoint: 9375 ns, Total: 186208 ns
[2023-07-25T07:21:08.893+0000][7][safepoint   ] Safepoint "ICBufferFull", Time since last: 238189667 ns, Reaching safepoint: 293250 ns, At safepoint: 7000 ns, Total: 300250 ns
[2023-07-25T07:21:09.008+0000][7][gc,start    ] GC(16) Pause Young (Normal) (G1 Evacuation Pause)
[2023-07-25T07:21:09.009+0000][7][gc,task     ] GC(16) Using 2 workers of 2 for evacuation
[2023-07-25T07:21:09.010+0000][7][gc,age      ] GC(16) Desired survivor size 81788928 bytes, new threshold 15 (max threshold 15)
[2023-07-25T07:21:09.023+0000][7][gc,phases   ] GC(16)   Pre Evacuate Collection Set: 0.3ms
[2023-07-25T07:21:09.025+0000][7][gc,phases   ] GC(16)   Merge Heap Roots: 0.2ms
[2023-07-25T07:21:09.026+0000][7][gc,phases   ] GC(16)   Evacuate Collection Set: 10.2ms
[2023-07-25T07:21:09.027+0000][7][gc,phases   ] GC(16)   Post Evacuate Collection Set: 2.4ms
[2023-07-25T07:21:09.027+0000][7][gc,phases   ] GC(16)   Other: 1.5ms
[2023-07-25T07:21:09.028+0000][7][gc,age      ] GC(16) Age table with threshold 15 (max threshold 15)
[2023-07-25T07:21:09.029+0000][7][gc,age      ] GC(16) - age   1:   10256280 bytes,   10256280 total
[2023-07-25T07:21:09.029+0000][7][gc,age      ] GC(16) - age   2:    1687456 bytes,   11943736 total
[2023-07-25T07:21:09.030+0000][7][gc,heap     ] GC(16) Eden regions: 305->0(304)
[2023-07-25T07:21:09.031+0000][7][gc,heap     ] GC(16) Survivor regions: 2->3(39)
[2023-07-25T07:21:09.032+0000][7][gc,heap     ] GC(16) Old regions: 26->26
[2023-07-25T07:21:09.033+0000][7][gc,heap     ] GC(16) Archive regions: 2->2
[2023-07-25T07:21:09.034+0000][7][gc,heap     ] GC(16) Humongous regions: 2->2
[2023-07-25T07:21:09.035+0000][7][gc,metaspace] GC(16) Metaspace: 113835K(116736K)->113835K(116736K) NonClass: 98601K(100160K)->98601K(100160K) Class: 15234K(16576K)->15234K(16576K)
[2023-07-25T07:21:09.035+0000][7][gc          ] GC(16) Pause Young (Normal) (G1 Evacuation Pause) 1339M->125M(2048M) 27.636ms
[2023-07-25T07:21:09.036+0000][7][gc,cpu      ] GC(16) User=0.03s Sys=0.00s Real=0.03s
[2023-07-25T07:21:09.037+0000][7][safepoint   ] Safepoint "G1CollectForAllocation", Time since last: 113950750 ns, Reaching safepoint: 823542 ns, At safepoint: 29193083 ns, Total: 30016625 ns
[2023-07-25T07:21:09.616+0000][7][safepoint   ] Safepoint "ICBufferFull", Time since last: 578643792 ns, Reaching safepoint: 314750 ns, At safepoint: 5458 ns, Total: 320208 ns
[2023-07-25T07:21:10.619+0000][7][safepoint   ] Safepoint "Cleanup", Time since last: 1003299168 ns, Reaching safepoint: 230208 ns, At safepoint: 3458 ns, Total: 233666 ns
[2023-07-25T07:21:11.623+0000][7][safepoint   ] Safepoint "Cleanup", Time since last: 1002973251 ns, Reaching safepoint: 280125 ns, At safepoint: 12750 ns, Total: 292875 ns
[2023-07-25T07:21:12.628+0000][7][safepoint   ] Safepoint "Cleanup", Time since last: 1005186500 ns, Reaching safepoint: 338542 ns, At safepoint: 11708 ns, Total: 350250 ns
[2023-07-25T07:21:13.639+0000][7][safepoint   ] Safepoint "Cleanup", Time since last: 1010045501 ns, Reaching safepoint: 240250 ns, At safepoint: 6500 ns, Total: 246750 ns
[2023-07-25T07:21:14.648+0000][7][safepoint   ] Safepoint "Cleanup", Time since last: 1008251542 ns, Reaching safepoint: 1095167 ns, At safepoint: 34416 ns, Total: 1129583 ns
[2023-07-25T07:21:16.655+0000][7][safepoint   ] Safepoint "Cleanup", Time since last: 2006607043 ns, Reaching safepoint: 145416 ns, At safepoint: 4875 ns, Total: 150291 ns
[2023-07-25T07:21:19.663+0000][7][safepoint   ] Safepoint "Cleanup", Time since last: 3008217877 ns, Reaching safepoint: 158500 ns, At safepoint: 9167 ns, Total: 167667 ns
[2023-07-25T07:21:22.671+0000][7][safepoint   ] Safepoint "Cleanup", Time since last: 3007546084 ns, Reaching safepoint: 329250 ns, At safepoint: 6042 ns, Total: 335292 ns
[2023-07-25T07:21:23.675+0000][7][safepoint   ] Safepoint "Cleanup", Time since last: 1003164209 ns, Reaching safepoint: 495625 ns, At safepoint: 10708 ns, Total: 506333 ns
[2023-07-25T07:21:24.690+0000][7][safepoint   ] Safepoint "Cleanup", Time since last: 1015209959 ns, Reaching safepoint: 432875 ns, At safepoint: 11542 ns, Total: 444417 ns
[2023-07-25T07:21:25.695+0000][7][safepoint   ] Safepoint "Cleanup", Time since last: 1003656333 ns, Reaching safepoint: 620459 ns, At safepoint: 10041 ns, Total: 630500 ns
[2023-07-25T07:21:26.702+0000][7][safepoint   ] Safepoint "Cleanup", Time since last: 1006084626 ns, Reaching safepoint: 1596167 ns, At safepoint: 10875 ns, Total: 1607042 ns
[2023-07-25T07:21:27.707+0000][7][safepoint   ] Safepoint "Cleanup", Time since last: 1005016083 ns, Reaching safepoint: 270500 ns, At safepoint: 10416 ns, Total: 280916 ns
[2023-07-25T07:21:28.713+0000][7][safepoint   ] Safepoint "Cleanup", Time since last: 1005212709 ns, Reaching safepoint: 239625 ns, At safepoint: 10042 ns, Total: 249667 ns
[2023-07-25T07:21:29.717+0000][7][safepoint   ] Safepoint "Cleanup", Time since last: 1003969084 ns, Reaching safepoint: 142666 ns, At safepoint: 5792 ns, Total: 148458 ns
[2023-07-25T07:21:31.723+0000][7][safepoint   ] Safepoint "Cleanup", Time since last: 2005559668 ns, Reaching safepoint: 410750 ns, At safepoint: 11541 ns, Total: 422291 ns
[2023-07-25T07:21:33.738+0000][7][safepoint   ] Safepoint "Cleanup", Time since last: 2014849501 ns, Reaching safepoint: 441542 ns, At safepoint: 15125 ns, Total: 456667 ns
[2023-07-25T07:21:34.752+0000][7][safepoint   ] Safepoint "Cleanup", Time since last: 1013723209 ns, Reaching safepoint: 196083 ns, At safepoint: 3917 ns, Total: 200000 ns
[2023-07-25T07:21:37.760+0000][7][safepoint   ] Safepoint "Cleanup", Time since last: 3007226001 ns, Reaching safepoint: 527084 ns, At safepoint: 10666 ns, Total: 537750 ns
[2023-07-25T07:21:39.772+0000][7][safepoint   ] Safepoint "Cleanup", Time since last: 2012069126 ns, Reaching safepoint: 113709 ns, At safepoint: 10291 ns, Total: 124000 ns
[2023-07-25T07:21:40.777+0000][7][safepoint   ] Safepoint "Cleanup", Time since last: 1004535542 ns, Reaching safepoint: 290167 ns, At safepoint: 10083 ns, Total: 300250 ns
[2023-07-25T07:21:41.790+0000][7][safepoint   ] Safepoint "Cleanup", Time since last: 1012590042 ns, Reaching safepoint: 450125 ns, At safepoint: 7250 ns, Total: 457375 ns
[2023-07-25T07:21:42.798+0000][7][safepoint   ] Safepoint "Cleanup", Time since last: 1008106709 ns, Reaching safepoint: 354709 ns, At safepoint: 8291 ns, Total: 363000 ns
[2023-07-25T07:21:43.811+0000][7][safepoint   ] Safepoint "Cleanup", Time since last: 1011576792 ns, Reaching safepoint: 577667 ns, At safepoint: 23333 ns, Total: 601000 ns
[2023-07-25T07:21:46.821+0000][7][safepoint   ] Safepoint "Cleanup", Time since last: 3009945835 ns, Reaching safepoint: 534000 ns, At safepoint: 6125 ns, Total: 540125 ns
[2023-07-25T07:21:47.830+0000][7][safepoint   ] Safepoint "Cleanup", Time since last: 1008691709 ns, Reaching safepoint: 649792 ns, At safepoint: 11125 ns, Total: 660917 ns
[2023-07-25T07:21:52.845+0000][7][safepoint   ] Safepoint "Cleanup", Time since last: 5014525502 ns, Reaching safepoint: 96625 ns, At safepoint: 2833 ns, Total: 99458 ns
[2023-07-25T07:21:54.847+0000][7][safepoint   ] Safepoint "Cleanup", Time since last: 2001799960 ns, Reaching safepoint: 185458 ns, At safepoint: 4458 ns, Total: 189916 ns
[2023-07-25T07:21:55.849+0000][7][safepoint   ] Safepoint "Cleanup", Time since last: 1002166334 ns, Reaching safepoint: 259500 ns, At safepoint: 9459 ns, Total: 268959 ns
[2023-07-25T07:21:57.861+0000][7][safepoint   ] Safepoint "Cleanup", Time since last: 2009884625 ns, Reaching safepoint: 372416 ns, At safepoint: 11334 ns, Total: 383750 ns
[2023-07-25T07:21:58.884+0000][7][safepoint   ] Safepoint "Cleanup", Time since last: 1022644542 ns, Reaching safepoint: 556583 ns, At safepoint: 23333 ns, Total: 579916 ns
[2023-07-25T07:21:59.890+0000][7][safepoint   ] Safepoint "Cleanup", Time since last: 1005739334 ns, Reaching safepoint: 97667 ns, At safepoint: 3583 ns, Total: 101250 ns
[2023-07-25T07:22:01.898+0000][7][safepoint   ] Safepoint "Cleanup", Time since last: 2007442543 ns, Reaching safepoint: 905458 ns, At safepoint: 6708 ns, Total: 912166 ns
[2023-07-25T07:22:02.909+0000][7][safepoint   ] Safepoint "Cleanup", Time since last: 1010811626 ns, Reaching safepoint: 297417 ns, At safepoint: 6583 ns, Total: 304000 ns
[2023-07-25T07:22:04.919+0000][7][safepoint   ] Safepoint "Cleanup", Time since last: 2009004001 ns, Reaching safepoint: 184875 ns, At safepoint: 5083 ns, Total: 189958 ns
[2023-07-25T07:22:05.921+0000][7][safepoint   ] Safepoint "Cleanup", Time since last: 1002496292 ns, Reaching safepoint: 148709 ns, At safepoint: 3500 ns, Total: 152209 ns
[2023-07-25T07:22:07.929+0000][7][safepoint   ] Safepoint "Cleanup", Time since last: 2007092292 ns, Reaching safepoint: 703250 ns, At safepoint: 8334 ns, Total: 711584 ns
[2023-07-25T07:22:09.944+0000][7][safepoint   ] Safepoint "Cleanup", Time since last: 2015108751 ns, Reaching safepoint: 265583 ns, At safepoint: 6917 ns, Total: 272500 ns
[2023-07-25T07:22:10.948+0000][7][safepoint   ] Safepoint "Cleanup", Time since last: 1002618125 ns, Reaching safepoint: 606958 ns, At safepoint: 11875 ns, Total: 618833 ns
[2023-07-25T07:22:13.970+0000][7][safepoint   ] Safepoint "Cleanup", Time since last: 3021483169 ns, Reaching safepoint: 658208 ns, At safepoint: 5292 ns, Total: 663500 ns
[2023-07-25T07:22:16.983+0000][7][safepoint   ] Safepoint "Cleanup", Time since last: 3013393584 ns, Reaching safepoint: 176792 ns, At safepoint: 2792 ns, Total: 179584 ns
[2023-07-25T07:22:17.986+0000][7][safepoint   ] Safepoint "Cleanup", Time since last: 1001626250 ns, Reaching safepoint: 435458 ns, At safepoint: 13834 ns, Total: 449292 ns
[2023-07-25T07:22:19.996+0000][7][safepoint   ] Safepoint "Cleanup", Time since last: 2010033376 ns, Reaching safepoint: 275875 ns, At safepoint: 8916 ns, Total: 284791 ns
[2023-07-25T07:22:23.023+0000][7][safepoint   ] Safepoint "Cleanup", Time since last: 3023723627 ns, Reaching safepoint: 2736042 ns, At safepoint: 449750 ns, Total: 3185792 ns
[2023-07-25T07:22:28.038+0000][7][safepoint   ] Safepoint "Cleanup", Time since last: 5012345377 ns, Reaching safepoint: 2594791 ns, At safepoint: 22917 ns, Total: 2617708 ns
[2023-07-25T07:22:29.048+0000][7][safepoint   ] Safepoint "Cleanup", Time since last: 1009127000 ns, Reaching safepoint: 736875 ns, At safepoint: 14000 ns, Total: 750875 ns
[2023-07-25T07:22:30.062+0000][7][safepoint   ] Safepoint "Cleanup", Time since last: 1013463709 ns, Reaching safepoint: 651209 ns, At safepoint: 15291 ns, Total: 666500 ns
[2023-07-25T07:22:32.072+0000][7][safepoint   ] Safepoint "Cleanup", Time since last: 2009727043 ns, Reaching safepoint: 431792 ns, At safepoint: 194000 ns, Total: 625792 ns
[2023-07-25T07:22:35.098+0000][7][safepoint   ] Safepoint "Cleanup", Time since last: 3025793126 ns, Reaching safepoint: 87042 ns, At safepoint: 2916 ns, Total: 89958 ns
[2023-07-25T07:22:38.105+0000][7][safepoint   ] Safepoint "Cleanup", Time since last: 3006652877 ns, Reaching safepoint: 370125 ns, At safepoint: 12125 ns, Total: 382250 ns
[2023-07-25T07:22:41.112+0000][7][safepoint   ] Safepoint "Cleanup", Time since last: 3007243126 ns, Reaching safepoint: 92250 ns, At safepoint: 3458 ns, Total: 95708 ns
[2023-07-25T07:22:47.120+0000][7][safepoint   ] Safepoint "Cleanup", Time since last: 6007368170 ns, Reaching safepoint: 315083 ns, At safepoint: 14459 ns, Total: 329542 ns
[2023-07-25T07:22:48.125+0000][7][safepoint   ] Safepoint "Cleanup", Time since last: 1004522667 ns, Reaching safepoint: 553208 ns, At safepoint: 18250 ns, Total: 571458 ns
[2023-07-25T07:22:50.134+0000][7][safepoint   ] Safepoint "Cleanup", Time since last: 2007867543 ns, Reaching safepoint: 610875 ns, At safepoint: 14958 ns, Total: 625833 ns
[2023-07-25T07:22:52.168+0000][7][safepoint   ] Safepoint "Cleanup", Time since last: 2034274293 ns, Reaching safepoint: 40375 ns, At safepoint: 4083 ns, Total: 44458 ns
[2023-07-25T07:22:53.172+0000][7][safepoint   ] Safepoint "Cleanup", Time since last: 1002852917 ns, Reaching safepoint: 806792 ns, At safepoint: 11958 ns, Total: 818750 ns
[2023-07-25T07:22:58.187+0000][7][safepoint   ] Safepoint "Cleanup", Time since last: 5016690127 ns, Reaching safepoint: 134000 ns, At safepoint: 2750 ns, Total: 136750 ns
[2023-07-25T07:22:59.192+0000][7][safepoint   ] Safepoint "Cleanup", Time since last: 1004714250 ns, Reaching safepoint: 130292 ns, At safepoint: 4291 ns, Total: 134583 ns
[2023-07-25T07:23:02.200+0000][7][safepoint   ] Safepoint "Cleanup", Time since last: 3007571294 ns, Reaching safepoint: 348500 ns, At safepoint: 95625 ns, Total: 444125 ns
[2023-07-25T07:23:04.206+0000][7][safepoint   ] Safepoint "Cleanup", Time since last: 2005807001 ns, Reaching safepoint: 249041 ns, At safepoint: 3625 ns, Total: 252666 ns
[2023-07-25T07:23:05.210+0000][7][safepoint   ] Safepoint "Cleanup", Time since last: 1003274542 ns, Reaching safepoint: 397459 ns, At safepoint: 11166 ns, Total: 408625 ns
[2023-07-25T07:23:06.217+0000][7][safepoint   ] Safepoint "Cleanup", Time since last: 1007024876 ns, Reaching safepoint: 461833 ns, At safepoint: 9625 ns, Total: 471458 ns
[2023-07-25T07:23:07.227+0000][7][safepoint   ] Safepoint "Cleanup", Time since last: 1009503584 ns, Reaching safepoint: 780542 ns, At safepoint: 6916 ns, Total: 787458 ns
[2023-07-25T07:23:10.235+0000][7][safepoint   ] Safepoint "Cleanup", Time since last: 3007795752 ns, Reaching safepoint: 33041 ns, At safepoint: 1542 ns, Total: 34583 ns
[2023-07-25T07:23:11.240+0000][7][safepoint   ] Safepoint "Cleanup", Time since last: 1004425459 ns, Reaching safepoint: 470125 ns, At safepoint: 10750 ns, Total: 480875 ns
[2023-07-25T07:23:15.256+0000][7][safepoint   ] Safepoint "Cleanup", Time since last: 4015091002 ns, Reaching safepoint: 377250 ns, At safepoint: 6416 ns, Total: 383666 ns
[2023-07-25T07:23:16.260+0000][7][safepoint   ] Safepoint "Cleanup", Time since last: 1003809251 ns, Reaching safepoint: 123542 ns, At safepoint: 3875 ns, Total: 127417 ns
[2023-07-25T07:23:17.261+0000][7][safepoint   ] Safepoint "Cleanup", Time since last: 1001150458 ns, Reaching safepoint: 97542 ns, At safepoint: 3083 ns, Total: 100625 ns
[2023-07-25T07:23:19.265+0000][7][safepoint   ] Safepoint "Cleanup", Time since last: 2003733710 ns, Reaching safepoint: 104000 ns, At safepoint: 3083 ns, Total: 107083 ns
[2023-07-25T07:23:22.270+0000][7][safepoint   ] Safepoint "Cleanup", Time since last: 3005701876 ns, Reaching safepoint: 143834 ns, At safepoint: 3250 ns, Total: 147084 ns
[2023-07-25T07:23:23.272+0000][7][safepoint   ] Safepoint "Cleanup", Time since last: 1001550292 ns, Reaching safepoint: 332000 ns, At safepoint: 10333 ns, Total: 342333 ns
[2023-07-25T07:23:24.297+0000][7][safepoint   ] Safepoint "Cleanup", Time since last: 1024599751 ns, Reaching safepoint: 243250 ns, At safepoint: 9250 ns, Total: 252500 ns
[2023-07-25T07:23:25.305+0000][7][safepoint   ] Safepoint "Cleanup", Time since last: 1007542417 ns, Reaching safepoint: 487000 ns, At safepoint: 16750 ns, Total: 503750 ns
[2023-07-25T07:23:28.320+0000][7][safepoint   ] Safepoint "Cleanup", Time since last: 3014476709 ns, Reaching safepoint: 333333 ns, At safepoint: 3292 ns, Total: 336625 ns
[2023-07-25T07:23:29.327+0000][7][safepoint   ] Safepoint "Cleanup", Time since last: 1006441042 ns, Reaching safepoint: 280459 ns, At safepoint: 9166 ns, Total: 289625 ns
[2023-07-25T07:23:31.336+0000][7][safepoint   ] Safepoint "Cleanup", Time since last: 2009293126 ns, Reaching safepoint: 134583 ns, At safepoint: 9917 ns, Total: 144500 ns
[2023-07-25T07:23:32.341+0000][7][safepoint   ] Safepoint "Cleanup", Time since last: 1004241459 ns, Reaching safepoint: 104250 ns, At safepoint: 3958 ns, Total: 108208 ns
[2023-07-25T07:23:34.349+0000][7][safepoint   ] Safepoint "Cleanup", Time since last: 2008448543 ns, Reaching safepoint: 187750 ns, At safepoint: 8583 ns, Total: 196333 ns
[2023-07-25T07:23:35.352+0000][7][safepoint   ] Safepoint "Cleanup", Time since last: 1002189834 ns, Reaching safepoint: 553458 ns, At safepoint: 12834 ns, Total: 566292 ns
[2023-07-25T07:23:36.359+0000][7][safepoint   ] Safepoint "Cleanup", Time since last: 1006136834 ns, Reaching safepoint: 466125 ns, At safepoint: 14750 ns, Total: 480875 ns
[2023-07-25T07:23:37.367+0000][7][safepoint   ] Safepoint "Cleanup", Time since last: 1007414458 ns, Reaching safepoint: 404334 ns, At safepoint: 10583 ns, Total: 414917 ns
[2023-07-25T07:23:41.381+0000][7][safepoint   ] Safepoint "Cleanup", Time since last: 4013581002 ns, Reaching safepoint: 372542 ns, At safepoint: 10958 ns, Total: 383500 ns
[2023-07-25T07:23:43.397+0000][7][safepoint   ] Safepoint "Cleanup", Time since last: 2016542084 ns, Reaching safepoint: 297375 ns, At safepoint: 10167 ns, Total: 307542 ns
[2023-07-25T07:23:46.410+0000][7][safepoint   ] Safepoint "Cleanup", Time since last: 3011998293 ns, Reaching safepoint: 92625 ns, At safepoint: 3042 ns, Total: 95667 ns
[2023-07-25T07:23:47.417+0000][7][safepoint   ] Safepoint "Cleanup", Time since last: 1003282792 ns, Reaching safepoint: 3797666 ns, At safepoint: 19917 ns, Total: 3817583 ns
[2023-07-25T07:23:52.436+0000][7][safepoint   ] Safepoint "Cleanup", Time since last: 5019098086 ns, Reaching safepoint: 557792 ns, At safepoint: 9333 ns, Total: 567125 ns
[2023-07-25T07:23:53.438+0000][7][safepoint   ] Safepoint "Cleanup", Time since last: 1001190459 ns, Reaching safepoint: 266333 ns, At safepoint: 2792 ns, Total: 269125 ns
[2023-07-25T07:23:55.440+0000][7][safepoint   ] Safepoint "Cleanup", Time since last: 2001919834 ns, Reaching safepoint: 460833 ns, At safepoint: 15125 ns, Total: 475958 ns
[2023-07-25T07:23:58.457+0000][7][safepoint   ] Safepoint "Cleanup", Time since last: 3015393376 ns, Reaching safepoint: 101541 ns, At safepoint: 3042 ns, Total: 104583 ns
[2023-07-25T07:23:59.462+0000][7][safepoint   ] Safepoint "Cleanup", Time since last: 1003287292 ns, Reaching safepoint: 1817250 ns, At safepoint: 12042 ns, Total: 1829292 ns
[2023-07-25T07:24:02.485+0000][7][safepoint   ] Safepoint "Cleanup", Time since last: 3022641751 ns, Reaching safepoint: 453459 ns, At safepoint: 16125 ns, Total: 469584 ns
[2023-07-25T07:24:03.491+0000][7][safepoint   ] Safepoint "Cleanup", Time since last: 1005781667 ns, Reaching safepoint: 316208 ns, At safepoint: 14042 ns, Total: 330250 ns
[2023-07-25T07:24:04.518+0000][7][safepoint   ] Safepoint "Cleanup", Time since last: 1026895375 ns, Reaching safepoint: 115917 ns, At safepoint: 2542 ns, Total: 118459 ns
[2023-07-25T07:24:05.521+0000][7][safepoint   ] Safepoint "Cleanup", Time since last: 1002755417 ns, Reaching safepoint: 324500 ns, At safepoint: 9250 ns, Total: 333750 ns
[2023-07-25T07:24:07.530+0000][7][safepoint   ] Safepoint "Cleanup", Time since last: 2008444501 ns, Reaching safepoint: 405416 ns, At safepoint: 10584 ns, Total: 416000 ns
[2023-07-25T07:24:09.553+0000][7][safepoint   ] Safepoint "Cleanup", Time since last: 2022999334 ns, Reaching safepoint: 415667 ns, At safepoint: 10250 ns, Total: 425917 ns
[2023-07-25T07:24:10.561+0000][7][safepoint   ] Safepoint "Cleanup", Time since last: 1007443625 ns, Reaching safepoint: 130167 ns, At safepoint: 4292 ns, Total: 134459 ns
[2023-07-25T07:24:11.564+0000][7][safepoint   ] Safepoint "Cleanup", Time since last: 1003003792 ns, Reaching safepoint: 187791 ns, At safepoint: 3542 ns, Total: 191333 ns
[2023-07-25T07:24:13.570+0000][7][safepoint   ] Safepoint "Cleanup", Time since last: 2005391959 ns, Reaching safepoint: 688500 ns, At safepoint: 15125 ns, Total: 703625 ns
[2023-07-25T07:24:16.595+0000][7][safepoint   ] Safepoint "Cleanup", Time since last: 3023988210 ns, Reaching safepoint: 541708 ns, At safepoint: 10459 ns, Total: 552167 ns
[2023-07-25T07:24:17.596+0000][7][safepoint   ] Safepoint "Cleanup", Time since last: 1001080917 ns, Reaching safepoint: 164958 ns, At safepoint: 6875 ns, Total: 171833 ns
[2023-07-25T07:24:18.602+0000][7][safepoint   ] Safepoint "Cleanup", Time since last: 1004624084 ns, Reaching safepoint: 1615625 ns, At safepoint: 14542 ns, Total: 1630167 ns
[2023-07-25T07:24:19.615+0000][7][safepoint   ] Safepoint "Cleanup", Time since last: 1012014667 ns, Reaching safepoint: 336708 ns, At safepoint: 8959 ns, Total: 345667 ns
[2023-07-25T07:24:22.628+0000][7][safepoint   ] Safepoint "Cleanup", Time since last: 3013301793 ns, Reaching safepoint: 99041 ns, At safepoint: 5834 ns, Total: 104875 ns
[2023-07-25T07:24:28.647+0000][7][safepoint   ] Safepoint "Cleanup", Time since last: 6015418294 ns, Reaching safepoint: 99583 ns, At safepoint: 3333 ns, Total: 102916 ns
[2023-07-25T07:24:31.656+0000][7][safepoint   ] Safepoint "Cleanup", Time since last: 3008241460 ns, Reaching safepoint: 744208 ns, At safepoint: 12667 ns, Total: 756875 ns
[2023-07-25T07:24:34.677+0000][7][safepoint   ] Safepoint "Cleanup", Time since last: 3020755126 ns, Reaching safepoint: 141417 ns, At safepoint: 3583 ns, Total: 145000 ns
[2023-07-25T07:24:35.678+0000][7][safepoint   ] Safepoint "Cleanup", Time since last: 1001504918 ns, Reaching safepoint: 147041 ns, At safepoint: 2875 ns, Total: 149916 ns
[2023-07-25T07:24:36.682+0000][7][safepoint   ] Safepoint "Cleanup", Time since last: 1002644917 ns, Reaching safepoint: 605750 ns, At safepoint: 9584 ns, Total: 615334 ns
[2023-07-25T07:24:37.705+0000][7][safepoint   ] Safepoint "Cleanup", Time since last: 1022538042 ns, Reaching safepoint: 491792 ns, At safepoint: 11083 ns, Total: 502875 ns
[2023-07-25T07:24:40.721+0000][7][safepoint   ] Safepoint "Cleanup", Time since last: 3015870376 ns, Reaching safepoint: 308042 ns, At safepoint: 11333 ns, Total: 319375 ns
[2023-07-25T07:24:41.722+0000][7][safepoint   ] Safepoint "Cleanup", Time since last: 1001485167 ns, Reaching safepoint: 156792 ns, At safepoint: 5125 ns, Total: 161917 ns
[2023-07-25T07:24:42.724+0000][7][safepoint   ] Safepoint "Cleanup", Time since last: 1001639084 ns, Reaching safepoint: 144917 ns, At safepoint: 5083 ns, Total: 150000 ns
[2023-07-25T07:24:43.729+0000][7][safepoint   ] Safepoint "Cleanup", Time since last: 1004043334 ns, Reaching safepoint: 321916 ns, At safepoint: 8084 ns, Total: 330000 ns
[2023-07-25T07:24:46.734+0000][7][safepoint   ] Safepoint "Cleanup", Time since last: 3005295584 ns, Reaching safepoint: 344875 ns, At safepoint: 13709 ns, Total: 358584 ns
[2023-07-25T07:24:48.738+0000][7][safepoint   ] Safepoint "Cleanup", Time since last: 2003866001 ns, Reaching safepoint: 238208 ns, At safepoint: 19083 ns, Total: 257291 ns
[2023-07-25T07:24:52.747+0000][7][safepoint   ] Safepoint "Cleanup", Time since last: 4008307127 ns, Reaching safepoint: 627084 ns, At safepoint: 13125 ns, Total: 640209 ns
[2023-07-25T07:24:53.761+0000][7][safepoint   ] Safepoint "Cleanup", Time since last: 1012708125 ns, Reaching safepoint: 471125 ns, At safepoint: 81375 ns, Total: 552500 ns
[2023-07-25T07:24:54.769+0000][7][safepoint   ] Safepoint "Cleanup", Time since last: 1008478626 ns, Reaching safepoint: 164166 ns, At safepoint: 4959 ns, Total: 169125 ns
[2023-07-25T07:24:58.778+0000][7][safepoint   ] Safepoint "Cleanup", Time since last: 4012599792 ns, Reaching safepoint: 180875 ns, At safepoint: 4917 ns, Total: 185792 ns
[2023-07-25T07:24:59.782+0000][7][safepoint   ] Safepoint "Cleanup", Time since last: 1003700209 ns, Reaching safepoint: 163666 ns, At safepoint: 6209 ns, Total: 169875 ns
[2023-07-25T07:25:01.786+0000][7][safepoint   ] Safepoint "Cleanup", Time since last: 2003723959 ns, Reaching safepoint: 166667 ns, At safepoint: 3041 ns, Total: 169708 ns
[2023-07-25T07:25:04.791+0000][7][safepoint   ] Safepoint "Cleanup", Time since last: 3004537543 ns, Reaching safepoint: 268250 ns, At safepoint: 6000 ns, Total: 274250 ns
[2023-07-25T07:25:05.798+0000][7][safepoint   ] Safepoint "Cleanup", Time since last: 1006824209 ns, Reaching safepoint: 712625 ns, At safepoint: 27042 ns, Total: 739667 ns
[2023-07-25T07:25:06.803+0000][7][safepoint   ] Safepoint "Cleanup", Time since last: 1004803667 ns, Reaching safepoint: 196250 ns, At safepoint: 5333 ns, Total: 201583 ns
[2023-07-25T07:25:07.809+0000][7][safepoint   ] Safepoint "Cleanup", Time since last: 1005257584 ns, Reaching safepoint: 585375 ns, At safepoint: 11125 ns, Total: 596500 ns
[2023-07-25T07:25:09.828+0000][7][safepoint   ] Safepoint "Cleanup", Time since last: 2018840543 ns, Reaching safepoint: 125208 ns, At safepoint: 6042 ns, Total: 131250 ns
[2023-07-25T07:25:10.832+0000][7][safepoint   ] Safepoint "Cleanup", Time since last: 1003429125 ns, Reaching safepoint: 504792 ns, At safepoint: 9167 ns, Total: 513959 ns
[2023-07-25T07:25:12.843+0000][7][safepoint   ] Safepoint "Cleanup", Time since last: 2010332876 ns, Reaching safepoint: 182000 ns, At safepoint: 6458 ns, Total: 188458 ns
[2023-07-25T07:25:14.845+0000][7][safepoint   ] Safepoint "Cleanup", Time since last: 2002480209 ns, Reaching safepoint: 211167 ns, At safepoint: 21250 ns, Total: 232417 ns
[2023-07-25T07:25:22.857+0000][7][safepoint   ] Safepoint "Cleanup", Time since last: 8011973920 ns, Reaching safepoint: 96625 ns, At safepoint: 4084 ns, Total: 100709 ns
[2023-07-25T07:25:25.864+0000][7][safepoint   ] Safepoint "Cleanup", Time since last: 3006285001 ns, Reaching safepoint: 395625 ns, At safepoint: 9833 ns, Total: 405458 ns
[2023-07-25T07:25:27.876+0000][7][safepoint   ] Safepoint "Cleanup", Time since last: 2011272459 ns, Reaching safepoint: 321292 ns, At safepoint: 6083 ns, Total: 327375 ns
[2023-07-25T07:25:28.882+0000][7][safepoint   ] Safepoint "Cleanup", Time since last: 1005187168 ns, Reaching safepoint: 704291 ns, At safepoint: 10542 ns, Total: 714833 ns
[2023-07-25T07:25:29.897+0000][7][safepoint   ] Safepoint "Cleanup", Time since last: 1015031875 ns, Reaching safepoint: 278917 ns, At safepoint: 6542 ns, Total: 285459 ns
[2023-07-25T07:25:31.902+0000][7][safepoint   ] Safepoint "Cleanup", Time since last: 2005228709 ns, Reaching safepoint: 244500 ns, At safepoint: 9875 ns, Total: 254375 ns
[2023-07-25T07:25:34.915+0000][7][safepoint   ] Safepoint "Cleanup", Time since last: 3011832835 ns, Reaching safepoint: 294041 ns, At safepoint: 9625 ns, Total: 303666 ns
[2023-07-25T07:25:35.917+0000][7][safepoint   ] Safepoint "Cleanup", Time since last: 1002730126 ns, Reaching safepoint: 173167 ns, At safepoint: 12500 ns, Total: 185667 ns
[2023-07-25T07:25:37.924+0000][7][safepoint   ] Safepoint "Cleanup", Time since last: 2006112209 ns, Reaching safepoint: 287000 ns, At safepoint: 7917 ns, Total: 294917 ns
[2023-07-25T07:25:38.928+0000][7][safepoint   ] Safepoint "Cleanup", Time since last: 1004081000 ns, Reaching safepoint: 426083 ns, At safepoint: 59667 ns, Total: 485750 ns
[2023-07-25T07:25:40.948+0000][7][safepoint   ] Safepoint "Cleanup", Time since last: 2019428876 ns, Reaching safepoint: 572250 ns, At safepoint: 9292 ns, Total: 581542 ns
[2023-07-25T07:25:41.968+0000][7][safepoint   ] Safepoint "Cleanup", Time since last: 1018881584 ns, Reaching safepoint: 422791 ns, At safepoint: 13459 ns, Total: 436250 ns
[2023-07-25T07:25:43.984+0000][7][safepoint   ] Safepoint "Cleanup", Time since last: 2015573667 ns, Reaching safepoint: 496583 ns, At safepoint: 14209 ns, Total: 510792 ns
[2023-07-25T07:25:47.013+0000][7][safepoint   ] Safepoint "Cleanup", Time since last: 3028639876 ns, Reaching safepoint: 463250 ns, At safepoint: 8042 ns, Total: 471292 ns
[2023-07-25T07:25:48.018+0000][7][safepoint   ] Safepoint "Cleanup", Time since last: 1004731542 ns, Reaching safepoint: 264500 ns, At safepoint: 8667 ns, Total: 273167 ns
[2023-07-25T07:25:49.033+0000][7][safepoint   ] Safepoint "Cleanup", Time since last: 1013658334 ns, Reaching safepoint: 1059958 ns, At safepoint: 11917 ns, Total: 1071875 ns
[2023-07-25T07:25:50.059+0000][7][safepoint   ] Safepoint "Cleanup", Time since last: 1026036500 ns, Reaching safepoint: 303500 ns, At safepoint: 11333 ns, Total: 314833 ns
[2023-07-25T07:25:52.986+0000][7][safepoint   ] Safepoint "Cleanup", Time since last: 2926295002 ns, Reaching safepoint: 247708 ns, At safepoint: 21583 ns, Total: 269291 ns
[2023-07-25T07:25:53.991+0000][7][safepoint   ] Safepoint "Cleanup", Time since last: 1004226959 ns, Reaching safepoint: 1205209 ns, At safepoint: 15458 ns, Total: 1220667 ns
[2023-07-25T07:25:55.000+0000][7][safepoint   ] Safepoint "Cleanup", Time since last: 1008114792 ns, Reaching safepoint: 1013500 ns, At safepoint: 12125 ns, Total: 1025625 ns
[2023-07-25T07:25:59.031+0000][7][safepoint   ] Safepoint "Cleanup", Time since last: 4036718043 ns, Reaching safepoint: 322792 ns, At safepoint: 11541 ns, Total: 334333 ns
[2023-07-25T07:26:00.053+0000][7][safepoint   ] Safepoint "Cleanup", Time since last: 1021415667 ns, Reaching safepoint: 177709 ns, At safepoint: 5208 ns, Total: 182917 ns
[2023-07-25T07:26:01.061+0000][7][safepoint   ] Safepoint "Cleanup", Time since last: 1006831126 ns, Reaching safepoint: 582250 ns, At safepoint: 43541 ns, Total: 625791 ns
[2023-07-25T07:26:01.442+0000][7][safepoint   ] Safepoint "ICBufferFull", Time since last: 380815584 ns, Reaching safepoint: 243375 ns, At safepoint: 16041 ns, Total: 259416 ns
[2023-07-25T07:26:02.448+0000][7][safepoint   ] Safepoint "Cleanup", Time since last: 1005705043 ns, Reaching safepoint: 404166 ns, At safepoint: 10959 ns, Total: 415125 ns
[2023-07-25T07:26:04.460+0000][7][safepoint   ] Safepoint "Cleanup", Time since last: 2012463167 ns, Reaching safepoint: 84084 ns, At safepoint: 3291 ns, Total: 87375 ns
[2023-07-25T07:26:07.478+0000][7][safepoint   ] Safepoint "Cleanup", Time since last: 3015474710 ns, Reaching safepoint: 2227917 ns, At safepoint: 15083 ns, Total: 2243000 ns
[2023-07-25T07:26:10.490+0000][7][safepoint   ] Safepoint "Cleanup", Time since last: 3011634585 ns, Reaching safepoint: 102458 ns, At safepoint: 2625 ns, Total: 105083 ns
[2023-07-25T07:26:14.509+0000][7][safepoint   ] Safepoint "Cleanup", Time since last: 4018230044 ns, Reaching safepoint: 844916 ns, At safepoint: 11542 ns, Total: 856458 ns
[2023-07-25T07:26:16.260+0000][7][safepoint   ] Safepoint "Cleanup", Time since last: 1751453793 ns, Reaching safepoint: 109708 ns, At safepoint: 8750 ns, Total: 118458 ns
[2023-07-25T07:26:17.267+0000][7][safepoint   ] Safepoint "Cleanup", Time since last: 1006271667 ns, Reaching safepoint: 123250 ns, At safepoint: 3000 ns, Total: 126250 ns
[2023-07-25T07:26:19.275+0000][7][safepoint   ] Safepoint "Cleanup", Time since last: 2007217459 ns, Reaching safepoint: 595959 ns, At safepoint: 51916 ns, Total: 647875 ns
[2023-07-25T07:26:22.286+0000][7][safepoint   ] Safepoint "Cleanup", Time since last: 3011136127 ns, Reaching safepoint: 158458 ns, At safepoint: 3792 ns, Total: 162250 ns
[2023-07-25T07:26:23.287+0000][7][safepoint   ] Safepoint "Cleanup", Time since last: 1000913625 ns, Reaching safepoint: 250584 ns, At safepoint: 5333 ns, Total: 255917 ns
[2023-07-25T07:26:29.302+0000][7][safepoint   ] Safepoint "Cleanup", Time since last: 6007607668 ns, Reaching safepoint: 1216042 ns, At safepoint: 11750 ns, Total: 1227792 ns
[2023-07-25T07:26:30.311+0000][7][safepoint   ] Safepoint "Cleanup", Time since last: 1009326667 ns, Reaching safepoint: 332375 ns, At safepoint: 17875 ns, Total: 350250 ns
[2023-07-25T07:26:32.338+0000][7][safepoint   ] Safepoint "Cleanup", Time since last: 2026399710 ns, Reaching safepoint: 383041 ns, At safepoint: 8875 ns, Total: 391916 ns
[2023-07-25T07:26:34.358+0000][7][safepoint   ] Safepoint "Cleanup", Time since last: 2019458751 ns, Reaching safepoint: 41375 ns, At safepoint: 1709 ns, Total: 43084 ns
[2023-07-25T07:26:35.363+0000][7][safepoint   ] Safepoint "Cleanup", Time since last: 1004788875 ns, Reaching safepoint: 197292 ns, At safepoint: 7041 ns, Total: 204333 ns
[2023-07-25T07:26:40.372+0000][7][safepoint   ] Safepoint "Cleanup", Time since last: 5008830503 ns, Reaching safepoint: 45166 ns, At safepoint: 2042 ns, Total: 47208 ns
[2023-07-25T07:26:41.373+0000][7][safepoint   ] Safepoint "Cleanup", Time since last: 1001397209 ns, Reaching safepoint: 199417 ns, At safepoint: 3291 ns, Total: 202708 ns
[2023-07-25T07:26:46.330+0000][7][safepoint   ] Safepoint "Cleanup", Time since last: 4957096878 ns, Reaching safepoint: 47541 ns, At safepoint: 2709 ns, Total: 50250 ns
[2023-07-25T07:26:47.332+0000][7][safepoint   ] Safepoint "Cleanup", Time since last: 1000879667 ns, Reaching safepoint: 599333 ns, At safepoint: 15708 ns, Total: 615041 ns
[2023-07-25T07:26:47.628+0000][7][gc,start    ] GC(17) Pause Young (Normal) (G1 Evacuation Pause)
[2023-07-25T07:26:47.629+0000][7][gc,task     ] GC(17) Using 2 workers of 2 for evacuation
[2023-07-25T07:26:47.629+0000][7][gc,age      ] GC(17) Desired survivor size 81788928 bytes, new threshold 15 (max threshold 15)
[2023-07-25T07:26:47.641+0000][7][gc,phases   ] GC(17)   Pre Evacuate Collection Set: 0.2ms
[2023-07-25T07:26:47.643+0000][7][gc,phases   ] GC(17)   Merge Heap Roots: 0.1ms
[2023-07-25T07:26:47.644+0000][7][gc,phases   ] GC(17)   Evacuate Collection Set: 9.7ms
[2023-07-25T07:26:47.644+0000][7][gc,phases   ] GC(17)   Post Evacuate Collection Set: 1.4ms
[2023-07-25T07:26:47.645+0000][7][gc,phases   ] GC(17)   Other: 1.2ms
[2023-07-25T07:26:47.646+0000][7][gc,age      ] GC(17) Age table with threshold 15 (max threshold 15)
[2023-07-25T07:26:47.647+0000][7][gc,age      ] GC(17) - age   1:    2519384 bytes,    2519384 total
[2023-07-25T07:26:47.648+0000][7][gc,age      ] GC(17) - age   2:    9278192 bytes,   11797576 total
[2023-07-25T07:26:47.648+0000][7][gc,age      ] GC(17) - age   3:    1654440 bytes,   13452016 total
[2023-07-25T07:26:47.649+0000][7][gc,heap     ] GC(17) Eden regions: 304->0(303)
[2023-07-25T07:26:47.649+0000][7][gc,heap     ] GC(17) Survivor regions: 3->4(39)
[2023-07-25T07:26:47.650+0000][7][gc,heap     ] GC(17) Old regions: 26->26
[2023-07-25T07:26:47.651+0000][7][gc,heap     ] GC(17) Archive regions: 2->2
[2023-07-25T07:26:47.651+0000][7][gc,heap     ] GC(17) Humongous regions: 2->2
[2023-07-25T07:26:47.652+0000][7][gc,metaspace] GC(17) Metaspace: 115679K(118592K)->115679K(118592K) NonClass: 100402K(101952K)->100402K(101952K) Class: 15276K(16640K)->15276K(16640K)
[2023-07-25T07:26:47.652+0000][7][gc          ] GC(17) Pause Young (Normal) (G1 Evacuation Pause) 1341M->127M(2048M) 24.388ms
[2023-07-25T07:26:47.653+0000][7][gc,cpu      ] GC(17) User=0.02s Sys=0.00s Real=0.02s
[2023-07-25T07:26:47.654+0000][7][safepoint   ] Safepoint "G1CollectForAllocation", Time since last: 295908417 ns, Reaching safepoint: 171125 ns, At safepoint: 25688917 ns, Total: 25860042 ns
[2023-07-25T07:26:48.659+0000][7][safepoint   ] Safepoint "Cleanup", Time since last: 1004543250 ns, Reaching safepoint: 351625 ns, At safepoint: 10959 ns, Total: 362584 ns
[2023-07-25T07:26:52.674+0000][7][safepoint   ] Safepoint "Cleanup", Time since last: 4015756877 ns, Reaching safepoint: 109666 ns, At safepoint: 3334 ns, Total: 113000 ns
[2023-07-25T07:26:55.685+0000][7][safepoint   ] Safepoint "Cleanup", Time since last: 3009909001 ns, Reaching safepoint: 489167 ns, At safepoint: 9208 ns, Total: 498375 ns
[2023-07-25T07:26:58.699+0000][7][safepoint   ] Safepoint "Cleanup", Time since last: 3013555376 ns, Reaching safepoint: 216958 ns, At safepoint: 3959 ns, Total: 220917 ns
[2023-07-25T07:26:59.704+0000][7][safepoint   ] Safepoint "Cleanup", Time since last: 1003973250 ns, Reaching safepoint: 442292 ns, At safepoint: 9666 ns, Total: 451958 ns
[2023-07-25T07:27:02.719+0000][7][safepoint   ] Safepoint "Cleanup", Time since last: 3015338960 ns, Reaching safepoint: 411250 ns, At safepoint: 9417 ns, Total: 420667 ns
[2023-07-25T07:27:04.734+0000][7][safepoint   ] Safepoint "Cleanup", Time since last: 2014602334 ns, Reaching safepoint: 135958 ns, At safepoint: 4459 ns, Total: 140417 ns
[2023-07-25T07:27:07.742+0000][7][safepoint   ] Safepoint "Cleanup", Time since last: 3007589793 ns, Reaching safepoint: 552666 ns, At safepoint: 11542 ns, Total: 564208 ns
[2023-07-25T07:27:11.779+0000][7][safepoint   ] Safepoint "Cleanup", Time since last: 4036396294 ns, Reaching safepoint: 352958 ns, At safepoint: 73083 ns, Total: 426041 ns
[2023-07-25T07:27:13.792+0000][7][safepoint   ] Safepoint "Cleanup", Time since last: 2013026335 ns, Reaching safepoint: 272333 ns, At safepoint: 26875 ns, Total: 299208 ns
[2023-07-25T07:27:16.827+0000][7][safepoint   ] Safepoint "Cleanup", Time since last: 3034084126 ns, Reaching safepoint: 729542 ns, At safepoint: 17667 ns, Total: 747209 ns
[2023-07-25T07:27:17.842+0000][7][safepoint   ] Safepoint "Cleanup", Time since last: 1014924250 ns, Reaching safepoint: 310792 ns, At safepoint: 14042 ns, Total: 324834 ns
[2023-07-25T07:27:22.857+0000][7][safepoint   ] Safepoint "Cleanup", Time since last: 5014100002 ns, Reaching safepoint: 363458 ns, At safepoint: 15834 ns, Total: 379292 ns
[2023-07-25T07:27:23.861+0000][7][safepoint   ] Safepoint "Cleanup", Time since last: 1003978500 ns, Reaching safepoint: 147292 ns, At safepoint: 4417 ns, Total: 151709 ns
[2023-07-25T07:27:25.868+0000][7][safepoint   ] Safepoint "Cleanup", Time since last: 2006545750 ns, Reaching safepoint: 167459 ns, At safepoint: 5708 ns, Total: 173167 ns
[2023-07-25T07:27:27.875+0000][7][safepoint   ] Safepoint "Cleanup", Time since last: 2013248500 ns, Reaching safepoint: 262667 ns, At safepoint: 5750 ns, Total: 268417 ns
[2023-07-25T07:27:28.880+0000][7][safepoint   ] Safepoint "Cleanup", Time since last: 1005050584 ns, Reaching safepoint: 257000 ns, At safepoint: 7541 ns, Total: 264541 ns
[2023-07-25T07:27:34.891+0000][7][safepoint   ] Safepoint "Cleanup", Time since last: 6010313920 ns, Reaching safepoint: 145416 ns, At safepoint: 4042 ns, Total: 149458 ns
[2023-07-25T07:27:35.895+0000][7][safepoint   ] Safepoint "Cleanup", Time since last: 1003620459 ns, Reaching safepoint: 219417 ns, At safepoint: 5708 ns, Total: 225125 ns
[2023-07-25T07:27:40.910+0000][7][safepoint   ] Safepoint "Cleanup", Time since last: 5014669086 ns, Reaching safepoint: 173291 ns, At safepoint: 8417 ns, Total: 181708 ns
[2023-07-25T07:27:41.914+0000][7][safepoint   ] Safepoint "Cleanup", Time since last: 1003898875 ns, Reaching safepoint: 176542 ns, At safepoint: 3500 ns, Total: 180042 ns
[2023-07-25T07:27:43.917+0000][7][safepoint   ] Safepoint "Cleanup", Time since last: 2002814751 ns, Reaching safepoint: 198875 ns, At safepoint: 1917 ns, Total: 200792 ns
[2023-07-25T07:27:46.924+0000][7][safepoint   ] Safepoint "Cleanup", Time since last: 3007273043 ns, Reaching safepoint: 321125 ns, At safepoint: 7292 ns, Total: 328417 ns
[2023-07-25T07:27:52.953+0000][7][safepoint   ] Safepoint "Cleanup", Time since last: 6028436169 ns, Reaching safepoint: 442917 ns, At safepoint: 8958 ns, Total: 451875 ns
[2023-07-25T07:27:55.970+0000][7][safepoint   ] Safepoint "Cleanup", Time since last: 3016797627 ns, Reaching safepoint: 464708 ns, At safepoint: 9375 ns, Total: 474083 ns
[2023-07-25T07:27:59.008+0000][7][safepoint   ] Safepoint "Cleanup", Time since last: 3031189293 ns, Reaching safepoint: 322541 ns, At safepoint: 6459 ns, Total: 329000 ns
[2023-07-25T07:28:00.011+0000][7][safepoint   ] Safepoint "Cleanup", Time since last: 1000952250 ns, Reaching safepoint: 2237167 ns, At safepoint: 14416 ns, Total: 2251583 ns
[2023-07-25T07:28:05.025+0000][7][safepoint   ] Safepoint "Cleanup", Time since last: 5012993086 ns, Reaching safepoint: 459167 ns, At safepoint: 7167 ns, Total: 466334 ns
[2023-07-25T07:28:07.038+0000][7][safepoint   ] Safepoint "Cleanup", Time since last: 2013463250 ns, Reaching safepoint: 245250 ns, At safepoint: 10834 ns, Total: 256084 ns
[2023-07-25T07:28:08.045+0000][7][safepoint   ] Safepoint "Cleanup", Time since last: 1006179500 ns, Reaching safepoint: 579209 ns, At safepoint: 10375 ns, Total: 589584 ns
[2023-07-25T07:28:10.057+0000][7][safepoint   ] Safepoint "Cleanup", Time since last: 2011261334 ns, Reaching safepoint: 773917 ns, At safepoint: 27291 ns, Total: 801208 ns
[2023-07-25T07:28:11.073+0000][7][safepoint   ] Safepoint "Cleanup", Time since last: 1014855792 ns, Reaching safepoint: 586584 ns, At safepoint: 14000 ns, Total: 600584 ns
[2023-07-25T07:28:17.091+0000][7][safepoint   ] Safepoint "Cleanup", Time since last: 6017622419 ns, Reaching safepoint: 534584 ns, At safepoint: 72666 ns, Total: 607250 ns
[2023-07-25T07:28:23.107+0000][7][safepoint   ] Safepoint "Cleanup", Time since last: 6014222003 ns, Reaching safepoint: 1443583 ns, At safepoint: 11542 ns, Total: 1455125 ns
[2023-07-25T07:28:24.117+0000][7][safepoint   ] Safepoint "Cleanup", Time since last: 1009933417 ns, Reaching safepoint: 370667 ns, At safepoint: 10125 ns, Total: 380792 ns
[2023-07-25T07:28:28.148+0000][7][safepoint   ] Safepoint "Cleanup", Time since last: 4028120960 ns, Reaching safepoint: 324291 ns, At safepoint: 12167 ns, Total: 336458 ns
[2023-07-25T07:28:29.160+0000][7][safepoint   ] Safepoint "Cleanup", Time since last: 1012414209 ns, Reaching safepoint: 437291 ns, At safepoint: 11417 ns, Total: 448708 ns
[2023-07-25T07:28:32.177+0000][7][safepoint   ] Safepoint "Cleanup", Time since last: 3011504043 ns, Reaching safepoint: 4982667 ns, At safepoint: 22166 ns, Total: 5004833 ns
[2023-07-25T07:28:35.192+0000][7][safepoint   ] Safepoint "Cleanup", Time since last: 3014786127 ns, Reaching safepoint: 95958 ns, At safepoint: 2917 ns, Total: 98875 ns
[2023-07-25T07:28:38.207+0000][7][safepoint   ] Safepoint "Cleanup", Time since last: 3013763668 ns, Reaching safepoint: 1705833 ns, At safepoint: 17959 ns, Total: 1723792 ns
[2023-07-25T07:28:41.226+0000][7][safepoint   ] Safepoint "Cleanup", Time since last: 3018307918 ns, Reaching safepoint: 297375 ns, At safepoint: 11541 ns, Total: 308916 ns
[2023-07-25T07:28:47.249+0000][7][safepoint   ] Safepoint "Cleanup", Time since last: 6022735045 ns, Reaching safepoint: 280667 ns, At safepoint: 9875 ns, Total: 290542 ns
[2023-07-25T07:28:48.273+0000][7][safepoint   ] Safepoint "Cleanup", Time since last: 1024071625 ns, Reaching safepoint: 371417 ns, At safepoint: 18208 ns, Total: 389625 ns
[2023-07-25T07:28:50.287+0000][7][safepoint   ] Safepoint "Cleanup", Time since last: 2012016459 ns, Reaching safepoint: 1557750 ns, At safepoint: 19584 ns, Total: 1577334 ns
[2023-07-25T07:28:53.303+0000][7][safepoint   ] Safepoint "Cleanup", Time since last: 3015409585 ns, Reaching safepoint: 123083 ns, At safepoint: 3208 ns, Total: 126291 ns
[2023-07-25T07:28:55.306+0000][7][safepoint   ] Safepoint "Cleanup", Time since last: 2003085585 ns, Reaching safepoint: 245541 ns, At safepoint: 20542 ns, Total: 266083 ns
[2023-07-25T07:29:02.335+0000][7][safepoint   ] Safepoint "Cleanup", Time since last: 7031989878 ns, Reaching safepoint: 349083 ns, At safepoint: 15709 ns, Total: 364792 ns
[2023-07-25T07:29:07.357+0000][7][safepoint   ] Safepoint "Cleanup", Time since last: 5021854335 ns, Reaching safepoint: 211709 ns, At safepoint: 6625 ns, Total: 218334 ns
[2023-07-25T07:29:11.372+0000][7][safepoint   ] Safepoint "Cleanup", Time since last: 4014235085 ns, Reaching safepoint: 321042 ns, At safepoint: 17291 ns, Total: 338333 ns
[2023-07-25T07:29:23.393+0000][7][safepoint   ] Safepoint "Cleanup", Time since last: 12020578631 ns, Reaching safepoint: 486875 ns, At safepoint: 13417 ns, Total: 500292 ns
[2023-07-25T07:29:32.431+0000][7][safepoint   ] Safepoint "Cleanup", Time since last: 9037718336 ns, Reaching safepoint: 1298917 ns, At safepoint: 11292 ns, Total: 1310209 ns
[2023-07-25T07:29:37.451+0000][7][safepoint   ] Safepoint "Cleanup", Time since last: 5019124377 ns, Reaching safepoint: 440583 ns, At safepoint: 8167 ns, Total: 448750 ns
[2023-07-25T07:29:40.479+0000][7][safepoint   ] Safepoint "Cleanup", Time since last: 3027622876 ns, Reaching safepoint: 606917 ns, At safepoint: 65792 ns, Total: 672709 ns
[2023-07-25T07:29:41.482+0000][7][safepoint   ] Safepoint "Cleanup", Time since last: 1002602667 ns, Reaching safepoint: 519208 ns, At safepoint: 10709 ns, Total: 529917 ns
[2023-07-25T07:29:42.491+0000][7][safepoint   ] Safepoint "Cleanup", Time since last: 1007751750 ns, Reaching safepoint: 1058833 ns, At safepoint: 29250 ns, Total: 1088083 ns
[2023-07-25T07:29:46.505+0000][7][safepoint   ] Safepoint "Cleanup", Time since last: 4013324836 ns, Reaching safepoint: 227541 ns, At safepoint: 4125 ns, Total: 231666 ns
[2023-07-25T07:29:47.510+0000][7][safepoint   ] Safepoint "Cleanup", Time since last: 1004742584 ns, Reaching safepoint: 709375 ns, At safepoint: 11875 ns, Total: 721250 ns
[2023-07-25T07:29:49.523+0000][7][safepoint   ] Safepoint "Cleanup", Time since last: 2012418459 ns, Reaching safepoint: 136459 ns, At safepoint: 3750 ns, Total: 140209 ns
[2023-07-25T07:29:59.537+0000][7][safepoint   ] Safepoint "Cleanup", Time since last: 10012120337 ns, Reaching safepoint: 311792 ns, At safepoint: 8000 ns, Total: 319792 ns
[2023-07-25T07:30:00.541+0000][7][safepoint   ] Safepoint "Cleanup", Time since last: 1002758375 ns, Reaching safepoint: 1489042 ns, At safepoint: 9792 ns, Total: 1498834 ns
[2023-07-25T07:30:04.555+0000][7][safepoint   ] Safepoint "Cleanup", Time since last: 4014104710 ns, Reaching safepoint: 50000 ns, At safepoint: 2875 ns, Total: 52875 ns
[2023-07-25T07:30:05.559+0000][7][safepoint   ] Safepoint "Cleanup", Time since last: 1003673709 ns, Reaching safepoint: 374291 ns, At safepoint: 9584 ns, Total: 383875 ns
[2023-07-25T07:30:07.573+0000][7][safepoint   ] Safepoint "Cleanup", Time since last: 2011462709 ns, Reaching safepoint: 2314333 ns, At safepoint: 14959 ns, Total: 2329292 ns
[2023-07-25T07:30:11.590+0000][7][safepoint   ] Safepoint "Cleanup", Time since last: 4015654043 ns, Reaching safepoint: 1480459 ns, At safepoint: 14958 ns, Total: 1495417 ns
[2023-07-25T07:30:12.604+0000][7][safepoint   ] Safepoint "Cleanup", Time since last: 1013448250 ns, Reaching safepoint: 476209 ns, At safepoint: 17541 ns, Total: 493750 ns
[2023-07-25T07:30:16.619+0000][7][safepoint   ] Safepoint "Cleanup", Time since last: 4014289419 ns, Reaching safepoint: 77875 ns, At safepoint: 3458 ns, Total: 81333 ns
[2023-07-25T07:30:22.638+0000][7][safepoint   ] Safepoint "Cleanup", Time since last: 6018782712 ns, Reaching safepoint: 34541 ns, At safepoint: 1667 ns, Total: 36208 ns
[2023-07-25T07:30:23.642+0000][7][safepoint   ] Safepoint "Cleanup", Time since last: 1003931125 ns, Reaching safepoint: 189625 ns, At safepoint: 6250 ns, Total: 195875 ns
[2023-07-25T07:30:25.652+0000][7][safepoint   ] Safepoint "Cleanup", Time since last: 2009765168 ns, Reaching safepoint: 313375 ns, At safepoint: 7417 ns, Total: 320792 ns
[2023-07-25T07:30:28.669+0000][7][safepoint   ] Safepoint "Cleanup", Time since last: 3016980917 ns, Reaching safepoint: 141792 ns, At safepoint: 4417 ns, Total: 146209 ns
[2023-07-25T07:30:31.672+0000][7][safepoint   ] Safepoint "Cleanup", Time since last: 3003060501 ns, Reaching safepoint: 115375 ns, At safepoint: 4000 ns, Total: 119375 ns
[2023-07-25T07:30:34.677+0000][7][safepoint   ] Safepoint "Cleanup", Time since last: 3005446502 ns, Reaching safepoint: 207625 ns, At safepoint: 25416 ns, Total: 233041 ns
[2023-07-25T07:30:35.683+0000][7][safepoint   ] Safepoint "Cleanup", Time since last: 1004676334 ns, Reaching safepoint: 800125 ns, At safepoint: 10208 ns, Total: 810333 ns
[2023-07-25T07:30:40.715+0000][7][safepoint   ] Safepoint "Cleanup", Time since last: 5032241128 ns, Reaching safepoint: 214833 ns, At safepoint: 4084 ns, Total: 218917 ns
[2023-07-25T07:30:46.729+0000][7][safepoint   ] Safepoint "Cleanup", Time since last: 6013107544 ns, Reaching safepoint: 157917 ns, At safepoint: 55000 ns, Total: 212917 ns
[2023-07-25T07:30:52.743+0000][7][safepoint   ] Safepoint "Cleanup", Time since last: 6014512003 ns, Reaching safepoint: 102500 ns, At safepoint: 5458 ns, Total: 107958 ns
[2023-07-25T07:30:58.760+0000][7][safepoint   ] Safepoint "Cleanup", Time since last: 6015864085 ns, Reaching safepoint: 132500 ns, At safepoint: 3209 ns, Total: 135709 ns
[2023-07-25T07:30:59.762+0000][7][safepoint   ] Safepoint "Cleanup", Time since last: 1002223084 ns, Reaching safepoint: 132958 ns, At safepoint: 3917 ns, Total: 136875 ns
[2023-07-25T07:31:01.767+0000][7][safepoint   ] Safepoint "Cleanup", Time since last: 2004936376 ns, Reaching safepoint: 30833 ns, At safepoint: 1875 ns, Total: 32708 ns
[2023-07-25T07:31:04.665+0000][7][safepoint   ] Safepoint "Cleanup", Time since last: 2897668168 ns, Reaching safepoint: 72792 ns, At safepoint: 10000 ns, Total: 82792 ns
[2023-07-25T07:31:05.666+0000][7][safepoint   ] Safepoint "Cleanup", Time since last: 1001201542 ns, Reaching safepoint: 105291 ns, At safepoint: 2584 ns, Total: 107875 ns
[2023-07-25T07:31:07.691+0000][7][safepoint   ] Safepoint "Cleanup", Time since last: 2024586792 ns, Reaching safepoint: 416792 ns, At safepoint: 10458 ns, Total: 427250 ns
[2023-07-25T07:31:11.714+0000][7][safepoint   ] Safepoint "Cleanup", Time since last: 4022742752 ns, Reaching safepoint: 336292 ns, At safepoint: 11000 ns, Total: 347292 ns
[2023-07-25T07:31:16.759+0000][7][safepoint   ] Safepoint "Cleanup", Time since last: 5045034127 ns, Reaching safepoint: 73167 ns, At safepoint: 3292 ns, Total: 76459 ns
[2023-07-25T07:31:19.768+0000][7][safepoint   ] Safepoint "Cleanup", Time since last: 3008636584 ns, Reaching safepoint: 132250 ns, At safepoint: 3834 ns, Total: 136084 ns
[2023-07-25T07:31:22.776+0000][7][safepoint   ] Safepoint "Cleanup", Time since last: 3007955168 ns, Reaching safepoint: 168958 ns, At safepoint: 3459 ns, Total: 172417 ns
[2023-07-25T07:31:23.777+0000][7][safepoint   ] Safepoint "Cleanup", Time since last: 1001149167 ns, Reaching safepoint: 50208 ns, At safepoint: 2250 ns, Total: 52458 ns
[2023-07-25T07:31:28.787+0000][7][safepoint   ] Safepoint "Cleanup", Time since last: 5009402626 ns, Reaching safepoint: 89709 ns, At safepoint: 3291 ns, Total: 93000 ns
[2023-07-25T07:31:29.790+0000][7][safepoint   ] Safepoint "Cleanup", Time since last: 1002235876 ns, Reaching safepoint: 141625 ns, At safepoint: 4458 ns, Total: 146083 ns
[2023-07-25T07:31:31.793+0000][7][safepoint   ] Safepoint "Cleanup", Time since last: 2003304626 ns, Reaching safepoint: 333375 ns, At safepoint: 3792 ns, Total: 337167 ns
[2023-07-25T07:31:37.805+0000][7][safepoint   ] Safepoint "Cleanup", Time since last: 6011220586 ns, Reaching safepoint: 431958 ns, At safepoint: 14500 ns, Total: 446458 ns
[2023-07-25T07:31:40.824+0000][7][safepoint   ] Safepoint "Cleanup", Time since last: 3018311585 ns, Reaching safepoint: 194834 ns, At safepoint: 8791 ns, Total: 203625 ns
[2023-07-25T07:31:41.826+0000][7][safepoint   ] Safepoint "Cleanup", Time since last: 1002786334 ns, Reaching safepoint: 57500 ns, At safepoint: 3417 ns, Total: 60917 ns
[2023-07-25T07:31:42.831+0000][7][safepoint   ] Safepoint "Cleanup", Time since last: 1003795500 ns, Reaching safepoint: 839792 ns, At safepoint: 16500 ns, Total: 856292 ns
[2023-07-25T07:31:43.844+0000][7][safepoint   ] Safepoint "Cleanup", Time since last: 1012065250 ns, Reaching safepoint: 717875 ns, At safepoint: 14500 ns, Total: 732375 ns
[2023-07-25T07:31:46.853+0000][7][safepoint   ] Safepoint "Cleanup", Time since last: 3008883210 ns, Reaching safepoint: 232875 ns, At safepoint: 5417 ns, Total: 238292 ns
[2023-07-25T07:31:47.856+0000][7][safepoint   ] Safepoint "Cleanup", Time since last: 1002784459 ns, Reaching safepoint: 200791 ns, At safepoint: 5709 ns, Total: 206500 ns
[2023-07-25T07:31:52.873+0000][7][safepoint   ] Safepoint "Cleanup", Time since last: 5017132752 ns, Reaching safepoint: 234167 ns, At safepoint: 10791 ns, Total: 244958 ns
[2023-07-25T07:31:55.883+0000][7][safepoint   ] Safepoint "Cleanup", Time since last: 3008960127 ns, Reaching safepoint: 218875 ns, At safepoint: 11500 ns, Total: 230375 ns
[2023-07-25T07:31:58.887+0000][7][safepoint   ] Safepoint "Cleanup", Time since last: 3006156834 ns, Reaching safepoint: 181083 ns, At safepoint: 4833 ns, Total: 185916 ns
[2023-07-25T07:32:01.898+0000][7][safepoint   ] Safepoint "Cleanup", Time since last: 3009982085 ns, Reaching safepoint: 485375 ns, At safepoint: 7250 ns, Total: 492625 ns
[2023-07-25T07:32:02.903+0000][7][safepoint   ] Safepoint "Cleanup", Time since last: 1005079459 ns, Reaching safepoint: 368458 ns, At safepoint: 11292 ns, Total: 379750 ns
[2023-07-25T07:32:07.920+0000][7][safepoint   ] Safepoint "Cleanup", Time since last: 5016000627 ns, Reaching safepoint: 420709 ns, At safepoint: 14583 ns, Total: 435292 ns
[2023-07-25T07:32:10.929+0000][7][safepoint   ] Safepoint "Cleanup", Time since last: 3008836376 ns, Reaching safepoint: 266000 ns, At safepoint: 3625 ns, Total: 269625 ns
[2023-07-25T07:32:11.934+0000][7][safepoint   ] Safepoint "Cleanup", Time since last: 1004191167 ns, Reaching safepoint: 636959 ns, At safepoint: 12208 ns, Total: 649167 ns
[2023-07-25T07:32:22.957+0000][7][safepoint   ] Safepoint "Cleanup", Time since last: 11023240130 ns, Reaching safepoint: 477500 ns, At safepoint: 9250 ns, Total: 486750 ns
[2023-07-25T07:32:25.974+0000][7][safepoint   ] Safepoint "Cleanup", Time since last: 3016409710 ns, Reaching safepoint: 518792 ns, At safepoint: 9708 ns, Total: 528500 ns
[2023-07-25T07:32:31.999+0000][7][safepoint   ] Safepoint "Cleanup", Time since last: 6023074669 ns, Reaching safepoint: 297542 ns, At safepoint: 12333 ns, Total: 309875 ns
[2023-07-25T07:32:35.022+0000][7][safepoint   ] Safepoint "Cleanup", Time since last: 3020681793 ns, Reaching safepoint: 2671667 ns, At safepoint: 20042 ns, Total: 2691709 ns
[2023-07-25T07:32:41.037+0000][7][safepoint   ] Safepoint "Cleanup", Time since last: 6014660836 ns, Reaching safepoint: 237375 ns, At safepoint: 3167 ns, Total: 240542 ns
[2023-07-25T07:32:52.453+0000][7][gc,start    ] GC(18) Pause Young (Normal) (G1 Evacuation Pause)
[2023-07-25T07:32:52.454+0000][7][gc,task     ] GC(18) Using 2 workers of 2 for evacuation
[2023-07-25T07:32:52.455+0000][7][gc,age      ] GC(18) Desired survivor size 81788928 bytes, new threshold 15 (max threshold 15)
[2023-07-25T07:32:52.468+0000][7][gc,phases   ] GC(18)   Pre Evacuate Collection Set: 0.1ms
[2023-07-25T07:32:52.469+0000][7][gc,phases   ] GC(18)   Merge Heap Roots: 0.1ms
[2023-07-25T07:32:52.469+0000][7][gc,phases   ] GC(18)   Evacuate Collection Set: 9.8ms
[2023-07-25T07:32:52.470+0000][7][gc,phases   ] GC(18)   Post Evacuate Collection Set: 1.1ms
[2023-07-25T07:32:52.472+0000][7][gc,phases   ] GC(18)   Other: 2.5ms
[2023-07-25T07:32:52.472+0000][7][gc,age      ] GC(18) Age table with threshold 15 (max threshold 15)
[2023-07-25T07:32:52.473+0000][7][gc,age      ] GC(18) - age   1:    1408544 bytes,    1408544 total
[2023-07-25T07:32:52.474+0000][7][gc,age      ] GC(18) - age   2:     665416 bytes,    2073960 total
[2023-07-25T07:32:52.475+0000][7][gc,age      ] GC(18) - age   3:    9277112 bytes,   11351072 total
[2023-07-25T07:32:52.475+0000][7][gc,age      ] GC(18) - age   4:    1654440 bytes,   13005512 total
[2023-07-25T07:32:52.476+0000][7][gc,heap     ] GC(18) Eden regions: 303->0(303)
[2023-07-25T07:32:52.477+0000][7][gc,heap     ] GC(18) Survivor regions: 4->4(39)
[2023-07-25T07:32:52.478+0000][7][gc,heap     ] GC(18) Old regions: 26->26
[2023-07-25T07:32:52.478+0000][7][gc,heap     ] GC(18) Archive regions: 2->2
[2023-07-25T07:32:52.479+0000][7][gc,heap     ] GC(18) Humongous regions: 2->2
[2023-07-25T07:32:52.480+0000][7][gc,metaspace] GC(18) Metaspace: 116317K(119232K)->116317K(119232K) NonClass: 101036K(102592K)->101036K(102592K) Class: 15281K(16640K)->15281K(16640K)
[2023-07-25T07:32:52.480+0000][7][gc          ] GC(18) Pause Young (Normal) (G1 Evacuation Pause) 1339M->126M(2048M) 27.092ms
[2023-07-25T07:32:52.481+0000][7][gc,cpu      ] GC(18) User=0.03s Sys=0.00s Real=0.03s
[2023-07-25T07:32:52.484+0000][7][safepoint   ] Safepoint "G1CollectForAllocation", Time since last: 11416084505 ns, Reaching safepoint: 309000 ns, At safepoint: 30899375 ns, Total: 31208375 ns
[2023-07-25T07:32:59.507+0000][7][safepoint   ] Safepoint "Cleanup", Time since last: 7016067503 ns, Reaching safepoint: 5942750 ns, At safepoint: 11667 ns, Total: 5954417 ns
[2023-07-25T07:33:04.519+0000][7][safepoint   ] Safepoint "Cleanup", Time since last: 5012038252 ns, Reaching safepoint: 216125 ns, At safepoint: 8709 ns, Total: 224834 ns
[2023-07-25T07:33:07.523+0000][7][safepoint   ] Safepoint "Cleanup", Time since last: 3002961709 ns, Reaching safepoint: 464750 ns, At safepoint: 11375 ns, Total: 476125 ns
[2023-07-25T07:33:10.540+0000][7][safepoint   ] Safepoint "Cleanup", Time since last: 3016987627 ns, Reaching safepoint: 152166 ns, At safepoint: 3334 ns, Total: 155500 ns
[2023-07-25T07:33:15.554+0000][7][safepoint   ] Safepoint "Cleanup", Time since last: 5013623752 ns, Reaching safepoint: 354792 ns, At safepoint: 8791 ns, Total: 363583 ns
[2023-07-25T07:33:16.568+0000][7][safepoint   ] Safepoint "Cleanup", Time since last: 1013941084 ns, Reaching safepoint: 254875 ns, At safepoint: 3459 ns, Total: 258334 ns
[2023-07-25T07:33:19.580+0000][7][safepoint   ] Safepoint "Cleanup", Time since last: 3011482168 ns, Reaching safepoint: 569875 ns, At safepoint: 11250 ns, Total: 581125 ns
[2023-07-25T07:33:27.602+0000][7][safepoint   ] Safepoint "Cleanup", Time since last: 8021186628 ns, Reaching safepoint: 221958 ns, At safepoint: 8750 ns, Total: 230708 ns
[2023-07-25T07:33:35.624+0000][7][safepoint   ] Safepoint "Cleanup", Time since last: 8021880712 ns, Reaching safepoint: 624208 ns, At safepoint: 10542 ns, Total: 634750 ns
[2023-07-25T07:33:40.637+0000][7][safepoint   ] Safepoint "Cleanup", Time since last: 5012613169 ns, Reaching safepoint: 73583 ns, At safepoint: 2750 ns, Total: 76333 ns
[2023-07-25T07:33:47.648+0000][7][safepoint   ] Safepoint "Cleanup", Time since last: 7010679462 ns, Reaching safepoint: 580208 ns, At safepoint: 34209 ns, Total: 614417 ns
[2023-07-25T07:33:53.666+0000][7][safepoint   ] Safepoint "Cleanup", Time since last: 6017102211 ns, Reaching safepoint: 286250 ns, At safepoint: 10583 ns, Total: 296833 ns
[2023-07-25T07:33:55.672+0000][7][safepoint   ] Safepoint "Cleanup", Time since last: 2005773001 ns, Reaching safepoint: 1115667 ns, At safepoint: 9708 ns, Total: 1125375 ns
[2023-07-25T07:33:57.694+0000][7][safepoint   ] Safepoint "Cleanup", Time since last: 2025303417 ns, Reaching safepoint: 470458 ns, At safepoint: 19209 ns, Total: 489667 ns
[2023-07-25T07:33:58.699+0000][7][safepoint   ] Safepoint "Cleanup", Time since last: 1004718042 ns, Reaching safepoint: 422958 ns, At safepoint: 8417 ns, Total: 431375 ns
[2023-07-25T07:33:59.701+0000][7][safepoint   ] Safepoint "Cleanup", Time since last: 1002019209 ns, Reaching safepoint: 538875 ns, At safepoint: 12208 ns, Total: 551083 ns
[2023-07-25T07:34:02.709+0000][7][safepoint   ] Safepoint "Cleanup", Time since last: 3007513501 ns, Reaching safepoint: 86542 ns, At safepoint: 5125 ns, Total: 91667 ns
[2023-07-25T07:34:04.713+0000][7][safepoint   ] Safepoint "Cleanup", Time since last: 2004241418 ns, Reaching safepoint: 102416 ns, At safepoint: 7500 ns, Total: 109916 ns
[2023-07-25T07:34:07.724+0000][7][safepoint   ] Safepoint "Cleanup", Time since last: 3010664127 ns, Reaching safepoint: 501000 ns, At safepoint: 10125 ns, Total: 511125 ns
[2023-07-25T07:34:10.741+0000][7][safepoint   ] Safepoint "Cleanup", Time since last: 3016305084 ns, Reaching safepoint: 67084 ns, At safepoint: 3291 ns, Total: 70375 ns
[2023-07-25T07:34:11.747+0000][7][safepoint   ] Safepoint "Cleanup", Time since last: 1005810626 ns, Reaching safepoint: 664667 ns, At safepoint: 10458 ns, Total: 675125 ns
[2023-07-25T07:34:16.758+0000][7][safepoint   ] Safepoint "Cleanup", Time since last: 5010628836 ns, Reaching safepoint: 178000 ns, At safepoint: 2833 ns, Total: 180833 ns
[2023-07-25T07:34:17.759+0000][7][safepoint   ] Safepoint "Cleanup", Time since last: 1000785625 ns, Reaching safepoint: 78542 ns, At safepoint: 3333 ns, Total: 81875 ns
[2023-07-25T07:34:26.784+0000][7][safepoint   ] Safepoint "Cleanup", Time since last: 9024515588 ns, Reaching safepoint: 443375 ns, At safepoint: 11750 ns, Total: 455125 ns
[2023-07-25T07:34:28.821+0000][7][safepoint   ] Safepoint "Cleanup", Time since last: 2037981167 ns, Reaching safepoint: 119958 ns, At safepoint: 3709 ns, Total: 123667 ns
[2023-07-25T07:34:29.822+0000][7][safepoint   ] Safepoint "Cleanup", Time since last: 1001015209 ns, Reaching safepoint: 101750 ns, At safepoint: 3166 ns, Total: 104916 ns
[2023-07-25T07:34:31.825+0000][7][safepoint   ] Safepoint "Cleanup", Time since last: 2002789126 ns, Reaching safepoint: 82209 ns, At safepoint: 3291 ns, Total: 85500 ns
[2023-07-25T07:34:40.844+0000][7][safepoint   ] Safepoint "Cleanup", Time since last: 9019117671 ns, Reaching safepoint: 69000 ns, At safepoint: 2959 ns, Total: 71959 ns
[2023-07-25T07:34:47.867+0000][7][safepoint   ] Safepoint "Cleanup", Time since last: 7022240795 ns, Reaching safepoint: 197958 ns, At safepoint: 5958 ns, Total: 203916 ns
[2023-07-25T07:34:57.891+0000][7][safepoint   ] Safepoint "Cleanup", Time since last: 10018204463 ns, Reaching safepoint: 348500 ns, At safepoint: 13833 ns, Total: 362333 ns
[2023-07-25T07:34:58.909+0000][7][safepoint   ] Safepoint "Cleanup", Time since last: 1018410417 ns, Reaching safepoint: 121417 ns, At safepoint: 12333 ns, Total: 133750 ns
[2023-07-25T07:35:04.922+0000][7][safepoint   ] Safepoint "Cleanup", Time since last: 6012469837 ns, Reaching safepoint: 98541 ns, At safepoint: 4167 ns, Total: 102708 ns
[2023-07-25T07:35:05.928+0000][7][safepoint   ] Safepoint "Cleanup", Time since last: 1005499250 ns, Reaching safepoint: 296459 ns, At safepoint: 9875 ns, Total: 306334 ns
[2023-07-25T07:35:07.937+0000][7][safepoint   ] Safepoint "Cleanup", Time since last: 2009083876 ns, Reaching safepoint: 557750 ns, At safepoint: 8666 ns, Total: 566416 ns
[2023-07-25T07:35:16.965+0000][7][safepoint   ] Safepoint "Cleanup", Time since last: 9027397838 ns, Reaching safepoint: 87250 ns, At safepoint: 4083 ns, Total: 91333 ns
[2023-07-25T07:35:19.968+0000][7][safepoint   ] Safepoint "Cleanup", Time since last: 3002726252 ns, Reaching safepoint: 573917 ns, At safepoint: 23958 ns, Total: 597875 ns
[2023-07-25T07:35:22.992+0000][7][safepoint   ] Safepoint "Cleanup", Time since last: 3023476751 ns, Reaching safepoint: 270667 ns, At safepoint: 7167 ns, Total: 277834 ns
[2023-07-25T07:35:26.016+0000][7][safepoint   ] Safepoint "Cleanup", Time since last: 3024304626 ns, Reaching safepoint: 249542 ns, At safepoint: 10125 ns, Total: 259667 ns
[2023-07-25T07:35:28.052+0000][7][safepoint   ] Safepoint "Cleanup", Time since last: 2030479292 ns, Reaching safepoint: 196708 ns, At safepoint: 6292 ns, Total: 203000 ns
[2023-07-25T07:35:29.057+0000][7][safepoint   ] Safepoint "Cleanup", Time since last: 1004932000 ns, Reaching safepoint: 287167 ns, At safepoint: 44792 ns, Total: 331959 ns
[2023-07-25T07:35:30.074+0000][7][safepoint   ] Safepoint "Cleanup", Time since last: 1016969042 ns, Reaching safepoint: 265333 ns, At safepoint: 10083 ns, Total: 275416 ns
[2023-07-25T07:35:32.088+0000][7][safepoint   ] Safepoint "Cleanup", Time since last: 2013494293 ns, Reaching safepoint: 306792 ns, At safepoint: 8625 ns, Total: 315417 ns
[2023-07-25T07:35:35.097+0000][7][safepoint   ] Safepoint "Cleanup", Time since last: 3008550043 ns, Reaching safepoint: 142791 ns, At safepoint: 5584 ns, Total: 148375 ns
[2023-07-25T07:35:53.137+0000][7][safepoint   ] Safepoint "Cleanup", Time since last: 18039683467 ns, Reaching safepoint: 472583 ns, At safepoint: 8875 ns, Total: 481458 ns
[2023-07-25T07:35:55.143+0000][7][safepoint   ] Safepoint "Cleanup", Time since last: 2005694126 ns, Reaching safepoint: 400583 ns, At safepoint: 10792 ns, Total: 411375 ns
[2023-07-25T07:35:59.155+0000][7][safepoint   ] Safepoint "Cleanup", Time since last: 4011968876 ns, Reaching safepoint: 147583 ns, At safepoint: 7042 ns, Total: 154625 ns
[2023-07-25T07:36:00.158+0000][7][safepoint   ] Safepoint "Cleanup", Time since last: 1003025459 ns, Reaching safepoint: 459541 ns, At safepoint: 9292 ns, Total: 468833 ns
[2023-07-25T07:36:01.167+0000][7][safepoint   ] Safepoint "Cleanup", Time since last: 1008345167 ns, Reaching safepoint: 535959 ns, At safepoint: 6041 ns, Total: 542000 ns
[2023-07-25T07:36:02.184+0000][7][safepoint   ] Safepoint "Cleanup", Time since last: 1016110626 ns, Reaching safepoint: 521666 ns, At safepoint: 7334 ns, Total: 529000 ns
[2023-07-25T07:36:07.202+0000][7][safepoint   ] Safepoint "Cleanup", Time since last: 5018099127 ns, Reaching safepoint: 242458 ns, At safepoint: 5875 ns, Total: 248333 ns
[2023-07-25T07:36:08.222+0000][7][safepoint   ] Safepoint "Cleanup", Time since last: 1018737626 ns, Reaching safepoint: 425500 ns, At safepoint: 10542 ns, Total: 436042 ns
[2023-07-25T07:36:23.262+0000][7][safepoint   ] Safepoint "Cleanup", Time since last: 15037417923 ns, Reaching safepoint: 2840625 ns, At safepoint: 25542 ns, Total: 2866167 ns
[2023-07-25T07:36:24.264+0000][7][safepoint   ] Safepoint "Cleanup", Time since last: 1002438667 ns, Reaching safepoint: 219417 ns, At safepoint: 4375 ns, Total: 223792 ns
[2023-07-25T07:36:29.279+0000][7][safepoint   ] Safepoint "Cleanup", Time since last: 5009757085 ns, Reaching safepoint: 266458 ns, At safepoint: 3125 ns, Total: 269583 ns
[2023-07-25T07:36:32.290+0000][7][safepoint   ] Safepoint "Cleanup", Time since last: 3009470002 ns, Reaching safepoint: 1287041 ns, At safepoint: 86209 ns, Total: 1373250 ns
[2023-07-25T07:36:33.317+0000][7][safepoint   ] Safepoint "Cleanup", Time since last: 1025837209 ns, Reaching safepoint: 1418166 ns, At safepoint: 16417 ns, Total: 1434583 ns
[2023-07-25T07:36:35.331+0000][7][safepoint   ] Safepoint "Cleanup", Time since last: 2013367751 ns, Reaching safepoint: 382583 ns, At safepoint: 11167 ns, Total: 393750 ns
[2023-07-25T07:36:37.349+0000][7][safepoint   ] Safepoint "Cleanup", Time since last: 2017704001 ns, Reaching safepoint: 261958 ns, At safepoint: 9792 ns, Total: 271750 ns
[2023-07-25T07:36:38.354+0000][7][safepoint   ] Safepoint "Cleanup", Time since last: 1004818209 ns, Reaching safepoint: 442375 ns, At safepoint: 13291 ns, Total: 455666 ns
[2023-07-25T07:36:47.382+0000][7][safepoint   ] Safepoint "Cleanup", Time since last: 9027451171 ns, Reaching safepoint: 71250 ns, At safepoint: 3084 ns, Total: 74334 ns
[2023-07-25T07:36:52.609+0000][7][safepoint   ] Safepoint "Cleanup", Time since last: 5227599294 ns, Reaching safepoint: 134166 ns, At safepoint: 16250 ns, Total: 150416 ns
[2023-07-25T07:36:53.611+0000][7][safepoint   ] Safepoint "Cleanup", Time since last: 1001568459 ns, Reaching safepoint: 108917 ns, At safepoint: 3042 ns, Total: 111959 ns
[2023-07-25T07:37:04.624+0000][7][safepoint   ] Safepoint "Cleanup", Time since last: 11022916088 ns, Reaching safepoint: 153291 ns, At safepoint: 3000 ns, Total: 156291 ns
[2023-07-25T07:37:05.625+0000][7][safepoint   ] Safepoint "Cleanup", Time since last: 1001124834 ns, Reaching safepoint: 474625 ns, At safepoint: 12417 ns, Total: 487042 ns
[2023-07-25T07:37:07.634+0000][7][safepoint   ] Safepoint "Cleanup", Time since last: 2008171251 ns, Reaching safepoint: 275000 ns, At safepoint: 9875 ns, Total: 284875 ns
[2023-07-25T07:37:11.651+0000][7][safepoint   ] Safepoint "Cleanup", Time since last: 4016780835 ns, Reaching safepoint: 179292 ns, At safepoint: 4666 ns, Total: 183958 ns
[2023-07-25T07:37:17.663+0000][7][safepoint   ] Safepoint "Cleanup", Time since last: 6011568836 ns, Reaching safepoint: 470959 ns, At safepoint: 14875 ns, Total: 485834 ns
[2023-07-25T07:37:22.680+0000][7][safepoint   ] Safepoint "Cleanup", Time since last: 5016533210 ns, Reaching safepoint: 148042 ns, At safepoint: 2042 ns, Total: 150084 ns
[2023-07-25T07:37:27.861+0000][7][safepoint   ] Safepoint "Cleanup", Time since last: 5181586044 ns, Reaching safepoint: 421583 ns, At safepoint: 23708 ns, Total: 445291 ns
[2023-07-25T07:37:28.869+0000][7][safepoint   ] Safepoint "Cleanup", Time since last: 1007797376 ns, Reaching safepoint: 142833 ns, At safepoint: 5125 ns, Total: 147958 ns
[2023-07-25T07:37:31.877+0000][7][safepoint   ] Safepoint "Cleanup", Time since last: 3007986835 ns, Reaching safepoint: 105250 ns, At safepoint: 4958 ns, Total: 110208 ns
[2023-07-25T07:37:42.900+0000][7][safepoint   ] Safepoint "Cleanup", Time since last: 11021987672 ns, Reaching safepoint: 279167 ns, At safepoint: 12333 ns, Total: 291500 ns
[2023-07-25T07:37:46.912+0000][7][safepoint   ] Safepoint "Cleanup", Time since last: 4011878335 ns, Reaching safepoint: 193792 ns, At safepoint: 3667 ns, Total: 197459 ns
[2023-07-25T07:37:47.915+0000][7][safepoint   ] Safepoint "Cleanup", Time since last: 1002238584 ns, Reaching safepoint: 545208 ns, At safepoint: 7333 ns, Total: 552541 ns
[2023-07-25T07:37:49.933+0000][7][safepoint   ] Safepoint "Cleanup", Time since last: 2018071959 ns, Reaching safepoint: 444709 ns, At safepoint: 11833 ns, Total: 456542 ns
[2023-07-25T07:37:51.166+0000][7][safepoint   ] Safepoint "Cleanup", Time since last: 1232540292 ns, Reaching safepoint: 448792 ns, At safepoint: 11167 ns, Total: 459959 ns
[2023-07-25T07:37:53.190+0000][7][safepoint   ] Safepoint "Cleanup", Time since last: 2023545542 ns, Reaching safepoint: 608959 ns, At safepoint: 38041 ns, Total: 647000 ns
[2023-07-25T07:37:54.199+0000][7][safepoint   ] Safepoint "Cleanup", Time since last: 1008848834 ns, Reaching safepoint: 260667 ns, At safepoint: 10250 ns, Total: 270917 ns
[2023-07-25T07:37:59.221+0000][7][safepoint   ] Safepoint "Cleanup", Time since last: 5020390460 ns, Reaching safepoint: 89792 ns, At safepoint: 3958 ns, Total: 93750 ns
[2023-07-25T07:38:00.224+0000][7][safepoint   ] Safepoint "Cleanup", Time since last: 1001709167 ns, Reaching safepoint: 771917 ns, At safepoint: 6875 ns, Total: 778792 ns
[2023-07-25T07:38:02.233+0000][7][safepoint   ] Safepoint "Cleanup", Time since last: 2007960959 ns, Reaching safepoint: 441375 ns, At safepoint: 23584 ns, Total: 464959 ns
[2023-07-25T07:38:05.244+0000][7][safepoint   ] Safepoint "Cleanup", Time since last: 3011541251 ns, Reaching safepoint: 341542 ns, At safepoint: 6000 ns, Total: 347542 ns
[2023-07-25T07:38:07.261+0000][7][safepoint   ] Safepoint "Cleanup", Time since last: 2016183417 ns, Reaching safepoint: 771959 ns, At safepoint: 60666 ns, Total: 832625 ns
[2023-07-25T07:38:11.273+0000][7][safepoint   ] Safepoint "Cleanup", Time since last: 4008699711 ns, Reaching safepoint: 3129291 ns, At safepoint: 30417 ns, Total: 3159708 ns
[2023-07-25T07:38:14.298+0000][7][safepoint   ] Safepoint "Cleanup", Time since last: 3024773585 ns, Reaching safepoint: 221416 ns, At safepoint: 52834 ns, Total: 274250 ns
[2023-07-25T07:38:17.304+0000][7][safepoint   ] Safepoint "Cleanup", Time since last: 3005813876 ns, Reaching safepoint: 137459 ns, At safepoint: 4000 ns, Total: 141459 ns
[2023-07-25T07:38:22.313+0000][7][safepoint   ] Safepoint "Cleanup", Time since last: 5006571544 ns, Reaching safepoint: 1927583 ns, At safepoint: 22667 ns, Total: 1950250 ns
[2023-07-25T07:38:23.346+0000][7][safepoint   ] Safepoint "Cleanup", Time since last: 1033305958 ns, Reaching safepoint: 390917 ns, At safepoint: 7000 ns, Total: 397917 ns
[2023-07-25T07:38:24.350+0000][7][safepoint   ] Safepoint "Cleanup", Time since last: 1003898834 ns, Reaching safepoint: 154292 ns, At safepoint: 3833 ns, Total: 158125 ns
[2023-07-25T07:38:29.361+0000][7][safepoint   ] Safepoint "Cleanup", Time since last: 5012527251 ns, Reaching safepoint: 373875 ns, At safepoint: 9292 ns, Total: 383167 ns
[2023-07-25T07:38:30.365+0000][7][safepoint   ] Safepoint "Cleanup", Time since last: 1003930584 ns, Reaching safepoint: 234875 ns, At safepoint: 8500 ns, Total: 243375 ns
[2023-07-25T07:38:32.373+0000][7][safepoint   ] Safepoint "Cleanup", Time since last: 2006647876 ns, Reaching safepoint: 418208 ns, At safepoint: 9250 ns, Total: 427458 ns
[2023-07-25T07:38:33.380+0000][7][safepoint   ] Safepoint "Cleanup", Time since last: 1006810001 ns, Reaching safepoint: 459541 ns, At safepoint: 8292 ns, Total: 467833 ns
[2023-07-25T07:38:35.392+0000][7][safepoint   ] Safepoint "Cleanup", Time since last: 2011710126 ns, Reaching safepoint: 160042 ns, At safepoint: 3541 ns, Total: 163583 ns
[2023-07-25T07:38:37.397+0000][7][safepoint   ] Safepoint "Cleanup", Time since last: 2005361293 ns, Reaching safepoint: 460416 ns, At safepoint: 8459 ns, Total: 468875 ns
[2023-07-25T07:38:38.425+0000][7][safepoint   ] Safepoint "Cleanup", Time since last: 1027077375 ns, Reaching safepoint: 408625 ns, At safepoint: 5292 ns, Total: 413917 ns
[2023-07-25T07:38:41.446+0000][7][safepoint   ] Safepoint "Cleanup", Time since last: 3021304376 ns, Reaching safepoint: 152959 ns, At safepoint: 3291 ns, Total: 156250 ns
[2023-07-25T07:38:42.451+0000][7][safepoint   ] Safepoint "Cleanup", Time since last: 1004215043 ns, Reaching safepoint: 657875 ns, At safepoint: 11500 ns, Total: 669375 ns
[2023-07-25T07:38:47.472+0000][7][safepoint   ] Safepoint "Cleanup", Time since last: 5020713752 ns, Reaching safepoint: 419125 ns, At safepoint: 4000 ns, Total: 423125 ns
[2023-07-25T07:38:48.476+0000][7][safepoint   ] Safepoint "Cleanup", Time since last: 1002800875 ns, Reaching safepoint: 308667 ns, At safepoint: 198208 ns, Total: 506875 ns
[2023-07-25T07:38:53.176+0000][7][gc,start    ] GC(19) Pause Young (Normal) (G1 Evacuation Pause)
[2023-07-25T07:38:53.176+0000][7][gc,task     ] GC(19) Using 2 workers of 2 for evacuation
[2023-07-25T07:38:53.177+0000][7][gc,age      ] GC(19) Desired survivor size 81788928 bytes, new threshold 15 (max threshold 15)
[2023-07-25T07:38:53.190+0000][7][gc,phases   ] GC(19)   Pre Evacuate Collection Set: 0.3ms
[2023-07-25T07:38:53.191+0000][7][gc,phases   ] GC(19)   Merge Heap Roots: 0.1ms
[2023-07-25T07:38:53.192+0000][7][gc,phases   ] GC(19)   Evacuate Collection Set: 11.0ms
[2023-07-25T07:38:53.194+0000][7][gc,phases   ] GC(19)   Post Evacuate Collection Set: 1.2ms
[2023-07-25T07:38:53.195+0000][7][gc,phases   ] GC(19)   Other: 1.5ms
[2023-07-25T07:38:53.195+0000][7][gc,age      ] GC(19) Age table with threshold 15 (max threshold 15)
[2023-07-25T07:38:53.196+0000][7][gc,age      ] GC(19) - age   1:    2307984 bytes,    2307984 total
[2023-07-25T07:38:53.197+0000][7][gc,age      ] GC(19) - age   2:      33968 bytes,    2341952 total
[2023-07-25T07:38:53.198+0000][7][gc,age      ] GC(19) - age   3:     495320 bytes,    2837272 total
[2023-07-25T07:38:53.198+0000][7][gc,age      ] GC(19) - age   4:    9274616 bytes,   12111888 total
[2023-07-25T07:38:53.199+0000][7][gc,age      ] GC(19) - age   5:    1646296 bytes,   13758184 total
[2023-07-25T07:38:53.200+0000][7][gc,heap     ] GC(19) Eden regions: 303->0(303)
[2023-07-25T07:38:53.200+0000][7][gc,heap     ] GC(19) Survivor regions: 4->4(39)
[2023-07-25T07:38:53.201+0000][7][gc,heap     ] GC(19) Old regions: 26->26
[2023-07-25T07:38:53.201+0000][7][gc,heap     ] GC(19) Archive regions: 2->2
[2023-07-25T07:38:53.202+0000][7][gc,heap     ] GC(19) Humongous regions: 2->2
[2023-07-25T07:38:53.203+0000][7][gc,metaspace] GC(19) Metaspace: 116571K(119488K)->116571K(119488K) NonClass: 101287K(102848K)->101287K(102848K) Class: 15283K(16640K)->15283K(16640K)
[2023-07-25T07:38:53.203+0000][7][gc          ] GC(19) Pause Young (Normal) (G1 Evacuation Pause) 1338M->127M(2048M) 27.616ms
[2023-07-25T07:38:53.204+0000][7][gc,cpu      ] GC(19) User=0.02s Sys=0.01s Real=0.03s
[2023-07-25T07:38:53.205+0000][7][safepoint   ] Safepoint "G1CollectForAllocation", Time since last: 4699504628 ns, Reaching safepoint: 215500 ns, At safepoint: 29134000 ns, Total: 29349500 ns
[2023-07-25T07:38:59.219+0000][7][safepoint   ] Safepoint "Cleanup", Time since last: 6011891335 ns, Reaching safepoint: 712083 ns, At safepoint: 10625 ns, Total: 722708 ns
[2023-07-25T07:39:00.225+0000][7][safepoint   ] Safepoint "Cleanup", Time since last: 1006165876 ns, Reaching safepoint: 274458 ns, At safepoint: 19958 ns, Total: 294416 ns
[2023-07-25T07:39:02.231+0000][7][safepoint   ] Safepoint "Cleanup", Time since last: 2005139918 ns, Reaching safepoint: 204375 ns, At safepoint: 7667 ns, Total: 212042 ns
[2023-07-25T07:39:07.240+0000][7][safepoint   ] Safepoint "Cleanup", Time since last: 5008894419 ns, Reaching safepoint: 280708 ns, At safepoint: 31792 ns, Total: 312500 ns
[2023-07-25T07:39:08.252+0000][7][safepoint   ] Safepoint "Cleanup", Time since last: 1012211042 ns, Reaching safepoint: 112750 ns, At safepoint: 3458 ns, Total: 116208 ns
[2023-07-25T07:39:10.259+0000][7][safepoint   ] Safepoint "Cleanup", Time since last: 2005945626 ns, Reaching safepoint: 653250 ns, At safepoint: 10875 ns, Total: 664125 ns
[2023-07-25T07:39:17.291+0000][7][safepoint   ] Safepoint "Cleanup", Time since last: 7031443420 ns, Reaching safepoint: 435000 ns, At safepoint: 13667 ns, Total: 448667 ns
[2023-07-25T07:39:23.304+0000][7][safepoint   ] Safepoint "Cleanup", Time since last: 6012816836 ns, Reaching safepoint: 319250 ns, At safepoint: 6000 ns, Total: 325250 ns
[2023-07-25T07:39:24.306+0000][7][safepoint   ] Safepoint "Cleanup", Time since last: 1002142667 ns, Reaching safepoint: 111917 ns, At safepoint: 8167 ns, Total: 120084 ns
[2023-07-25T07:39:25.307+0000][7][safepoint   ] Safepoint "Cleanup", Time since last: 1000805708 ns, Reaching safepoint: 157625 ns, At safepoint: 7209 ns, Total: 164834 ns
[2023-07-25T07:39:26.313+0000][7][safepoint   ] Safepoint "Cleanup", Time since last: 1006295417 ns, Reaching safepoint: 211417 ns, At safepoint: 5166 ns, Total: 216583 ns
[2023-07-25T07:39:29.321+0000][7][safepoint   ] Safepoint "Cleanup", Time since last: 3006345918 ns, Reaching safepoint: 254792 ns, At safepoint: 5875 ns, Total: 260667 ns
[2023-07-25T07:39:32.335+0000][7][safepoint   ] Safepoint "Cleanup", Time since last: 3012998043 ns, Reaching safepoint: 317166 ns, At safepoint: 6500 ns, Total: 323666 ns
[2023-07-25T07:39:35.345+0000][7][safepoint   ] Safepoint "Cleanup", Time since last: 3010502960 ns, Reaching safepoint: 411167 ns, At safepoint: 14250 ns, Total: 425417 ns
[2023-07-25T07:39:37.356+0000][7][safepoint   ] Safepoint "Cleanup", Time since last: 2009552542 ns, Reaching safepoint: 555167 ns, At safepoint: 5250 ns, Total: 560417 ns
[2023-07-25T07:39:38.362+0000][7][safepoint   ] Safepoint "Cleanup", Time since last: 1006226917 ns, Reaching safepoint: 345917 ns, At safepoint: 10917 ns, Total: 356834 ns
[2023-07-25T07:39:53.413+0000][7][safepoint   ] Safepoint "Cleanup", Time since last: 15050118882 ns, Reaching safepoint: 453833 ns, At safepoint: 19417 ns, Total: 473250 ns
[2023-07-25T07:39:59.425+0000][7][safepoint   ] Safepoint "Cleanup", Time since last: 6013083210 ns, Reaching safepoint: 289792 ns, At safepoint: 6583 ns, Total: 296375 ns
[2023-07-25T07:40:02.432+0000][7][safepoint   ] Safepoint "Cleanup", Time since last: 3007075001 ns, Reaching safepoint: 277542 ns, At safepoint: 9625 ns, Total: 287167 ns
[2023-07-25T07:40:06.446+0000][7][safepoint   ] Safepoint "Cleanup", Time since last: 4013286627 ns, Reaching safepoint: 1061917 ns, At safepoint: 16000 ns, Total: 1077917 ns
[2023-07-25T07:40:07.468+0000][7][safepoint   ] Safepoint "Cleanup", Time since last: 1021458417 ns, Reaching safepoint: 480875 ns, At safepoint: 9917 ns, Total: 490792 ns
[2023-07-25T07:40:11.490+0000][7][safepoint   ] Safepoint "Cleanup", Time since last: 4020975585 ns, Reaching safepoint: 152666 ns, At safepoint: 4125 ns, Total: 156791 ns
[2023-07-25T07:40:14.499+0000][7][safepoint   ] Safepoint "Cleanup", Time since last: 3007929585 ns, Reaching safepoint: 1143750 ns, At safepoint: 23917 ns, Total: 1167667 ns
[2023-07-25T07:40:17.521+0000][7][safepoint   ] Safepoint "Cleanup", Time since last: 3020387168 ns, Reaching safepoint: 1555833 ns, At safepoint: 623834 ns, Total: 2179667 ns
[2023-07-25T07:40:23.542+0000][7][safepoint   ] Safepoint "Cleanup", Time since last: 6020272378 ns, Reaching safepoint: 187666 ns, At safepoint: 3625 ns, Total: 191291 ns
[2023-07-25T07:40:24.544+0000][7][safepoint   ] Safepoint "Cleanup", Time since last: 1001828584 ns, Reaching safepoint: 188750 ns, At safepoint: 5417 ns, Total: 194167 ns
[2023-07-25T07:40:25.548+0000][7][safepoint   ] Safepoint "Cleanup", Time since last: 1004495667 ns, Reaching safepoint: 269166 ns, At safepoint: 10500 ns, Total: 279666 ns
[2023-07-25T07:40:26.562+0000][7][safepoint   ] Safepoint "Cleanup", Time since last: 1012732668 ns, Reaching safepoint: 638458 ns, At safepoint: 9708 ns, Total: 648166 ns
[2023-07-25T07:40:29.579+0000][7][safepoint   ] Safepoint "Cleanup", Time since last: 3013948710 ns, Reaching safepoint: 206583 ns, At safepoint: 5833 ns, Total: 212416 ns
[2023-07-25T07:40:41.605+0000][7][safepoint   ] Safepoint "Cleanup", Time since last: 12026024423 ns, Reaching safepoint: 117250 ns, At safepoint: 3083 ns, Total: 120333 ns
[2023-07-25T07:40:47.618+0000][7][safepoint   ] Safepoint "Cleanup", Time since last: 6011734128 ns, Reaching safepoint: 792667 ns, At safepoint: 13500 ns, Total: 806167 ns
[2023-07-25T07:40:48.625+0000][7][safepoint   ] Safepoint "Cleanup", Time since last: 1005994750 ns, Reaching safepoint: 1203000 ns, At safepoint: 11042 ns, Total: 1214042 ns
[2023-07-25T07:40:53.651+0000][7][safepoint   ] Safepoint "Cleanup", Time since last: 5025398127 ns, Reaching safepoint: 546000 ns, At safepoint: 9750 ns, Total: 555750 ns
[2023-07-25T07:40:59.672+0000][7][safepoint   ] Safepoint "Cleanup", Time since last: 6024658460 ns, Reaching safepoint: 128792 ns, At safepoint: 65083 ns, Total: 193875 ns
[2023-07-25T07:41:02.680+0000][7][safepoint   ] Safepoint "Cleanup", Time since last: 3006887585 ns, Reaching safepoint: 377292 ns, At safepoint: 10000 ns, Total: 387292 ns
[2023-07-25T07:41:06.697+0000][7][safepoint   ] Safepoint "Cleanup", Time since last: 4016614168 ns, Reaching safepoint: 660334 ns, At safepoint: 15125 ns, Total: 675459 ns
[2023-07-25T07:41:07.708+0000][7][safepoint   ] Safepoint "Cleanup", Time since last: 1011093125 ns, Reaching safepoint: 134834 ns, At safepoint: 3375 ns, Total: 138209 ns
[2023-07-25T07:41:10.712+0000][7][safepoint   ] Safepoint "Cleanup", Time since last: 3004036293 ns, Reaching safepoint: 246125 ns, At safepoint: 9416 ns, Total: 255541 ns
[2023-07-25T07:41:23.736+0000][7][safepoint   ] Safepoint "Cleanup", Time since last: 13023266715 ns, Reaching safepoint: 340167 ns, At safepoint: 11916 ns, Total: 352083 ns
[2023-07-25T07:41:25.745+0000][7][safepoint   ] Safepoint "Cleanup", Time since last: 2008305043 ns, Reaching safepoint: 282458 ns, At safepoint: 10000 ns, Total: 292458 ns
[2023-07-25T07:41:26.751+0000][7][safepoint   ] Safepoint "Cleanup", Time since last: 1005418834 ns, Reaching safepoint: 609833 ns, At safepoint: 9417 ns, Total: 619250 ns
[2023-07-25T07:41:28.760+0000][7][safepoint   ] Safepoint "Cleanup", Time since last: 2008805084 ns, Reaching safepoint: 198458 ns, At safepoint: 15708 ns, Total: 214166 ns
[2023-07-25T07:41:29.762+0000][7][safepoint   ] Safepoint "Cleanup", Time since last: 1000966959 ns, Reaching safepoint: 238708 ns, At safepoint: 8084 ns, Total: 246792 ns
[2023-07-25T07:41:32.770+0000][7][safepoint   ] Safepoint "Cleanup", Time since last: 3005767585 ns, Reaching safepoint: 2859750 ns, At safepoint: 19833 ns, Total: 2879583 ns
[2023-07-25T07:41:35.789+0000][7][safepoint   ] Safepoint "Cleanup", Time since last: 3017997168 ns, Reaching safepoint: 511750 ns, At safepoint: 13458 ns, Total: 525208 ns
[2023-07-25T07:41:37.796+0000][7][safepoint   ] Safepoint "Cleanup", Time since last: 2007159960 ns, Reaching safepoint: 234333 ns, At safepoint: 8250 ns, Total: 242583 ns
[2023-07-25T07:41:40.811+0000][7][safepoint   ] Safepoint "Cleanup", Time since last: 3014489543 ns, Reaching safepoint: 165417 ns, At safepoint: 3833 ns, Total: 169250 ns
[2023-07-25T07:41:59.851+0000][7][safepoint   ] Safepoint "Cleanup", Time since last: 19039776133 ns, Reaching safepoint: 265417 ns, At safepoint: 6000 ns, Total: 271417 ns
[2023-07-25T07:42:02.864+0000][7][safepoint   ] Safepoint "Cleanup", Time since last: 3012698001 ns, Reaching safepoint: 333000 ns, At safepoint: 11917 ns, Total: 344917 ns
[2023-07-25T07:42:04.886+0000][7][safepoint   ] Safepoint "Cleanup", Time since last: 2022011709 ns, Reaching safepoint: 64792 ns, At safepoint: 4250 ns, Total: 69042 ns
[2023-07-25T07:42:07.892+0000][7][safepoint   ] Safepoint "Cleanup", Time since last: 3005453335 ns, Reaching safepoint: 709625 ns, At safepoint: 8375 ns, Total: 718000 ns
[2023-07-25T07:42:17.915+0000][7][safepoint   ] Safepoint "Cleanup", Time since last: 10022759463 ns, Reaching safepoint: 132625 ns, At safepoint: 3708 ns, Total: 136333 ns
[2023-07-25T07:42:22.924+0000][7][safepoint   ] Safepoint "Cleanup", Time since last: 5009012086 ns, Reaching safepoint: 176333 ns, At safepoint: 38084 ns, Total: 214417 ns
[2023-07-25T07:42:26.933+0000][7][safepoint   ] Safepoint "Cleanup", Time since last: 4007533376 ns, Reaching safepoint: 1193709 ns, At safepoint: 11833 ns, Total: 1205542 ns
[2023-07-25T07:42:35.963+0000][7][safepoint   ] Safepoint "Cleanup", Time since last: 9028261087 ns, Reaching safepoint: 276250 ns, At safepoint: 6125 ns, Total: 282375 ns
[2023-07-25T07:42:41.976+0000][7][safepoint   ] Safepoint "Cleanup", Time since last: 6012460253 ns, Reaching safepoint: 343833 ns, At safepoint: 5458 ns, Total: 349291 ns
[2023-07-25T07:42:47.985+0000][7][safepoint   ] Safepoint "Cleanup", Time since last: 6008666628 ns, Reaching safepoint: 287625 ns, At safepoint: 6875 ns, Total: 294500 ns
[2023-07-25T07:42:49.993+0000][7][safepoint   ] Safepoint "Cleanup", Time since last: 2007747793 ns, Reaching safepoint: 477000 ns, At safepoint: 10833 ns, Total: 487833 ns
[2023-07-25T07:42:54.018+0000][7][safepoint   ] Safepoint "Cleanup", Time since last: 4024361377 ns, Reaching safepoint: 447000 ns, At safepoint: 7667 ns, Total: 454667 ns
[2023-07-25T07:42:58.029+0000][7][safepoint   ] Safepoint "Cleanup", Time since last: 4011299376 ns, Reaching safepoint: 325625 ns, At safepoint: 6833 ns, Total: 332458 ns
[2023-07-25T07:43:02.039+0000][7][safepoint   ] Safepoint "Cleanup", Time since last: 4009749585 ns, Reaching safepoint: 323542 ns, At safepoint: 15750 ns, Total: 339292 ns
[2023-07-25T07:43:06.048+0000][7][safepoint   ] Safepoint "Cleanup", Time since last: 4008712543 ns, Reaching safepoint: 221000 ns, At safepoint: 9542 ns, Total: 230542 ns
[2023-07-25T07:43:07.052+0000][7][safepoint   ] Safepoint "Cleanup", Time since last: 1004628876 ns, Reaching safepoint: 139625 ns, At safepoint: 4916 ns, Total: 144541 ns
[2023-07-25T07:43:11.061+0000][7][safepoint   ] Safepoint "Cleanup", Time since last: 4008563752 ns, Reaching safepoint: 79667 ns, At safepoint: 2667 ns, Total: 82334 ns
[2023-07-25T07:43:14.067+0000][7][safepoint   ] Safepoint "Cleanup", Time since last: 3005220584 ns, Reaching safepoint: 334375 ns, At safepoint: 9584 ns, Total: 343959 ns
[2023-07-25T07:43:28.099+0000][7][safepoint   ] Safepoint "Cleanup", Time since last: 14032823297 ns, Reaching safepoint: 369125 ns, At safepoint: 11542 ns, Total: 380667 ns
[2023-07-25T07:43:29.107+0000][7][safepoint   ] Safepoint "Cleanup", Time since last: 1008433542 ns, Reaching safepoint: 203792 ns, At safepoint: 4166 ns, Total: 207958 ns
[2023-07-25T07:43:30.110+0000][7][safepoint   ] Safepoint "Cleanup", Time since last: 1001954209 ns, Reaching safepoint: 495084 ns, At safepoint: 8500 ns, Total: 503584 ns
[2023-07-25T07:43:35.133+0000][7][safepoint   ] Safepoint "Cleanup", Time since last: 5022864794 ns, Reaching safepoint: 230625 ns, At safepoint: 12458 ns, Total: 243083 ns
[2023-07-25T07:43:36.136+0000][7][safepoint   ] Safepoint "Cleanup", Time since last: 1002664084 ns, Reaching safepoint: 126958 ns, At safepoint: 4250 ns, Total: 131208 ns
[2023-07-25T07:43:37.138+0000][7][safepoint   ] Safepoint "Cleanup", Time since last: 1002149376 ns, Reaching safepoint: 165375 ns, At safepoint: 8916 ns, Total: 174291 ns
[2023-07-25T07:43:38.141+0000][7][safepoint   ] Safepoint "Cleanup", Time since last: 1002606042 ns, Reaching safepoint: 306750 ns, At safepoint: 6250 ns, Total: 313000 ns
[2023-07-25T07:43:41.151+0000][7][safepoint   ] Safepoint "Cleanup", Time since last: 3010072294 ns, Reaching safepoint: 42125 ns, At safepoint: 1708 ns, Total: 43833 ns
[2023-07-25T07:44:01.206+0000][7][safepoint   ] Safepoint "Cleanup", Time since last: 20057112217 ns, Reaching safepoint: 484333 ns, At safepoint: 6792 ns, Total: 491125 ns
[2023-07-25T07:44:02.216+0000][7][safepoint   ] Safepoint "Cleanup", Time since last: 1009121542 ns, Reaching safepoint: 637250 ns, At safepoint: 23958 ns, Total: 661208 ns
[2023-07-25T07:44:07.244+0000][7][safepoint   ] Safepoint "Cleanup", Time since last: 5026211128 ns, Reaching safepoint: 1949583 ns, At safepoint: 20458 ns, Total: 1970041 ns
[2023-07-25T07:44:08.253+0000][7][safepoint   ] Safepoint "Cleanup", Time since last: 1007643001 ns, Reaching safepoint: 459750 ns, At safepoint: 15125 ns, Total: 474875 ns
[2023-07-25T07:44:23.294+0000][7][safepoint   ] Safepoint "Cleanup", Time since last: 15041502507 ns, Reaching safepoint: 141500 ns, At safepoint: 2833 ns, Total: 144333 ns
[2023-07-25T07:44:32.310+0000][7][safepoint   ] Safepoint "Cleanup", Time since last: 9016825629 ns, Reaching safepoint: 83667 ns, At safepoint: 21542 ns, Total: 105209 ns
[2023-07-25T07:44:47.334+0000][7][safepoint   ] Safepoint "Cleanup", Time since last: 15023323965 ns, Reaching safepoint: 530500 ns, At safepoint: 46125 ns, Total: 576625 ns
[2023-07-25T07:44:47.391+0000][7][gc,start    ] GC(20) Pause Young (Normal) (G1 Evacuation Pause)
[2023-07-25T07:44:47.392+0000][7][gc,task     ] GC(20) Using 2 workers of 2 for evacuation
[2023-07-25T07:44:47.392+0000][7][gc,age      ] GC(20) Desired survivor size 81788928 bytes, new threshold 15 (max threshold 15)
[2023-07-25T07:44:47.408+0000][7][gc,phases   ] GC(20)   Pre Evacuate Collection Set: 0.2ms
[2023-07-25T07:44:47.409+0000][7][gc,phases   ] GC(20)   Merge Heap Roots: 0.2ms
[2023-07-25T07:44:47.410+0000][7][gc,phases   ] GC(20)   Evacuate Collection Set: 13.2ms
[2023-07-25T07:44:47.411+0000][7][gc,phases   ] GC(20)   Post Evacuate Collection Set: 1.4ms
[2023-07-25T07:44:47.412+0000][7][gc,phases   ] GC(20)   Other: 1.4ms
[2023-07-25T07:44:47.413+0000][7][gc,age      ] GC(20) Age table with threshold 15 (max threshold 15)
[2023-07-25T07:44:47.414+0000][7][gc,age      ] GC(20) - age   1:    2475384 bytes,    2475384 total
[2023-07-25T07:44:47.415+0000][7][gc,age      ] GC(20) - age   2:     340592 bytes,    2815976 total
[2023-07-25T07:44:47.416+0000][7][gc,age      ] GC(20) - age   3:      32920 bytes,    2848896 total
[2023-07-25T07:44:47.417+0000][7][gc,age      ] GC(20) - age   4:     461944 bytes,    3310840 total
[2023-07-25T07:44:47.418+0000][7][gc,age      ] GC(20) - age   5:    9265584 bytes,   12576424 total
[2023-07-25T07:44:47.418+0000][7][gc,age      ] GC(20) - age   6:    1646296 bytes,   14222720 total
[2023-07-25T07:44:47.419+0000][7][gc,heap     ] GC(20) Eden regions: 303->0(303)
[2023-07-25T07:44:47.421+0000][7][gc,heap     ] GC(20) Survivor regions: 4->4(39)
[2023-07-25T07:44:47.422+0000][7][gc,heap     ] GC(20) Old regions: 26->26
[2023-07-25T07:44:47.422+0000][7][gc,heap     ] GC(20) Archive regions: 2->2
[2023-07-25T07:44:47.423+0000][7][gc,heap     ] GC(20) Humongous regions: 2->2
[2023-07-25T07:44:47.424+0000][7][gc,metaspace] GC(20) Metaspace: 116946K(119872K)->116946K(119872K) NonClass: 101629K(103168K)->101629K(103168K) Class: 15316K(16704K)->15316K(16704K)
[2023-07-25T07:44:47.425+0000][7][gc          ] GC(20) Pause Young (Normal) (G1 Evacuation Pause) 1339M->127M(2048M) 33.622ms
[2023-07-25T07:44:47.425+0000][7][gc,cpu      ] GC(20) User=0.04s Sys=0.00s Real=0.04s
[2023-07-25T07:44:47.429+0000][7][safepoint   ] Safepoint "G1CollectForAllocation", Time since last: 56370834 ns, Reaching safepoint: 300291 ns, At safepoint: 37704875 ns, Total: 38005166 ns
[2023-07-25T07:44:48.433+0000][7][safepoint   ] Safepoint "Cleanup", Time since last: 1004582917 ns, Reaching safepoint: 195792 ns, At safepoint: 20125 ns, Total: 215917 ns
[2023-07-25T07:44:53.439+0000][7][safepoint   ] Safepoint "Cleanup", Time since last: 5005555169 ns, Reaching safepoint: 33792 ns, At safepoint: 1833 ns, Total: 35625 ns
[2023-07-25T07:44:59.462+0000][7][safepoint   ] Safepoint "Cleanup", Time since last: 6010898377 ns, Reaching safepoint: 559125 ns, At safepoint: 11084 ns, Total: 570209 ns
[2023-07-25T07:45:00.484+0000][7][safepoint   ] Safepoint "Cleanup", Time since last: 1017959625 ns, Reaching safepoint: 3915708 ns, At safepoint: 16875 ns, Total: 3932583 ns
[2023-07-25T07:45:03.516+0000][7][safepoint   ] Safepoint "Cleanup", Time since last: 3024977335 ns, Reaching safepoint: 6631709 ns, At safepoint: 338541 ns, Total: 6970250 ns
[2023-07-25T07:45:05.537+0000][7][safepoint   ] Safepoint "Cleanup", Time since last: 2020932168 ns, Reaching safepoint: 391500 ns, At safepoint: 12000 ns, Total: 403500 ns
[2023-07-25T07:45:07.554+0000][7][safepoint   ] Safepoint "Cleanup", Time since last: 2016559459 ns, Reaching safepoint: 200167 ns, At safepoint: 5166 ns, Total: 205333 ns
[2023-07-25T07:45:08.562+0000][7][safepoint   ] Safepoint "Cleanup", Time since last: 1007989876 ns, Reaching safepoint: 255708 ns, At safepoint: 9625 ns, Total: 265333 ns
[2023-07-25T07:45:11.576+0000][7][safepoint   ] Safepoint "Cleanup", Time since last: 3013230127 ns, Reaching safepoint: 57458 ns, At safepoint: 1958 ns, Total: 59416 ns
[2023-07-25T07:45:12.577+0000][7][safepoint   ] Safepoint "Cleanup", Time since last: 1001297168 ns, Reaching safepoint: 352166 ns, At safepoint: 16292 ns, Total: 368458 ns
[2023-07-25T07:45:17.595+0000][7][safepoint   ] Safepoint "Cleanup", Time since last: 5017568836 ns, Reaching safepoint: 371125 ns, At safepoint: 6166 ns, Total: 377291 ns
[2023-07-25T07:45:20.617+0000][7][safepoint   ] Safepoint "Cleanup", Time since last: 3017620418 ns, Reaching safepoint: 3833084 ns, At safepoint: 21541 ns, Total: 3854625 ns
[2023-07-25T07:45:23.632+0000][7][safepoint   ] Safepoint "Cleanup", Time since last: 3014494002 ns, Reaching safepoint: 1038458 ns, At safepoint: 11208 ns, Total: 1049666 ns
[2023-07-25T07:45:28.647+0000][7][safepoint   ] Safepoint "Cleanup", Time since last: 5022336877 ns, Reaching safepoint: 187292 ns, At safepoint: 7208 ns, Total: 194500 ns
[2023-07-25T07:45:41.702+0000][7][safepoint   ] Safepoint "Cleanup", Time since last: 13053577048 ns, Reaching safepoint: 1715417 ns, At safepoint: 9375 ns, Total: 1724792 ns
[2023-07-25T07:46:01.744+0000][7][safepoint   ] Safepoint "Cleanup", Time since last: 20043910967 ns, Reaching safepoint: 283792 ns, At safepoint: 5958 ns, Total: 289750 ns
[2023-07-25T07:46:07.759+0000][7][safepoint   ] Safepoint "Cleanup", Time since last: 6013305295 ns, Reaching safepoint: 960250 ns, At safepoint: 19875 ns, Total: 980125 ns
[2023-07-25T07:46:12.779+0000][7][safepoint   ] Safepoint "Cleanup", Time since last: 5020060210 ns, Reaching safepoint: 698250 ns, At safepoint: 10000 ns, Total: 708250 ns
[2023-07-25T07:46:28.827+0000][7][safepoint   ] Safepoint "Cleanup", Time since last: 16044915466 ns, Reaching safepoint: 98125 ns, At safepoint: 5041 ns, Total: 103166 ns
[2023-07-25T07:46:30.835+0000][7][safepoint   ] Safepoint "Cleanup", Time since last: 2007564585 ns, Reaching safepoint: 237125 ns, At safepoint: 7166 ns, Total: 244291 ns
[2023-07-25T07:46:38.860+0000][7][safepoint   ] Safepoint "Cleanup", Time since last: 8024803462 ns, Reaching safepoint: 164875 ns, At safepoint: 4209 ns, Total: 169084 ns
[2023-07-25T07:46:47.872+0000][7][safepoint   ] Safepoint "Cleanup", Time since last: 9011548087 ns, Reaching safepoint: 535917 ns, At safepoint: 15167 ns, Total: 551084 ns
[2023-07-25T07:46:49.884+0000][7][safepoint   ] Safepoint "Cleanup", Time since last: 2011998542 ns, Reaching safepoint: 127417 ns, At safepoint: 3708 ns, Total: 131125 ns
[2023-07-25T07:46:53.895+0000][7][safepoint   ] Safepoint "Cleanup", Time since last: 4010257169 ns, Reaching safepoint: 459542 ns, At safepoint: 11416 ns, Total: 470958 ns
[2023-07-25T07:46:58.909+0000][7][safepoint   ] Safepoint "Cleanup", Time since last: 5014144544 ns, Reaching safepoint: 846625 ns, At safepoint: 10791 ns, Total: 857416 ns
[2023-07-25T07:47:02.911+0000][7][safepoint   ] Safepoint "Cleanup", Time since last: 4001719002 ns, Reaching safepoint: 191667 ns, At safepoint: 5375 ns, Total: 197042 ns
[2023-07-25T07:47:07.927+0000][7][safepoint   ] Safepoint "Cleanup", Time since last: 5014687502 ns, Reaching safepoint: 1315459 ns, At safepoint: 58500 ns, Total: 1373959 ns
[2023-07-25T07:47:11.936+0000][7][safepoint   ] Safepoint "Cleanup", Time since last: 4008223293 ns, Reaching safepoint: 493792 ns, At safepoint: 5875 ns, Total: 499667 ns
[2023-07-25T07:47:31.980+0000][7][safepoint   ] Safepoint "Cleanup", Time since last: 20046207467 ns, Reaching safepoint: 157625 ns, At safepoint: 5625 ns, Total: 163250 ns
[2023-07-25T07:47:37.994+0000][7][safepoint   ] Safepoint "Cleanup", Time since last: 6012850211 ns, Reaching safepoint: 674375 ns, At safepoint: 10709 ns, Total: 685084 ns
[2023-07-25T07:47:48.037+0000][7][safepoint   ] Safepoint "Cleanup", Time since last: 10042617254 ns, Reaching safepoint: 322250 ns, At safepoint: 8334 ns, Total: 330584 ns
[2023-07-25T07:47:53.051+0000][7][safepoint   ] Safepoint "Cleanup", Time since last: 5014399419 ns, Reaching safepoint: 195417 ns, At safepoint: 9875 ns, Total: 205292 ns
[2023-07-25T07:47:54.056+0000][7][safepoint   ] Safepoint "Cleanup", Time since last: 1003669208 ns, Reaching safepoint: 943500 ns, At safepoint: 33792 ns, Total: 977292 ns
[2023-07-25T07:48:00.074+0000][7][safepoint   ] Safepoint "Cleanup", Time since last: 6019969502 ns, Reaching safepoint: 626667 ns, At safepoint: 5875 ns, Total: 632542 ns
[2023-07-25T07:48:03.094+0000][7][safepoint   ] Safepoint "Cleanup", Time since last: 3018829126 ns, Reaching safepoint: 374500 ns, At safepoint: 16292 ns, Total: 390792 ns
[2023-07-25T07:48:07.108+0000][7][safepoint   ] Safepoint "Cleanup", Time since last: 4014404544 ns, Reaching safepoint: 116208 ns, At safepoint: 3917 ns, Total: 120125 ns
[2023-07-25T07:48:12.131+0000][7][safepoint   ] Safepoint "Cleanup", Time since last: 5008671294 ns, Reaching safepoint: 14004625 ns, At safepoint: 21250 ns, Total: 14025875 ns
[2023-07-25T07:48:17.141+0000][7][safepoint   ] Safepoint "Cleanup", Time since last: 5010216960 ns, Reaching safepoint: 290459 ns, At safepoint: 2250 ns, Total: 292709 ns
[2023-07-25T07:48:23.157+0000][7][safepoint   ] Safepoint "Cleanup", Time since last: 6015825753 ns, Reaching safepoint: 56250 ns, At safepoint: 1500 ns, Total: 57750 ns
[2023-07-25T07:48:24.160+0000][7][safepoint   ] Safepoint "Cleanup", Time since last: 1002394958 ns, Reaching safepoint: 136042 ns, At safepoint: 3125 ns, Total: 139167 ns
[2023-07-25T07:48:33.192+0000][7][safepoint   ] Safepoint "Cleanup", Time since last: 9016470254 ns, Reaching safepoint: 510208 ns, At safepoint: 10625 ns, Total: 520833 ns
[2023-07-25T07:48:40.214+0000][7][safepoint   ] Safepoint "Cleanup", Time since last: 7020161670 ns, Reaching safepoint: 1801250 ns, At safepoint: 20209 ns, Total: 1821459 ns
[2023-07-25T07:48:42.229+0000][7][safepoint   ] Safepoint "Cleanup", Time since last: 2014937834 ns, Reaching safepoint: 126958 ns, At safepoint: 3959 ns, Total: 130917 ns
[2023-07-25T07:48:59.252+0000][7][safepoint   ] Safepoint "Cleanup", Time since last: 17036645840 ns, Reaching safepoint: 166792 ns, At safepoint: 12541 ns, Total: 179333 ns
[2023-07-25T07:49:01.260+0000][7][safepoint   ] Safepoint "Cleanup", Time since last: 2004203293 ns, Reaching safepoint: 4318958 ns, At safepoint: 24042 ns, Total: 4343000 ns
[2023-07-25T07:49:07.282+0000][7][safepoint   ] Safepoint "Cleanup", Time since last: 6021306211 ns, Reaching safepoint: 518875 ns, At safepoint: 10792 ns, Total: 529667 ns
[2023-07-25T07:49:23.345+0000][7][safepoint   ] Safepoint "Cleanup", Time since last: 16062425674 ns, Reaching safepoint: 275167 ns, At safepoint: 4250 ns, Total: 279417 ns
[2023-07-25T07:49:33.364+0000][7][safepoint   ] Safepoint "Cleanup", Time since last: 10016629962 ns, Reaching safepoint: 471000 ns, At safepoint: 8125 ns, Total: 479125 ns
[2023-07-25T07:49:47.407+0000][7][safepoint   ] Safepoint "Cleanup", Time since last: 14042917090 ns, Reaching safepoint: 116583 ns, At safepoint: 5834 ns, Total: 122417 ns
[2023-07-25T07:49:57.428+0000][7][safepoint   ] Safepoint "Cleanup", Time since last: 10020498380 ns, Reaching safepoint: 313875 ns, At safepoint: 13791 ns, Total: 327666 ns
[2023-07-25T07:49:59.439+0000][7][safepoint   ] Safepoint "Cleanup", Time since last: 2009567126 ns, Reaching safepoint: 102542 ns, At safepoint: 3166 ns, Total: 105708 ns
[2023-07-25T07:50:05.447+0000][7][safepoint   ] Safepoint "Cleanup", Time since last: 6007812545 ns, Reaching safepoint: 443958 ns, At safepoint: 13125 ns, Total: 457083 ns
[2023-07-25T07:50:06.460+0000][7][safepoint   ] Safepoint "Cleanup", Time since last: 1012162792 ns, Reaching safepoint: 694125 ns, At safepoint: 7167 ns, Total: 701292 ns
[2023-07-25T07:50:07.472+0000][7][safepoint   ] Safepoint "Cleanup", Time since last: 1010148209 ns, Reaching safepoint: 1588333 ns, At safepoint: 174708 ns, Total: 1763041 ns
[2023-07-25T07:50:17.496+0000][7][safepoint   ] Safepoint "Cleanup", Time since last: 10023561797 ns, Reaching safepoint: 295833 ns, At safepoint: 59750 ns, Total: 355583 ns
[2023-07-25T07:50:18.500+0000][7][safepoint   ] Safepoint "Cleanup", Time since last: 1003301667 ns, Reaching safepoint: 455042 ns, At safepoint: 16667 ns, Total: 471709 ns
[2023-07-25T07:50:23.526+0000][7][safepoint   ] Safepoint "Cleanup", Time since last: 5026345710 ns, Reaching safepoint: 477667 ns, At safepoint: 13667 ns, Total: 491334 ns
[2023-07-25T07:50:32.548+0000][7][safepoint   ] Safepoint "Cleanup", Time since last: 9021812879 ns, Reaching safepoint: 330166 ns, At safepoint: 11250 ns, Total: 341416 ns
[2023-07-25T07:50:35.564+0000][7][safepoint   ] Safepoint "Cleanup", Time since last: 3016206627 ns, Reaching safepoint: 173875 ns, At safepoint: 10916 ns, Total: 184791 ns
[2023-07-25T07:50:37.571+0000][7][safepoint   ] Safepoint "Cleanup", Time since last: 2006430168 ns, Reaching safepoint: 534167 ns, At safepoint: 98708 ns, Total: 632875 ns
[2023-07-25T07:50:47.603+0000][7][safepoint   ] Safepoint "Cleanup", Time since last: 10031379088 ns, Reaching safepoint: 665959 ns, At safepoint: 5791 ns, Total: 671750 ns
[2023-07-25T07:50:50.621+0000][7][safepoint   ] Safepoint "Cleanup", Time since last: 3017189793 ns, Reaching safepoint: 710375 ns, At safepoint: 14959 ns, Total: 725334 ns
[2023-07-25T07:50:53.479+0000][7][gc,start    ] GC(21) Pause Young (Normal) (G1 Evacuation Pause)
[2023-07-25T07:50:53.480+0000][7][gc,task     ] GC(21) Using 2 workers of 2 for evacuation
[2023-07-25T07:50:53.480+0000][7][gc,age      ] GC(21) Desired survivor size 81788928 bytes, new threshold 15 (max threshold 15)
[2023-07-25T07:50:53.495+0000][7][gc,phases   ] GC(21)   Pre Evacuate Collection Set: 0.2ms
[2023-07-25T07:50:53.496+0000][7][gc,phases   ] GC(21)   Merge Heap Roots: 0.2ms
[2023-07-25T07:50:53.497+0000][7][gc,phases   ] GC(21)   Evacuate Collection Set: 12.6ms
[2023-07-25T07:50:53.498+0000][7][gc,phases   ] GC(21)   Post Evacuate Collection Set: 1.4ms
[2023-07-25T07:50:53.500+0000][7][gc,phases   ] GC(21)   Other: 1.3ms
[2023-07-25T07:50:53.501+0000][7][gc,age      ] GC(21) Age table with threshold 15 (max threshold 15)
[2023-07-25T07:50:53.502+0000][7][gc,age      ] GC(21) - age   1:    1230584 bytes,    1230584 total
[2023-07-25T07:50:53.502+0000][7][gc,age      ] GC(21) - age   2:     421176 bytes,    1651760 total
[2023-07-25T07:50:53.503+0000][7][gc,age      ] GC(21) - age   3:     337824 bytes,    1989584 total
[2023-07-25T07:50:53.504+0000][7][gc,age      ] GC(21) - age   4:      32144 bytes,    2021728 total
[2023-07-25T07:50:53.505+0000][7][gc,age      ] GC(21) - age   5:     461712 bytes,    2483440 total
[2023-07-25T07:50:53.505+0000][7][gc,age      ] GC(21) - age   6:    9265584 bytes,   11749024 total
[2023-07-25T07:50:53.506+0000][7][gc,age      ] GC(21) - age   7:    1646296 bytes,   13395320 total
[2023-07-25T07:50:53.507+0000][7][gc,heap     ] GC(21) Eden regions: 303->0(303)
[2023-07-25T07:50:53.507+0000][7][gc,heap     ] GC(21) Survivor regions: 4->4(39)
[2023-07-25T07:50:53.508+0000][7][gc,heap     ] GC(21) Old regions: 26->26
[2023-07-25T07:50:53.509+0000][7][gc,heap     ] GC(21) Archive regions: 2->2
[2023-07-25T07:50:53.510+0000][7][gc,heap     ] GC(21) Humongous regions: 2->2
[2023-07-25T07:50:53.518+0000][7][gc,metaspace] GC(21) Metaspace: 117094K(120064K)->117094K(120064K) NonClass: 101775K(103360K)->101775K(103360K) Class: 15319K(16704K)->15319K(16704K)
[2023-07-25T07:50:53.520+0000][7][gc          ] GC(21) Pause Young (Normal) (G1 Evacuation Pause) 1339M->128M(2048M) 40.442ms
[2023-07-25T07:50:53.521+0000][7][gc,cpu      ] GC(21) User=0.03s Sys=0.01s Real=0.04s
[2023-07-25T07:50:53.522+0000][7][safepoint   ] Safepoint "G1CollectForAllocation", Time since last: 2858248209 ns, Reaching safepoint: 24125 ns, At safepoint: 42273334 ns, Total: 42297459 ns
[2023-07-25T07:51:05.548+0000][7][safepoint   ] Safepoint "Cleanup", Time since last: 12021749088 ns, Reaching safepoint: 2075042 ns, At safepoint: 18333 ns, Total: 2093375 ns
[2023-07-25T07:51:06.562+0000][7][safepoint   ] Safepoint "Cleanup", Time since last: 1014176168 ns, Reaching safepoint: 117416 ns, At safepoint: 4875 ns, Total: 122291 ns
[2023-07-25T07:51:07.565+0000][7][safepoint   ] Safepoint "Cleanup", Time since last: 1002612126 ns, Reaching safepoint: 137666 ns, At safepoint: 9125 ns, Total: 146791 ns
[2023-07-25T07:51:08.567+0000][7][safepoint   ] Safepoint "Cleanup", Time since last: 1001121126 ns, Reaching safepoint: 470875 ns, At safepoint: 10500 ns, Total: 481375 ns
[2023-07-25T07:51:11.585+0000][7][safepoint   ] Safepoint "Cleanup", Time since last: 3017940460 ns, Reaching safepoint: 299833 ns, At safepoint: 3750 ns, Total: 303583 ns
[2023-07-25T07:51:17.612+0000][7][safepoint   ] Safepoint "Cleanup", Time since last: 6025335878 ns, Reaching safepoint: 1656958 ns, At safepoint: 11375 ns, Total: 1668333 ns
[2023-07-25T07:51:23.661+0000][7][safepoint   ] Safepoint "Cleanup", Time since last: 6048764420 ns, Reaching safepoint: 109791 ns, At safepoint: 13917 ns, Total: 123708 ns
[2023-07-25T07:51:32.686+0000][7][safepoint   ] Safepoint "Cleanup", Time since last: 9027136504 ns, Reaching safepoint: 705125 ns, At safepoint: 8250 ns, Total: 713375 ns
[2023-07-25T07:51:35.701+0000][7][safepoint   ] Safepoint "Cleanup", Time since last: 3015135835 ns, Reaching safepoint: 284792 ns, At safepoint: 15833 ns, Total: 300625 ns
[2023-07-25T07:51:37.710+0000][7][safepoint   ] Safepoint "Cleanup", Time since last: 2007690417 ns, Reaching safepoint: 469625 ns, At safepoint: 10750 ns, Total: 480375 ns
[2023-07-25T07:51:41.729+0000][7][safepoint   ] Safepoint "Cleanup", Time since last: 4019485336 ns, Reaching safepoint: 63583 ns, At safepoint: 3458 ns, Total: 67041 ns
[2023-07-25T07:51:53.763+0000][7][safepoint   ] Safepoint "Cleanup", Time since last: 12032838006 ns, Reaching safepoint: 597667 ns, At safepoint: 14083 ns, Total: 611750 ns
[2023-07-25T07:51:54.771+0000][7][safepoint   ] Safepoint "Cleanup", Time since last: 1008485417 ns, Reaching safepoint: 204500 ns, At safepoint: 8334 ns, Total: 212834 ns
[2023-07-25T07:51:58.777+0000][7][safepoint   ] Safepoint "Cleanup", Time since last: 4004808292 ns, Reaching safepoint: 384084 ns, At safepoint: 8875 ns, Total: 392959 ns
[2023-07-25T07:52:00.789+0000][7][safepoint   ] Safepoint "Cleanup", Time since last: 2011967209 ns, Reaching safepoint: 208167 ns, At safepoint: 5541 ns, Total: 213708 ns
[2023-07-25T07:52:02.797+0000][7][safepoint   ] Safepoint "Cleanup", Time since last: 2007544584 ns, Reaching safepoint: 112917 ns, At safepoint: 5333 ns, Total: 118250 ns
[2023-07-25T07:52:07.817+0000][7][safepoint   ] Safepoint "Cleanup", Time since last: 5012857961 ns, Reaching safepoint: 7692167 ns, At safepoint: 25750 ns, Total: 7717917 ns
[2023-07-25T07:52:11.848+0000][7][safepoint   ] Safepoint "Cleanup", Time since last: 4029657127 ns, Reaching safepoint: 566291 ns, At safepoint: 12084 ns, Total: 578375 ns
[2023-07-25T07:52:17.874+0000][7][safepoint   ] Safepoint "Cleanup", Time since last: 6026105461 ns, Reaching safepoint: 173583 ns, At safepoint: 3959 ns, Total: 177542 ns
[2023-07-25T07:52:20.885+0000][7][safepoint   ] Safepoint "Cleanup", Time since last: 3009458001 ns, Reaching safepoint: 1334083 ns, At safepoint: 10209 ns, Total: 1344292 ns
[2023-07-25T07:52:23.898+0000][7][safepoint   ] Safepoint "Cleanup", Time since last: 3012953293 ns, Reaching safepoint: 87917 ns, At safepoint: 2000 ns, Total: 89917 ns
[2023-07-25T07:52:26.912+0000][7][safepoint   ] Safepoint "Cleanup", Time since last: 3013693751 ns, Reaching safepoint: 399750 ns, At safepoint: 5542 ns, Total: 405292 ns
[2023-07-25T07:52:36.953+0000][7][safepoint   ] Safepoint "Cleanup", Time since last: 10043924962 ns, Reaching safepoint: 306542 ns, At safepoint: 11750 ns, Total: 318292 ns
[2023-07-25T07:52:41.988+0000][7][safepoint   ] Safepoint "Cleanup", Time since last: 5034276211 ns, Reaching safepoint: 96875 ns, At safepoint: 8625 ns, Total: 105500 ns
[2023-07-25T07:52:42.991+0000][7][safepoint   ] Safepoint "Cleanup", Time since last: 1003180542 ns, Reaching safepoint: 609833 ns, At safepoint: 22833 ns, Total: 632666 ns
[2023-07-25T07:52:59.041+0000][7][safepoint   ] Safepoint "Cleanup", Time since last: 16046883174 ns, Reaching safepoint: 194083 ns, At safepoint: 33959 ns, Total: 228042 ns
[2023-07-25T07:53:03.063+0000][7][safepoint   ] Safepoint "Cleanup", Time since last: 4017832752 ns, Reaching safepoint: 4047125 ns, At safepoint: 15958 ns, Total: 4063083 ns
[2023-07-25T07:53:06.066+0000][7][safepoint   ] Safepoint "Cleanup", Time since last: 3003094626 ns, Reaching safepoint: 269417 ns, At safepoint: 15792 ns, Total: 285209 ns
[2023-07-25T07:53:12.090+0000][7][safepoint   ] Safepoint "Cleanup", Time since last: 6024186294 ns, Reaching safepoint: 244917 ns, At safepoint: 6583 ns, Total: 251500 ns
[2023-07-25T07:53:30.141+0000][7][safepoint   ] Safepoint "Cleanup", Time since last: 18048282925 ns, Reaching safepoint: 1890291 ns, At safepoint: 9584 ns, Total: 1899875 ns
[2023-07-25T07:53:38.161+0000][7][safepoint   ] Safepoint "Cleanup", Time since last: 8019951253 ns, Reaching safepoint: 488542 ns, At safepoint: 5167 ns, Total: 493709 ns
[2023-07-25T07:53:50.180+0000][7][safepoint   ] Safepoint "Cleanup", Time since last: 12018817422 ns, Reaching safepoint: 198625 ns, At safepoint: 5333 ns, Total: 203958 ns
[2023-07-25T07:53:54.194+0000][7][safepoint   ] Safepoint "Cleanup", Time since last: 4013769586 ns, Reaching safepoint: 133000 ns, At safepoint: 5291 ns, Total: 138291 ns
[2023-07-25T07:54:07.215+0000][7][safepoint   ] Safepoint "Cleanup", Time since last: 13019944215 ns, Reaching safepoint: 256625 ns, At safepoint: 9208 ns, Total: 265833 ns
[2023-07-25T07:54:23.277+0000][7][safepoint   ] Safepoint "Cleanup", Time since last: 16061931549 ns, Reaching safepoint: 541792 ns, At safepoint: 15625 ns, Total: 557417 ns
[2023-07-25T07:54:24.279+0000][7][safepoint   ] Safepoint "Cleanup", Time since last: 1001150250 ns, Reaching safepoint: 169709 ns, At safepoint: 3500 ns, Total: 173209 ns
[2023-07-25T07:54:27.678+0000][7][safepoint   ] Safepoint "Cleanup", Time since last: 3396016710 ns, Reaching safepoint: 3533583 ns, At safepoint: 17625 ns, Total: 3551208 ns
[2023-07-25T07:54:35.706+0000][7][safepoint   ] Safepoint "Cleanup", Time since last: 8027204003 ns, Reaching safepoint: 71417 ns, At safepoint: 2958 ns, Total: 74375 ns
[2023-07-25T07:54:38.714+0000][7][safepoint   ] Safepoint "Cleanup", Time since last: 3007116710 ns, Reaching safepoint: 980084 ns, At safepoint: 11125 ns, Total: 991209 ns
[2023-07-25T07:54:46.424+0000][7][safepoint   ] Safepoint "Cleanup", Time since last: 7708768420 ns, Reaching safepoint: 742500 ns, At safepoint: 8792 ns, Total: 751292 ns
[2023-07-25T07:54:47.434+0000][7][safepoint   ] Safepoint "Cleanup", Time since last: 1010014708 ns, Reaching safepoint: 202459 ns, At safepoint: 7750 ns, Total: 210209 ns
[2023-07-25T07:54:55.447+0000][7][safepoint   ] Safepoint "Cleanup", Time since last: 8012907295 ns, Reaching safepoint: 660459 ns, At safepoint: 11500 ns, Total: 671959 ns
[2023-07-25T07:54:56.470+0000][7][safepoint   ] Safepoint "Cleanup", Time since last: 1022002333 ns, Reaching safepoint: 315459 ns, At safepoint: 10375 ns, Total: 325834 ns
[2023-07-25T07:54:57.479+0000][7][safepoint   ] Safepoint "Cleanup", Time since last: 1006708959 ns, Reaching safepoint: 2131583 ns, At safepoint: 21125 ns, Total: 2152708 ns
[2023-07-25T07:54:59.505+0000][7][safepoint   ] Safepoint "Cleanup", Time since last: 2022937083 ns, Reaching safepoint: 107584 ns, At safepoint: 4125 ns, Total: 111709 ns
[2023-07-25T07:55:00.508+0000][7][safepoint   ] Safepoint "Cleanup", Time since last: 1002329792 ns, Reaching safepoint: 398333 ns, At safepoint: 5000 ns, Total: 403333 ns
[2023-07-25T07:55:02.516+0000][7][safepoint   ] Safepoint "Cleanup", Time since last: 2007729001 ns, Reaching safepoint: 168958 ns, At safepoint: 6834 ns, Total: 175792 ns
[2023-07-25T07:55:07.523+0000][7][safepoint   ] Safepoint "Cleanup", Time since last: 5006301585 ns, Reaching safepoint: 578792 ns, At safepoint: 15125 ns, Total: 593917 ns
[2023-07-25T07:55:20.563+0000][7][safepoint   ] Safepoint "Cleanup", Time since last: 13040134548 ns, Reaching safepoint: 463292 ns, At safepoint: 22541 ns, Total: 485833 ns
[2023-07-25T07:55:29.583+0000][7][safepoint   ] Safepoint "Cleanup", Time since last: 9023801045 ns, Reaching safepoint: 145375 ns, At safepoint: 3209 ns, Total: 148584 ns
[2023-07-25T07:55:39.608+0000][7][safepoint   ] Safepoint "Cleanup", Time since last: 10024194754 ns, Reaching safepoint: 685084 ns, At safepoint: 8708 ns, Total: 693792 ns
[2023-07-25T07:55:41.701+0000][7][safepoint   ] Safepoint "Cleanup", Time since last: 2092069709 ns, Reaching safepoint: 311917 ns, At safepoint: 8250 ns, Total: 320167 ns
[2023-07-25T07:56:05.756+0000][7][safepoint   ] Safepoint "Cleanup", Time since last: 24052868802 ns, Reaching safepoint: 135583 ns, At safepoint: 3917 ns, Total: 139500 ns
[2023-07-25T07:56:07.761+0000][7][safepoint   ] Safepoint "Cleanup", Time since last: 2004210959 ns, Reaching safepoint: 542417 ns, At safepoint: 6208 ns, Total: 548625 ns
[2023-07-25T07:56:08.769+0000][7][safepoint   ] Safepoint "Cleanup", Time since last: 1008457584 ns, Reaching safepoint: 387167 ns, At safepoint: 13583 ns, Total: 400750 ns
[2023-07-25T07:56:09.779+0000][7][safepoint   ] Safepoint "Cleanup", Time since last: 1009079542 ns, Reaching safepoint: 149625 ns, At safepoint: 5417 ns, Total: 155042 ns
[2023-07-25T07:56:11.791+0000][7][safepoint   ] Safepoint "Cleanup", Time since last: 2011082126 ns, Reaching safepoint: 844750 ns, At safepoint: 226125 ns, Total: 1070875 ns
[2023-07-25T07:56:17.820+0000][7][safepoint   ] Safepoint "Cleanup", Time since last: 6029081545 ns, Reaching safepoint: 327791 ns, At safepoint: 9834 ns, Total: 337625 ns
[2023-07-25T07:56:20.839+0000][7][safepoint   ] Safepoint "Cleanup", Time since last: 3015640459 ns, Reaching safepoint: 2877375 ns, At safepoint: 47792 ns, Total: 2925167 ns
[2023-07-25T07:56:23.854+0000][7][safepoint   ] Safepoint "Cleanup", Time since last: 3014772501 ns, Reaching safepoint: 120917 ns, At safepoint: 5833 ns, Total: 126750 ns
[2023-07-25T07:56:30.864+0000][7][safepoint   ] Safepoint "Cleanup", Time since last: 7015333086 ns, Reaching safepoint: 141083 ns, At safepoint: 5000 ns, Total: 146083 ns
[2023-07-25T07:56:32.875+0000][7][safepoint   ] Safepoint "Cleanup", Time since last: 2009161001 ns, Reaching safepoint: 2191375 ns, At safepoint: 22250 ns, Total: 2213625 ns
[2023-07-25T07:56:33.879+0000][7][safepoint   ] Safepoint "Cleanup", Time since last: 1003871001 ns, Reaching safepoint: 238875 ns, At safepoint: 5917 ns, Total: 244792 ns
[2023-07-25T07:56:35.652+0000][7][safepoint   ] Safepoint "Cleanup", Time since last: 1772641000 ns, Reaching safepoint: 134834 ns, At safepoint: 5708 ns, Total: 140542 ns
[2023-07-25T07:56:37.638+0000][7][safepoint   ] Safepoint "Cleanup", Time since last: 1985725876 ns, Reaching safepoint: 325083 ns, At safepoint: 6667 ns, Total: 331750 ns
[2023-07-25T07:56:38.650+0000][7][safepoint   ] Safepoint "Cleanup", Time since last: 1011136667 ns, Reaching safepoint: 300417 ns, At safepoint: 7333 ns, Total: 307750 ns
[2023-07-25T07:56:40.668+0000][7][safepoint   ] Safepoint "Cleanup", Time since last: 2016609959 ns, Reaching safepoint: 2277959 ns, At safepoint: 14291 ns, Total: 2292250 ns
[2023-07-25T07:56:53.732+0000][7][safepoint   ] Safepoint "Cleanup", Time since last: 13062960882 ns, Reaching safepoint: 184375 ns, At safepoint: 7666 ns, Total: 192041 ns
[2023-07-25T07:56:59.171+0000][7][gc,start    ] GC(22) Pause Young (Normal) (G1 Evacuation Pause)
[2023-07-25T07:56:59.172+0000][7][gc,task     ] GC(22) Using 2 workers of 2 for evacuation
[2023-07-25T07:56:59.173+0000][7][gc,age      ] GC(22) Desired survivor size 81788928 bytes, new threshold 15 (max threshold 15)
[2023-07-25T07:56:59.189+0000][7][gc,phases   ] GC(22)   Pre Evacuate Collection Set: 0.3ms
[2023-07-25T07:56:59.190+0000][7][gc,phases   ] GC(22)   Merge Heap Roots: 0.2ms
[2023-07-25T07:56:59.191+0000][7][gc,phases   ] GC(22)   Evacuate Collection Set: 13.2ms
[2023-07-25T07:56:59.194+0000][7][gc,phases   ] GC(22)   Post Evacuate Collection Set: 1.6ms
[2023-07-25T07:56:59.195+0000][7][gc,phases   ] GC(22)   Other: 1.8ms
[2023-07-25T07:56:59.196+0000][7][gc,age      ] GC(22) Age table with threshold 15 (max threshold 15)
[2023-07-25T07:56:59.197+0000][7][gc,age      ] GC(22) - age   1:    2072840 bytes,    2072840 total
[2023-07-25T07:56:59.197+0000][7][gc,age      ] GC(22) - age   2:      37400 bytes,    2110240 total
[2023-07-25T07:56:59.198+0000][7][gc,age      ] GC(22) - age   3:     419920 bytes,    2530160 total
[2023-07-25T07:56:59.199+0000][7][gc,age      ] GC(22) - age   4:     337528 bytes,    2867688 total
[2023-07-25T07:56:59.199+0000][7][gc,age      ] GC(22) - age   5:      32144 bytes,    2899832 total
[2023-07-25T07:56:59.200+0000][7][gc,age      ] GC(22) - age   6:     461712 bytes,    3361544 total
[2023-07-25T07:56:59.201+0000][7][gc,age      ] GC(22) - age   7:    9208240 bytes,   12569784 total
[2023-07-25T07:56:59.202+0000][7][gc,age      ] GC(22) - age   8:    1643512 bytes,   14213296 total
[2023-07-25T07:56:59.202+0000][7][gc,heap     ] GC(22) Eden regions: 303->0(303)
[2023-07-25T07:56:59.203+0000][7][gc,heap     ] GC(22) Survivor regions: 4->4(39)
[2023-07-25T07:56:59.204+0000][7][gc,heap     ] GC(22) Old regions: 26->26
[2023-07-25T07:56:59.204+0000][7][gc,heap     ] GC(22) Archive regions: 2->2
[2023-07-25T07:56:59.205+0000][7][gc,heap     ] GC(22) Humongous regions: 2->2
[2023-07-25T07:56:59.206+0000][7][gc,metaspace] GC(22) Metaspace: 117215K(120128K)->117215K(120128K) NonClass: 101891K(103424K)->101891K(103424K) Class: 15324K(16704K)->15324K(16704K)
[2023-07-25T07:56:59.206+0000][7][gc          ] GC(22) Pause Young (Normal) (G1 Evacuation Pause) 1340M->127M(2048M) 35.321ms
[2023-07-25T07:56:59.207+0000][7][gc,cpu      ] GC(22) User=0.03s Sys=0.00s Real=0.04s
[2023-07-25T07:56:59.208+0000][7][safepoint   ] Safepoint "G1CollectForAllocation", Time since last: 5435637794 ns, Reaching safepoint: 90958 ns, At safepoint: 36641375 ns, Total: 36732333 ns
[2023-07-25T07:57:07.220+0000][7][safepoint   ] Safepoint "Cleanup", Time since last: 8011691004 ns, Reaching safepoint: 289959 ns, At safepoint: 10375 ns, Total: 300334 ns
[2023-07-25T07:57:09.229+0000][7][safepoint   ] Safepoint "Cleanup", Time since last: 2008522834 ns, Reaching safepoint: 429666 ns, At safepoint: 8334 ns, Total: 438000 ns
[2023-07-25T07:57:11.238+0000][7][safepoint   ] Safepoint "Cleanup", Time since last: 2009659584 ns, Reaching safepoint: 34000 ns, At safepoint: 1792 ns, Total: 35792 ns
[2023-07-25T07:57:12.245+0000][7][safepoint   ] Safepoint "Cleanup", Time since last: 1005887250 ns, Reaching safepoint: 448084 ns, At safepoint: 8583 ns, Total: 456667 ns
[2023-07-25T07:57:17.266+0000][7][safepoint   ] Safepoint "Cleanup", Time since last: 5020979044 ns, Reaching safepoint: 252625 ns, At safepoint: 3292 ns, Total: 255917 ns
[2023-07-25T07:57:24.287+0000][7][safepoint   ] Safepoint "Cleanup", Time since last: 7009335836 ns, Reaching safepoint: 11476792 ns, At safepoint: 15958 ns, Total: 11492750 ns
[2023-07-25T07:57:36.310+0000][7][safepoint   ] Safepoint "Cleanup", Time since last: 12024392505 ns, Reaching safepoint: 181792 ns, At safepoint: 3458 ns, Total: 185250 ns
[2023-07-25T07:57:38.332+0000][7][safepoint   ] Safepoint "Cleanup", Time since last: 2017730043 ns, Reaching safepoint: 3803625 ns, At safepoint: 28833 ns, Total: 3832458 ns
[2023-07-25T07:57:41.341+0000][7][safepoint   ] Safepoint "Cleanup", Time since last: 3008905918 ns, Reaching safepoint: 148083 ns, At safepoint: 3334 ns, Total: 151417 ns
[2023-07-25T07:58:03.384+0000][7][safepoint   ] Safepoint "Cleanup", Time since last: 22040309259 ns, Reaching safepoint: 1645750 ns, At safepoint: 7375 ns, Total: 1653125 ns
[2023-07-25T07:58:07.408+0000][7][safepoint   ] Safepoint "Cleanup", Time since last: 4023771794 ns, Reaching safepoint: 415458 ns, At safepoint: 17542 ns, Total: 433000 ns
[2023-07-25T07:58:20.445+0000][7][safepoint   ] Safepoint "Cleanup", Time since last: 13036648048 ns, Reaching safepoint: 150208 ns, At safepoint: 3958 ns, Total: 154166 ns
[2023-07-25T07:58:35.481+0000][7][safepoint   ] Safepoint "Cleanup", Time since last: 15037250674 ns, Reaching safepoint: 170000 ns, At safepoint: 8583 ns, Total: 178583 ns
[2023-07-25T07:58:37.489+0000][7][safepoint   ] Safepoint "Cleanup", Time since last: 2007870126 ns, Reaching safepoint: 154250 ns, At safepoint: 5417 ns, Total: 159667 ns
[2023-07-25T07:58:38.495+0000][7][safepoint   ] Safepoint "Cleanup", Time since last: 1005178042 ns, Reaching safepoint: 318292 ns, At safepoint: 7583 ns, Total: 325875 ns
[2023-07-25T07:58:42.501+0000][7][safepoint   ] Safepoint "Cleanup", Time since last: 4006225919 ns, Reaching safepoint: 181458 ns, At safepoint: 7125 ns, Total: 188583 ns
[2023-07-25T07:58:48.514+0000][7][safepoint   ] Safepoint "Cleanup", Time since last: 6012190961 ns, Reaching safepoint: 386750 ns, At safepoint: 8084 ns, Total: 394834 ns
[2023-07-25T07:59:03.538+0000][7][safepoint   ] Safepoint "Cleanup", Time since last: 15025715465 ns, Reaching safepoint: 539333 ns, At safepoint: 6083 ns, Total: 545416 ns
[2023-07-25T07:59:07.548+0000][7][safepoint   ] Safepoint "Cleanup", Time since last: 4009335627 ns, Reaching safepoint: 837834 ns, At safepoint: 45333 ns, Total: 883167 ns
[2023-07-25T07:59:08.560+0000][7][safepoint   ] Safepoint "Cleanup", Time since last: 1011413834 ns, Reaching safepoint: 435208 ns, At safepoint: 8333 ns, Total: 443541 ns
[2023-07-25T07:59:23.594+0000][7][safepoint   ] Safepoint "Cleanup", Time since last: 15033820591 ns, Reaching safepoint: 224000 ns, At safepoint: 2958 ns, Total: 226958 ns
[2023-07-25T07:59:29.603+0000][7][safepoint   ] Safepoint "Cleanup", Time since last: 6006919044 ns, Reaching safepoint: 47583 ns, At safepoint: 4500 ns, Total: 52083 ns
[2023-07-25T07:59:43.632+0000][7][safepoint   ] Safepoint "Cleanup", Time since last: 14027986590 ns, Reaching safepoint: 522167 ns, At safepoint: 13833 ns, Total: 536000 ns
[2023-07-25T07:59:48.649+0000][7][safepoint   ] Safepoint "Cleanup", Time since last: 5016404961 ns, Reaching safepoint: 520958 ns, At safepoint: 13625 ns, Total: 534583 ns
[2023-07-25T08:00:03.701+0000][7][safepoint   ] Safepoint "Cleanup", Time since last: 15050568756 ns, Reaching safepoint: 925709 ns, At safepoint: 10708 ns, Total: 936417 ns
[2023-07-25T08:00:11.743+0000][7][safepoint   ] Safepoint "Cleanup", Time since last: 8042412046 ns, Reaching safepoint: 181541 ns, At safepoint: 8000 ns, Total: 189541 ns
[2023-07-25T08:00:23.764+0000][7][safepoint   ] Safepoint "Cleanup", Time since last: 12020237506 ns, Reaching safepoint: 578292 ns, At safepoint: 16333 ns, Total: 594625 ns
[2023-07-25T08:00:35.796+0000][7][safepoint   ] Safepoint "Cleanup", Time since last: 12030700921 ns, Reaching safepoint: 1312167 ns, At safepoint: 11500 ns, Total: 1323667 ns
[2023-07-25T08:00:47.832+0000][7][safepoint   ] Safepoint "Cleanup", Time since last: 12035481339 ns, Reaching safepoint: 299125 ns, At safepoint: 10792 ns, Total: 309917 ns
[2023-07-25T08:00:51.860+0000][7][safepoint   ] Safepoint "Cleanup", Time since last: 4027379668 ns, Reaching safepoint: 315625 ns, At safepoint: 13000 ns, Total: 328625 ns
[2023-07-25T08:00:59.881+0000][7][safepoint   ] Safepoint "Cleanup", Time since last: 8023093837 ns, Reaching safepoint: 191375 ns, At safepoint: 4042 ns, Total: 195417 ns
[2023-07-25T08:01:00.882+0000][7][safepoint   ] Safepoint "Cleanup", Time since last: 1001550333 ns, Reaching safepoint: 241750 ns, At safepoint: 5459 ns, Total: 247209 ns
[2023-07-25T08:01:03.898+0000][7][safepoint   ] Safepoint "Cleanup", Time since last: 3014789418 ns, Reaching safepoint: 642583 ns, At safepoint: 9667 ns, Total: 652250 ns
[2023-07-25T08:01:05.921+0000][7][safepoint   ] Safepoint "Cleanup", Time since last: 2021983917 ns, Reaching safepoint: 789500 ns, At safepoint: 9750 ns, Total: 799250 ns
[2023-07-25T08:01:07.945+0000][7][safepoint   ] Safepoint "Cleanup", Time since last: 2023756793 ns, Reaching safepoint: 319292 ns, At safepoint: 8291 ns, Total: 327583 ns
[2023-07-25T08:01:15.973+0000][7][safepoint   ] Safepoint "Cleanup", Time since last: 8028049504 ns, Reaching safepoint: 423042 ns, At safepoint: 5958 ns, Total: 429000 ns
[2023-07-25T08:01:21.001+0000][7][safepoint   ] Safepoint "Cleanup", Time since last: 5026829294 ns, Reaching safepoint: 530125 ns, At safepoint: 12167 ns, Total: 542292 ns
[2023-07-25T08:01:34.050+0000][7][safepoint   ] Safepoint "Cleanup", Time since last: 13047619089 ns, Reaching safepoint: 837666 ns, At safepoint: 11042 ns, Total: 848708 ns
[2023-07-25T08:01:46.088+0000][7][safepoint   ] Safepoint "Cleanup", Time since last: 12038055214 ns, Reaching safepoint: 205042 ns, At safepoint: 5916 ns, Total: 210958 ns
[2023-07-25T08:01:48.096+0000][7][safepoint   ] Safepoint "Cleanup", Time since last: 2007353085 ns, Reaching safepoint: 127375 ns, At safepoint: 4791 ns, Total: 132166 ns
[2023-07-25T08:01:51.101+0000][7][safepoint   ] Safepoint "Cleanup", Time since last: 3005308877 ns, Reaching safepoint: 306666 ns, At safepoint: 7417 ns, Total: 314083 ns
[2023-07-25T08:01:54.124+0000][7][safepoint   ] Safepoint "Cleanup", Time since last: 3021741418 ns, Reaching safepoint: 1008417 ns, At safepoint: 12000 ns, Total: 1020417 ns
[2023-07-25T08:02:07.152+0000][7][safepoint   ] Safepoint "Cleanup", Time since last: 13025138922 ns, Reaching safepoint: 222583 ns, At safepoint: 3500 ns, Total: 226083 ns
[2023-07-25T08:02:32.228+0000][7][safepoint   ] Safepoint "Cleanup", Time since last: 25070196595 ns, Reaching safepoint: 374459 ns, At safepoint: 7708 ns, Total: 382167 ns
[2023-07-25T08:02:34.249+0000][7][safepoint   ] Safepoint "Cleanup", Time since last: 2019476001 ns, Reaching safepoint: 920375 ns, At safepoint: 15500 ns, Total: 935875 ns
[2023-07-25T08:02:36.265+0000][7][safepoint   ] Safepoint "Cleanup", Time since last: 2015869459 ns, Reaching safepoint: 337959 ns, At safepoint: 5625 ns, Total: 343584 ns
[2023-07-25T08:02:48.289+0000][7][safepoint   ] Safepoint "Cleanup", Time since last: 12024304630 ns, Reaching safepoint: 369375 ns, At safepoint: 12584 ns, Total: 381959 ns
[2023-07-25T08:02:54.013+0000][7][gc,start    ] GC(23) Pause Young (Normal) (G1 Evacuation Pause)
[2023-07-25T08:02:54.014+0000][7][gc,task     ] GC(23) Using 2 workers of 2 for evacuation
[2023-07-25T08:02:54.015+0000][7][gc,age      ] GC(23) Desired survivor size 81788928 bytes, new threshold 15 (max threshold 15)
[2023-07-25T08:02:54.027+0000][7][gc,phases   ] GC(23)   Pre Evacuate Collection Set: 0.2ms
[2023-07-25T08:02:54.028+0000][7][gc,phases   ] GC(23)   Merge Heap Roots: 0.1ms
[2023-07-25T08:02:54.029+0000][7][gc,phases   ] GC(23)   Evacuate Collection Set: 9.6ms
[2023-07-25T08:02:54.030+0000][7][gc,phases   ] GC(23)   Post Evacuate Collection Set: 1.4ms
[2023-07-25T08:02:54.031+0000][7][gc,phases   ] GC(23)   Other: 1.6ms
[2023-07-25T08:02:54.032+0000][7][gc,age      ] GC(23) Age table with threshold 15 (max threshold 15)
[2023-07-25T08:02:54.033+0000][7][gc,age      ] GC(23) - age   1:    1222240 bytes,    1222240 total
[2023-07-25T08:02:54.034+0000][7][gc,age      ] GC(23) - age   2:      24296 bytes,    1246536 total
[2023-07-25T08:02:54.035+0000][7][gc,age      ] GC(23) - age   3:      36520 bytes,    1283056 total
[2023-07-25T08:02:54.036+0000][7][gc,age      ] GC(23) - age   4:     419800 bytes,    1702856 total
[2023-07-25T08:02:54.037+0000][7][gc,age      ] GC(23) - age   5:     337472 bytes,    2040328 total
[2023-07-25T08:02:54.038+0000][7][gc,age      ] GC(23) - age   6:      31944 bytes,    2072272 total
[2023-07-25T08:02:54.039+0000][7][gc,age      ] GC(23) - age   7:     435608 bytes,    2507880 total
[2023-07-25T08:02:54.039+0000][7][gc,age      ] GC(23) - age   8:    9207528 bytes,   11715408 total
[2023-07-25T08:02:54.040+0000][7][gc,age      ] GC(23) - age   9:    1643352 bytes,   13358760 total
[2023-07-25T08:02:54.041+0000][7][gc,heap     ] GC(23) Eden regions: 303->0(303)
[2023-07-25T08:02:54.042+0000][7][gc,heap     ] GC(23) Survivor regions: 4->4(39)
[2023-07-25T08:02:54.042+0000][7][gc,heap     ] GC(23) Old regions: 26->26
[2023-07-25T08:02:54.043+0000][7][gc,heap     ] GC(23) Archive regions: 2->2
[2023-07-25T08:02:54.044+0000][7][gc,heap     ] GC(23) Humongous regions: 2->2
[2023-07-25T08:02:54.046+0000][7][gc,metaspace] GC(23) Metaspace: 117311K(120256K)->117311K(120256K) NonClass: 101985K(103552K)->101985K(103552K) Class: 15326K(16704K)->15326K(16704K)
[2023-07-25T08:02:54.046+0000][7][gc          ] GC(23) Pause Young (Normal) (G1 Evacuation Pause) 1339M->126M(2048M) 32.971ms
[2023-07-25T08:02:54.047+0000][7][gc,cpu      ] GC(23) User=0.03s Sys=0.00s Real=0.03s
[2023-07-25T08:02:54.048+0000][7][safepoint   ] Safepoint "G1CollectForAllocation", Time since last: 5723827252 ns, Reaching safepoint: 81709 ns, At safepoint: 34316875 ns, Total: 34398584 ns
[2023-07-25T08:03:24.102+0000][7][safepoint   ] Safepoint "Cleanup", Time since last: 30061039096 ns, Reaching safepoint: 274084 ns, At safepoint: 8625 ns, Total: 282709 ns
[2023-07-25T08:03:30.118+0000][7][safepoint   ] Safepoint "Cleanup", Time since last: 6016586711 ns, Reaching safepoint: 195041 ns, At safepoint: 3250 ns, Total: 198291 ns
[2023-07-25T08:03:36.137+0000][7][safepoint   ] Safepoint "Cleanup", Time since last: 6018179795 ns, Reaching safepoint: 290750 ns, At safepoint: 11667 ns, Total: 302417 ns
[2023-07-25T08:04:07.229+0000][7][safepoint   ] Safepoint "Cleanup", Time since last: 31091615805 ns, Reaching safepoint: 278333 ns, At safepoint: 9542 ns, Total: 287875 ns
[2023-07-25T08:04:24.272+0000][7][safepoint   ] Safepoint "Cleanup", Time since last: 17043300383 ns, Reaching safepoint: 123584 ns, At safepoint: 3916 ns, Total: 127500 ns
[2023-07-25T08:04:30.281+0000][7][safepoint   ] Safepoint "Cleanup", Time since last: 6005741627 ns, Reaching safepoint: 942917 ns, At safepoint: 6250 ns, Total: 949167 ns
[2023-07-25T08:04:36.302+0000][7][safepoint   ] Safepoint "Cleanup", Time since last: 6019543378 ns, Reaching safepoint: 1487000 ns, At safepoint: 19000 ns, Total: 1506000 ns
[2023-07-25T08:04:42.328+0000][7][safepoint   ] Safepoint "Cleanup", Time since last: 6025422128 ns, Reaching safepoint: 723000 ns, At safepoint: 17375 ns, Total: 740375 ns
[2023-07-25T08:04:56.365+0000][7][safepoint   ] Safepoint "Cleanup", Time since last: 14036483257 ns, Reaching safepoint: 356625 ns, At safepoint: 7416 ns, Total: 364041 ns
[2023-07-25T08:05:00.375+0000][7][safepoint   ] Safepoint "Cleanup", Time since last: 4012625001 ns, Reaching safepoint: 181167 ns, At safepoint: 3667 ns, Total: 184834 ns
[2023-07-25T08:05:04.384+0000][7][safepoint   ] Safepoint "Cleanup", Time since last: 4008896418 ns, Reaching safepoint: 192209 ns, At safepoint: 59833 ns, Total: 252042 ns
[2023-07-25T08:05:07.399+0000][7][safepoint   ] Safepoint "Cleanup", Time since last: 3013792918 ns, Reaching safepoint: 527917 ns, At safepoint: 11166 ns, Total: 539083 ns
[2023-07-25T08:05:08.411+0000][7][safepoint   ] Safepoint "Cleanup", Time since last: 1011844084 ns, Reaching safepoint: 352125 ns, At safepoint: 12292 ns, Total: 364417 ns
[2023-07-25T08:05:23.441+0000][7][safepoint   ] Safepoint "Cleanup", Time since last: 15029810215 ns, Reaching safepoint: 77209 ns, At safepoint: 3000 ns, Total: 80209 ns
[2023-07-25T08:05:28.461+0000][7][safepoint   ] Safepoint "Cleanup", Time since last: 5018758669 ns, Reaching safepoint: 465500 ns, At safepoint: 16041 ns, Total: 481541 ns
[2023-07-25T08:05:33.492+0000][7][safepoint   ] Safepoint "Cleanup", Time since last: 5030116419 ns, Reaching safepoint: 856084 ns, At safepoint: 10625 ns, Total: 866709 ns
[2023-07-25T08:05:43.536+0000][7][safepoint   ] Safepoint "Cleanup", Time since last: 10044596463 ns, Reaching safepoint: 311250 ns, At safepoint: 15666 ns, Total: 326916 ns
[2023-07-25T08:06:07.504+0000][7][safepoint   ] Safepoint "Cleanup", Time since last: 23965085720 ns, Reaching safepoint: 153333 ns, At safepoint: 9875 ns, Total: 163208 ns
[2023-07-25T08:06:08.509+0000][7][safepoint   ] Safepoint "Cleanup", Time since last: 1004925292 ns, Reaching safepoint: 663750 ns, At safepoint: 14625 ns, Total: 678375 ns
[2023-07-25T08:06:12.543+0000][7][safepoint   ] Safepoint "Cleanup", Time since last: 4032986294 ns, Reaching safepoint: 115541 ns, At safepoint: 3875 ns, Total: 119416 ns
[2023-07-25T08:06:37.592+0000][7][safepoint   ] Safepoint "Cleanup", Time since last: 25054443261 ns, Reaching safepoint: 367250 ns, At safepoint: 10084 ns, Total: 377334 ns
[2023-07-25T08:07:05.681+0000][7][safepoint   ] Safepoint "Cleanup", Time since last: 28084882304 ns, Reaching safepoint: 110958 ns, At safepoint: 3542 ns, Total: 114500 ns
[2023-07-25T08:07:07.686+0000][7][safepoint   ] Safepoint "Cleanup", Time since last: 2004678876 ns, Reaching safepoint: 369750 ns, At safepoint: 13500 ns, Total: 383250 ns
[2023-07-25T08:07:08.701+0000][7][safepoint   ] Safepoint "Cleanup", Time since last: 1014673292 ns, Reaching safepoint: 538625 ns, At safepoint: 5708 ns, Total: 544333 ns
[2023-07-25T08:07:31.784+0000][7][safepoint   ] Safepoint "Cleanup", Time since last: 23083637011 ns, Reaching safepoint: 646708 ns, At safepoint: 7333 ns, Total: 654041 ns
[2023-07-25T08:07:38.817+0000][7][safepoint   ] Safepoint "Cleanup", Time since last: 7032964045 ns, Reaching safepoint: 138459 ns, At safepoint: 4041 ns, Total: 142500 ns
[2023-07-25T08:07:59.873+0000][7][safepoint   ] Safepoint "Cleanup", Time since last: 21056101844 ns, Reaching safepoint: 123875 ns, At safepoint: 4416 ns, Total: 128291 ns
[2023-07-25T08:08:07.890+0000][7][safepoint   ] Safepoint "Cleanup", Time since last: 8015446962 ns, Reaching safepoint: 1262792 ns, At safepoint: 11958 ns, Total: 1274750 ns
[2023-07-25T08:08:29.952+0000][7][safepoint   ] Safepoint "Cleanup", Time since last: 22060241636 ns, Reaching safepoint: 219541 ns, At safepoint: 8959 ns, Total: 228500 ns
[2023-07-25T08:08:30.959+0000][7][safepoint   ] Safepoint "Cleanup", Time since last: 1007382500 ns, Reaching safepoint: 126792 ns, At safepoint: 4625 ns, Total: 131417 ns
[2023-07-25T08:08:41.973+0000][7][safepoint   ] Safepoint "Cleanup", Time since last: 11013930630 ns, Reaching safepoint: 153708 ns, At safepoint: 5625 ns, Total: 159333 ns
[2023-07-25T08:08:55.986+0000][7][gc,start    ] GC(24) Pause Young (Normal) (G1 Evacuation Pause)
[2023-07-25T08:08:56.006+0000][7][gc,task     ] GC(24) Using 2 workers of 2 for evacuation
[2023-07-25T08:08:56.008+0000][7][gc,age      ] GC(24) Desired survivor size 81788928 bytes, new threshold 15 (max threshold 15)
[2023-07-25T08:08:56.030+0000][7][gc,phases   ] GC(24)   Pre Evacuate Collection Set: 0.5ms
[2023-07-25T08:08:56.032+0000][7][gc,phases   ] GC(24)   Merge Heap Roots: 0.2ms
[2023-07-25T08:08:56.033+0000][7][gc,phases   ] GC(24)   Evacuate Collection Set: 16.3ms
[2023-07-25T08:08:56.035+0000][7][gc,phases   ] GC(24)   Post Evacuate Collection Set: 1.8ms
[2023-07-25T08:08:56.036+0000][7][gc,phases   ] GC(24)   Other: 5.9ms
[2023-07-25T08:08:56.037+0000][7][gc,age      ] GC(24) Age table with threshold 15 (max threshold 15)
[2023-07-25T08:08:56.038+0000][7][gc,age      ] GC(24) - age   1:    1310408 bytes,    1310408 total
[2023-07-25T08:08:56.040+0000][7][gc,age      ] GC(24) - age   2:      18832 bytes,    1329240 total
[2023-07-25T08:08:56.041+0000][7][gc,age      ] GC(24) - age   3:      21680 bytes,    1350920 total
[2023-07-25T08:08:56.042+0000][7][gc,age      ] GC(24) - age   4:      27584 bytes,    1378504 total
[2023-07-25T08:08:56.043+0000][7][gc,age      ] GC(24) - age   5:     419600 bytes,    1798104 total
[2023-07-25T08:08:56.044+0000][7][gc,age      ] GC(24) - age   6:     231160 bytes,    2029264 total
[2023-07-25T08:08:56.045+0000][7][gc,age      ] GC(24) - age   7:      31944 bytes,    2061208 total
[2023-07-25T08:08:56.046+0000][7][gc,age      ] GC(24) - age   8:     435568 bytes,    2496776 total
[2023-07-25T08:08:56.047+0000][7][gc,age      ] GC(24) - age   9:    9207488 bytes,   11704264 total
[2023-07-25T08:08:56.048+0000][7][gc,age      ] GC(24) - age  10:    1643352 bytes,   13347616 total
[2023-07-25T08:08:56.049+0000][7][gc,heap     ] GC(24) Eden regions: 303->0(303)
[2023-07-25T08:08:56.050+0000][7][gc,heap     ] GC(24) Survivor regions: 4->4(39)
[2023-07-25T08:08:56.050+0000][7][gc,heap     ] GC(24) Old regions: 26->26
[2023-07-25T08:08:56.051+0000][7][gc,heap     ] GC(24) Archive regions: 2->2
[2023-07-25T08:08:56.052+0000][7][gc,heap     ] GC(24) Humongous regions: 2->2
[2023-07-25T08:08:56.053+0000][7][gc,metaspace] GC(24) Metaspace: 117371K(120320K)->117371K(120320K) NonClass: 102044K(103616K)->102044K(103616K) Class: 15326K(16704K)->15326K(16704K)
[2023-07-25T08:08:56.054+0000][7][gc          ] GC(24) Pause Young (Normal) (G1 Evacuation Pause) 1338M->127M(2048M) 68.460ms
[2023-07-25T08:08:56.055+0000][7][gc,cpu      ] GC(24) User=0.04s Sys=0.00s Real=0.07s
[2023-07-25T08:08:56.057+0000][7][safepoint   ] Safepoint "G1CollectForAllocation", Time since last: 14012204090 ns, Reaching safepoint: 188542 ns, At safepoint: 70829250 ns, Total: 71017792 ns
[2023-07-25T08:09:06.102+0000][7][safepoint   ] Safepoint "Cleanup", Time since last: 10035673170 ns, Reaching safepoint: 3532542 ns, At safepoint: 23667 ns, Total: 3556209 ns
[2023-07-25T08:09:07.109+0000][7][safepoint   ] Safepoint "Cleanup", Time since last: 1006983500 ns, Reaching safepoint: 113625 ns, At safepoint: 4667 ns, Total: 118292 ns
[2023-07-25T08:09:21.148+0000][7][safepoint   ] Safepoint "Cleanup", Time since last: 14038231173 ns, Reaching safepoint: 283500 ns, At safepoint: 5459 ns, Total: 288959 ns
[2023-07-25T08:09:24.164+0000][7][safepoint   ] Safepoint "Cleanup", Time since last: 3015373168 ns, Reaching safepoint: 667541 ns, At safepoint: 11542 ns, Total: 679083 ns
[2023-07-25T08:10:43.341+0000][7][safepoint   ] Safepoint "Cleanup", Time since last: 79180736911 ns, Reaching safepoint: 256708 ns, At safepoint: 13792 ns, Total: 270500 ns
[2023-07-25T08:10:54.368+0000][7][safepoint   ] Safepoint "Cleanup", Time since last: 11026965713 ns, Reaching safepoint: 116667 ns, At safepoint: 3083 ns, Total: 119750 ns
[2023-07-25T08:11:07.397+0000][7][safepoint   ] Safepoint "Cleanup", Time since last: 13032034048 ns, Reaching safepoint: 121250 ns, At safepoint: 3500 ns, Total: 124750 ns
[2023-07-25T08:11:18.410+0000][7][safepoint   ] Safepoint "Cleanup", Time since last: 11013025839 ns, Reaching safepoint: 435791 ns, At safepoint: 6417 ns, Total: 442208 ns
[2023-07-25T08:11:21.418+0000][7][safepoint   ] Safepoint "Cleanup", Time since last: 3006976501 ns, Reaching safepoint: 298000 ns, At safepoint: 7750 ns, Total: 305750 ns
[2023-07-25T08:11:45.470+0000][7][safepoint   ] Safepoint "Cleanup", Time since last: 24050470886 ns, Reaching safepoint: 175000 ns, At safepoint: 3375 ns, Total: 178375 ns
[2023-07-25T08:11:55.484+0000][7][safepoint   ] Safepoint "Cleanup", Time since last: 10013267463 ns, Reaching safepoint: 392792 ns, At safepoint: 10125 ns, Total: 402917 ns
[2023-07-25T08:12:00.497+0000][7][safepoint   ] Safepoint "Cleanup", Time since last: 5013528210 ns, Reaching safepoint: 509708 ns, At safepoint: 8542 ns, Total: 518250 ns
[2023-07-25T08:12:12.536+0000][7][safepoint   ] Safepoint "Cleanup", Time since last: 12038703089 ns, Reaching safepoint: 55417 ns, At safepoint: 1791 ns, Total: 57208 ns
[2023-07-25T08:12:34.584+0000][7][safepoint   ] Safepoint "Cleanup", Time since last: 22042380052 ns, Reaching safepoint: 2758083 ns, At safepoint: 20250 ns, Total: 2778333 ns
[2023-07-25T08:12:36.600+0000][7][safepoint   ] Safepoint "Cleanup", Time since last: 2015321709 ns, Reaching safepoint: 195167 ns, At safepoint: 5333 ns, Total: 200500 ns
[2023-07-25T08:12:47.623+0000][7][safepoint   ] Safepoint "Cleanup", Time since last: 11023150589 ns, Reaching safepoint: 264708 ns, At safepoint: 7250 ns, Total: 271958 ns
[2023-07-25T08:12:48.624+0000][7][safepoint   ] Safepoint "Cleanup", Time since last: 1000929251 ns, Reaching safepoint: 84625 ns, At safepoint: 3000 ns, Total: 87625 ns
[2023-07-25T08:12:49.627+0000][7][safepoint   ] Safepoint "Cleanup", Time since last: 1001358084 ns, Reaching safepoint: 1771541 ns, At safepoint: 11500 ns, Total: 1783041 ns
[2023-07-25T08:12:56.652+0000][7][safepoint   ] Safepoint "Cleanup", Time since last: 7024780879 ns, Reaching safepoint: 388666 ns, At safepoint: 5375 ns, Total: 394041 ns
[2023-07-25T08:13:06.675+0000][7][safepoint   ] Safepoint "Cleanup", Time since last: 10023076088 ns, Reaching safepoint: 85625 ns, At safepoint: 3583 ns, Total: 89208 ns
[2023-07-25T08:13:07.683+0000][7][safepoint   ] Safepoint "Cleanup", Time since last: 1006083959 ns, Reaching safepoint: 2144125 ns, At safepoint: 23750 ns, Total: 2167875 ns
[2023-07-25T08:13:24.734+0000][7][safepoint   ] Safepoint "Cleanup", Time since last: 17050357550 ns, Reaching safepoint: 178250 ns, At safepoint: 4667 ns, Total: 182917 ns
[2023-07-25T08:13:42.756+0000][7][safepoint   ] Safepoint "Cleanup", Time since last: 18030306216 ns, Reaching safepoint: 164041 ns, At safepoint: 9042 ns, Total: 173083 ns
[2023-07-25T08:13:48.771+0000][7][safepoint   ] Safepoint "Cleanup", Time since last: 6013890461 ns, Reaching safepoint: 1591125 ns, At safepoint: 7000 ns, Total: 1598125 ns
[2023-07-25T08:13:53.783+0000][7][safepoint   ] Safepoint "Cleanup", Time since last: 5011389919 ns, Reaching safepoint: 191250 ns, At safepoint: 5792 ns, Total: 197042 ns
[2023-07-25T08:13:56.789+0000][7][safepoint   ] Safepoint "Cleanup", Time since last: 3005264168 ns, Reaching safepoint: 220917 ns, At safepoint: 14666 ns, Total: 235583 ns
[2023-07-25T08:13:57.794+0000][7][safepoint   ] Safepoint "Cleanup", Time since last: 1004686584 ns, Reaching safepoint: 348000 ns, At safepoint: 10625 ns, Total: 358625 ns
[2023-07-25T08:14:04.816+0000][7][safepoint   ] Safepoint "Cleanup", Time since last: 7012852294 ns, Reaching safepoint: 108000 ns, At safepoint: 4750 ns, Total: 112750 ns
[2023-07-25T08:14:05.819+0000][7][safepoint   ] Safepoint "Cleanup", Time since last: 1003175876 ns, Reaching safepoint: 104166 ns, At safepoint: 5917 ns, Total: 110083 ns
[2023-07-25T08:14:06.823+0000][7][safepoint   ] Safepoint "Cleanup", Time since last: 1003862417 ns, Reaching safepoint: 402708 ns, At safepoint: 10667 ns, Total: 413375 ns
[2023-07-25T08:14:07.831+0000][7][safepoint   ] Safepoint "Cleanup", Time since last: 1007355001 ns, Reaching safepoint: 844458 ns, At safepoint: 13250 ns, Total: 857708 ns
[2023-07-25T08:14:30.874+0000][7][safepoint   ] Safepoint "Cleanup", Time since last: 23045788969 ns, Reaching safepoint: 633791 ns, At safepoint: 10625 ns, Total: 644416 ns
[2023-07-25T08:14:43.905+0000][7][safepoint   ] Safepoint "Cleanup", Time since last: 13030469006 ns, Reaching safepoint: 662959 ns, At safepoint: 11125 ns, Total: 674084 ns
[2023-07-25T08:14:49.126+0000][7][gc,start    ] GC(25) Pause Young (Normal) (G1 Evacuation Pause)
[2023-07-25T08:14:49.127+0000][7][gc,task     ] GC(25) Using 2 workers of 2 for evacuation
[2023-07-25T08:14:49.128+0000][7][gc,age      ] GC(25) Desired survivor size 81788928 bytes, new threshold 15 (max threshold 15)
[2023-07-25T08:14:49.140+0000][7][gc,phases   ] GC(25)   Pre Evacuate Collection Set: 0.3ms
[2023-07-25T08:14:49.141+0000][7][gc,phases   ] GC(25)   Merge Heap Roots: 0.1ms
[2023-07-25T08:14:49.142+0000][7][gc,phases   ] GC(25)   Evacuate Collection Set: 9.8ms
[2023-07-25T08:14:49.143+0000][7][gc,phases   ] GC(25)   Post Evacuate Collection Set: 1.2ms
[2023-07-25T08:14:49.144+0000][7][gc,phases   ] GC(25)   Other: 1.8ms
[2023-07-25T08:14:49.145+0000][7][gc,age      ] GC(25) Age table with threshold 15 (max threshold 15)
[2023-07-25T08:14:49.145+0000][7][gc,age      ] GC(25) - age   1:    1992064 bytes,    1992064 total
[2023-07-25T08:14:49.146+0000][7][gc,age      ] GC(25) - age   2:     138304 bytes,    2130368 total
[2023-07-25T08:14:49.147+0000][7][gc,age      ] GC(25) - age   3:      17984 bytes,    2148352 total
[2023-07-25T08:14:49.148+0000][7][gc,age      ] GC(25) - age   4:      21392 bytes,    2169744 total
[2023-07-25T08:14:49.148+0000][7][gc,age      ] GC(25) - age   5:      27496 bytes,    2197240 total
[2023-07-25T08:14:49.148+0000][7][gc,age      ] GC(25) - age   6:     419600 bytes,    2616840 total
[2023-07-25T08:14:49.149+0000][7][gc,age      ] GC(25) - age   7:     221880 bytes,    2838720 total
[2023-07-25T08:14:49.149+0000][7][gc,age      ] GC(25) - age   8:      31944 bytes,    2870664 total
[2023-07-25T08:14:49.150+0000][7][gc,age      ] GC(25) - age   9:     435568 bytes,    3306232 total
[2023-07-25T08:14:49.151+0000][7][gc,age      ] GC(25) - age  10:    9183320 bytes,   12489552 total
[2023-07-25T08:14:49.152+0000][7][gc,age      ] GC(25) - age  11:    1643352 bytes,   14132904 total
[2023-07-25T08:14:49.153+0000][7][gc,heap     ] GC(25) Eden regions: 303->0(303)
[2023-07-25T08:14:49.154+0000][7][gc,heap     ] GC(25) Survivor regions: 4->4(39)
[2023-07-25T08:14:49.154+0000][7][gc,heap     ] GC(25) Old regions: 26->26
[2023-07-25T08:14:49.155+0000][7][gc,heap     ] GC(25) Archive regions: 2->2
[2023-07-25T08:14:49.156+0000][7][gc,heap     ] GC(25) Humongous regions: 2->2
[2023-07-25T08:14:49.157+0000][7][gc,metaspace] GC(25) Metaspace: 117439K(120384K)->117439K(120384K) NonClass: 102110K(103680K)->102110K(103680K) Class: 15328K(16704K)->15328K(16704K)
[2023-07-25T08:14:49.158+0000][7][gc          ] GC(25) Pause Young (Normal) (G1 Evacuation Pause) 1339M->127M(2048M) 31.636ms
[2023-07-25T08:14:49.158+0000][7][gc,cpu      ] GC(25) User=0.03s Sys=0.00s Real=0.03s
[2023-07-25T08:14:49.159+0000][7][safepoint   ] Safepoint "G1CollectForAllocation", Time since last: 5221221711 ns, Reaching safepoint: 79166 ns, At safepoint: 33151584 ns, Total: 33230750 ns
[2023-07-25T08:14:59.178+0000][7][safepoint   ] Safepoint "Cleanup", Time since last: 10016632420 ns, Reaching safepoint: 294667 ns, At safepoint: 13250 ns, Total: 307917 ns
[2023-07-25T08:15:01.191+0000][7][safepoint   ] Safepoint "Cleanup", Time since last: 2010646709 ns, Reaching safepoint: 2182084 ns, At safepoint: 10041 ns, Total: 2192125 ns
[2023-07-25T08:15:02.202+0000][7][safepoint   ] Safepoint "Cleanup", Time since last: 1010404543 ns, Reaching safepoint: 320916 ns, At safepoint: 6000 ns, Total: 326916 ns
[2023-07-25T08:15:07.214+0000][7][safepoint   ] Safepoint "Cleanup", Time since last: 5011907169 ns, Reaching safepoint: 145750 ns, At safepoint: 5334 ns, Total: 151084 ns
[2023-07-25T08:15:12.220+0000][7][safepoint   ] Safepoint "Cleanup", Time since last: 5006512960 ns, Reaching safepoint: 156250 ns, At safepoint: 3459 ns, Total: 159709 ns
[2023-07-25T08:15:25.245+0000][7][safepoint   ] Safepoint "Cleanup", Time since last: 13023952256 ns, Reaching safepoint: 217541 ns, At safepoint: 12417 ns, Total: 229958 ns
[2023-07-25T08:15:29.260+0000][7][safepoint   ] Safepoint "Cleanup", Time since last: 4010300668 ns, Reaching safepoint: 579292 ns, At safepoint: 10125 ns, Total: 589417 ns
[2023-07-25T08:15:35.276+0000][7][safepoint   ] Safepoint "Cleanup", Time since last: 6015860170 ns, Reaching safepoint: 372708 ns, At safepoint: 8417 ns, Total: 381125 ns
[2023-07-25T08:15:43.294+0000][7][safepoint   ] Safepoint "Cleanup", Time since last: 8015813712 ns, Reaching safepoint: 1599541 ns, At safepoint: 26667 ns, Total: 1626208 ns
[2023-07-25T08:15:59.335+0000][7][safepoint   ] Safepoint "Cleanup", Time since last: 16046930674 ns, Reaching safepoint: 701041 ns, At safepoint: 14667 ns, Total: 715708 ns
[2023-07-25T08:16:00.342+0000][7][safepoint   ] Safepoint "Cleanup", Time since last: 1006064876 ns, Reaching safepoint: 542375 ns, At safepoint: 17125 ns, Total: 559500 ns
[2023-07-25T08:16:04.358+0000][7][safepoint   ] Safepoint "Cleanup", Time since last: 4016492252 ns, Reaching safepoint: 78291 ns, At safepoint: 3334 ns, Total: 81625 ns
[2023-07-25T08:16:30.404+0000][7][safepoint   ] Safepoint "Cleanup", Time since last: 26044422928 ns, Reaching safepoint: 38583 ns, At safepoint: 1750 ns, Total: 40333 ns
[2023-07-25T08:16:36.418+0000][7][safepoint   ] Safepoint "Cleanup", Time since last: 6013688295 ns, Reaching safepoint: 500833 ns, At safepoint: 14459 ns, Total: 515292 ns
[2023-07-25T08:16:37.431+0000][7][safepoint   ] Safepoint "Cleanup", Time since last: 1011945667 ns, Reaching safepoint: 536375 ns, At safepoint: 11375 ns, Total: 547750 ns
[2023-07-25T08:16:42.450+0000][7][safepoint   ] Safepoint "Cleanup", Time since last: 5018673960 ns, Reaching safepoint: 541792 ns, At safepoint: 13042 ns, Total: 554834 ns
[2023-07-25T08:17:00.523+0000][7][safepoint   ] Safepoint "Cleanup", Time since last: 18072290341 ns, Reaching safepoint: 1987833 ns, At safepoint: 11375 ns, Total: 1999208 ns
[2023-07-25T08:17:01.540+0000][7][safepoint   ] Safepoint "Cleanup", Time since last: 1014825001 ns, Reaching safepoint: 1784250 ns, At safepoint: 21916 ns, Total: 1806166 ns
[2023-07-25T08:17:06.559+0000][7][safepoint   ] Safepoint "Cleanup", Time since last: 5019063753 ns, Reaching safepoint: 66833 ns, At safepoint: 3250 ns, Total: 70083 ns
[2023-07-25T08:17:11.565+0000][7][safepoint   ] Safepoint "Cleanup", Time since last: 5005089086 ns, Reaching safepoint: 1066750 ns, At safepoint: 13583 ns, Total: 1080333 ns
[2023-07-25T08:17:21.611+0000][7][safepoint   ] Safepoint "Cleanup", Time since last: 10045486005 ns, Reaching safepoint: 301791 ns, At safepoint: 18334 ns, Total: 320125 ns
[2023-07-25T08:17:24.627+0000][7][safepoint   ] Safepoint "Cleanup", Time since last: 3009368710 ns, Reaching safepoint: 6578833 ns, At safepoint: 32083 ns, Total: 6610916 ns
[2023-07-25T08:18:05.743+0000][7][safepoint   ] Safepoint "Cleanup", Time since last: 41115899143 ns, Reaching safepoint: 186375 ns, At safepoint: 9500 ns, Total: 195875 ns
[2023-07-25T08:18:07.748+0000][7][safepoint   ] Safepoint "Cleanup", Time since last: 2004682459 ns, Reaching safepoint: 316709 ns, At safepoint: 8208 ns, Total: 324917 ns
[2023-07-25T08:18:29.806+0000][7][safepoint   ] Safepoint "Cleanup", Time since last: 22057858093 ns, Reaching safepoint: 168833 ns, At safepoint: 39750 ns, Total: 208583 ns
[2023-07-25T08:18:35.814+0000][7][safepoint   ] Safepoint "Cleanup", Time since last: 6007959378 ns, Reaching safepoint: 70750 ns, At safepoint: 16459 ns, Total: 87209 ns
[2023-07-25T08:18:59.852+0000][7][safepoint   ] Safepoint "Cleanup", Time since last: 24038322260 ns, Reaching safepoint: 82500 ns, At safepoint: 3292 ns, Total: 85792 ns
[2023-07-25T08:19:01.857+0000][7][safepoint   ] Safepoint "Cleanup", Time since last: 2004754834 ns, Reaching safepoint: 233875 ns, At safepoint: 9208 ns, Total: 243083 ns
[2023-07-25T08:19:02.865+0000][7][safepoint   ] Safepoint "Cleanup", Time since last: 1007601292 ns, Reaching safepoint: 325750 ns, At safepoint: 20292 ns, Total: 346042 ns
[2023-07-25T08:19:06.880+0000][7][safepoint   ] Safepoint "Cleanup", Time since last: 4013820627 ns, Reaching safepoint: 456958 ns, At safepoint: 19334 ns, Total: 476292 ns
[2023-07-25T08:19:07.891+0000][7][safepoint   ] Safepoint "Cleanup", Time since last: 1009825167 ns, Reaching safepoint: 1330000 ns, At safepoint: 431500 ns, Total: 1761500 ns
[2023-07-25T08:19:08.898+0000][7][safepoint   ] Safepoint "Cleanup", Time since last: 1006054459 ns, Reaching safepoint: 846125 ns, At safepoint: 16000 ns, Total: 862125 ns
[2023-07-25T08:19:30.937+0000][7][safepoint   ] Safepoint "Cleanup", Time since last: 22038317968 ns, Reaching safepoint: 389292 ns, At safepoint: 11375 ns, Total: 400667 ns
[2023-07-25T08:19:50.987+0000][7][safepoint   ] Safepoint "Cleanup", Time since last: 20050028426 ns, Reaching safepoint: 165458 ns, At safepoint: 9583 ns, Total: 175041 ns
[2023-07-25T08:20:00.044+0000][7][safepoint   ] Safepoint "Cleanup", Time since last: 9056729129 ns, Reaching safepoint: 117791 ns, At safepoint: 10125 ns, Total: 127916 ns
[2023-07-25T08:20:04.055+0000][7][safepoint   ] Safepoint "Cleanup", Time since last: 4009122294 ns, Reaching safepoint: 1626458 ns, At safepoint: 16834 ns, Total: 1643292 ns
[2023-07-25T08:20:05.068+0000][7][safepoint   ] Safepoint "Cleanup", Time since last: 1012773583 ns, Reaching safepoint: 402750 ns, At safepoint: 10375 ns, Total: 413125 ns
[2023-07-25T08:20:07.074+0000][7][safepoint   ] Safepoint "Cleanup", Time since last: 2005708585 ns, Reaching safepoint: 548458 ns, At safepoint: 26750 ns, Total: 575208 ns
[2023-07-25T08:20:08.080+0000][7][safepoint   ] Safepoint "Cleanup", Time since last: 1005483459 ns, Reaching safepoint: 541542 ns, At safepoint: 11291 ns, Total: 552833 ns
[2023-07-25T08:20:12.102+0000][7][safepoint   ] Safepoint "Cleanup", Time since last: 4021585711 ns, Reaching safepoint: 121541 ns, At safepoint: 5167 ns, Total: 126708 ns
[2023-07-25T08:20:18.112+0000][7][safepoint   ] Safepoint "Cleanup", Time since last: 6010169419 ns, Reaching safepoint: 78542 ns, At safepoint: 4583 ns, Total: 83125 ns
[2023-07-25T08:20:19.114+0000][7][safepoint   ] Safepoint "Cleanup", Time since last: 1001474876 ns, Reaching safepoint: 355167 ns, At safepoint: 9666 ns, Total: 364833 ns
[2023-07-25T08:20:53.778+0000][7][gc,start    ] GC(26) Pause Young (Normal) (G1 Evacuation Pause)
[2023-07-25T08:20:53.779+0000][7][gc,task     ] GC(26) Using 2 workers of 2 for evacuation
[2023-07-25T08:20:53.780+0000][7][gc,age      ] GC(26) Desired survivor size 81788928 bytes, new threshold 15 (max threshold 15)
[2023-07-25T08:20:53.793+0000][7][gc,phases   ] GC(26)   Pre Evacuate Collection Set: 0.2ms
[2023-07-25T08:20:53.794+0000][7][gc,phases   ] GC(26)   Merge Heap Roots: 0.1ms
[2023-07-25T08:20:53.796+0000][7][gc,phases   ] GC(26)   Evacuate Collection Set: 10.4ms
[2023-07-25T08:20:53.796+0000][7][gc,phases   ] GC(26)   Post Evacuate Collection Set: 1.3ms
[2023-07-25T08:20:53.797+0000][7][gc,phases   ] GC(26)   Other: 1.6ms
[2023-07-25T08:20:53.798+0000][7][gc,age      ] GC(26) Age table with threshold 15 (max threshold 15)
[2023-07-25T08:20:53.799+0000][7][gc,age      ] GC(26) - age   1:    1167296 bytes,    1167296 total
[2023-07-25T08:20:53.800+0000][7][gc,age      ] GC(26) - age   2:      13904 bytes,    1181200 total
[2023-07-25T08:20:53.801+0000][7][gc,age      ] GC(26) - age   3:     119592 bytes,    1300792 total
[2023-07-25T08:20:53.801+0000][7][gc,age      ] GC(26) - age   4:      17080 bytes,    1317872 total
[2023-07-25T08:20:53.802+0000][7][gc,age      ] GC(26) - age   5:      21360 bytes,    1339232 total
[2023-07-25T08:20:53.803+0000][7][gc,age      ] GC(26) - age   6:      20904 bytes,    1360136 total
[2023-07-25T08:20:53.803+0000][7][gc,age      ] GC(26) - age   7:     345688 bytes,    1705824 total
[2023-07-25T08:20:53.804+0000][7][gc,age      ] GC(26) - age   8:     221328 bytes,    1927152 total
[2023-07-25T08:20:53.805+0000][7][gc,age      ] GC(26) - age   9:      31944 bytes,    1959096 total
[2023-07-25T08:20:53.805+0000][7][gc,age      ] GC(26) - age  10:     435568 bytes,    2394664 total
[2023-07-25T08:20:53.806+0000][7][gc,age      ] GC(26) - age  11:    9103088 bytes,   11497752 total
[2023-07-25T08:20:53.807+0000][7][gc,age      ] GC(26) - age  12:    1643224 bytes,   13140976 total
[2023-07-25T08:20:53.807+0000][7][gc,heap     ] GC(26) Eden regions: 303->0(303)
[2023-07-25T08:20:53.808+0000][7][gc,heap     ] GC(26) Survivor regions: 4->4(39)
[2023-07-25T08:20:53.808+0000][7][gc,heap     ] GC(26) Old regions: 26->26
[2023-07-25T08:20:53.809+0000][7][gc,heap     ] GC(26) Archive regions: 2->2
[2023-07-25T08:20:53.810+0000][7][gc,heap     ] GC(26) Humongous regions: 2->2
[2023-07-25T08:20:53.811+0000][7][gc,metaspace] GC(26) Metaspace: 117570K(120512K)->117570K(120512K) NonClass: 102239K(103808K)->102239K(103808K) Class: 15330K(16704K)->15330K(16704K)
[2023-07-25T08:20:53.811+0000][7][gc          ] GC(26) Pause Young (Normal) (G1 Evacuation Pause) 1339M->126M(2048M) 33.038ms
[2023-07-25T08:20:53.812+0000][7][gc,cpu      ] GC(26) User=0.02s Sys=0.00s Real=0.03s
[2023-07-25T08:20:53.813+0000][7][safepoint   ] Safepoint "G1CollectForAllocation", Time since last: 34663757141 ns, Reaching safepoint: 159666 ns, At safepoint: 34219750 ns, Total: 34379416 ns
[2023-07-25T08:21:02.828+0000][7][safepoint   ] Safepoint "Cleanup", Time since last: 9016068463 ns, Reaching safepoint: 415250 ns, At safepoint: 8625 ns, Total: 423875 ns
[2023-07-25T08:21:04.837+0000][7][safepoint   ] Safepoint "Cleanup", Time since last: 2008679626 ns, Reaching safepoint: 183166 ns, At safepoint: 3375 ns, Total: 186541 ns
[2023-07-25T08:21:07.846+0000][7][safepoint   ] Safepoint "Cleanup", Time since last: 3008291127 ns, Reaching safepoint: 873583 ns, At safepoint: 14250 ns, Total: 887833 ns
[2023-07-25T08:21:11.864+0000][7][safepoint   ] Safepoint "Cleanup", Time since last: 4017448294 ns, Reaching safepoint: 75541 ns, At safepoint: 19209 ns, Total: 94750 ns
[2023-07-25T08:21:17.877+0000][7][safepoint   ] Safepoint "Cleanup", Time since last: 6013020086 ns, Reaching safepoint: 146417 ns, At safepoint: 38250 ns, Total: 184667 ns
[2023-07-25T08:22:05.928+0000][7][safepoint   ] Safepoint "Cleanup", Time since last: 48050416188 ns, Reaching safepoint: 602000 ns, At safepoint: 9625 ns, Total: 611625 ns
[2023-07-25T08:22:10.941+0000][7][safepoint   ] Safepoint "Cleanup", Time since last: 5012215044 ns, Reaching safepoint: 399917 ns, At safepoint: 12416 ns, Total: 412333 ns
[2023-07-25T08:22:21.972+0000][7][safepoint   ] Safepoint "Cleanup", Time since last: 11030079506 ns, Reaching safepoint: 775375 ns, At safepoint: 11750 ns, Total: 787125 ns
[2023-07-25T08:22:57.074+0000][7][safepoint   ] Safepoint "Cleanup", Time since last: 35097377891 ns, Reaching safepoint: 3059542 ns, At safepoint: 17916 ns, Total: 3077458 ns
[2023-07-25T08:23:35.173+0000][7][safepoint   ] Safepoint "Cleanup", Time since last: 38100629476 ns, Reaching safepoint: 589125 ns, At safepoint: 17458 ns, Total: 606583 ns
[2023-07-25T08:23:36.186+0000][7][safepoint   ] Safepoint "Cleanup", Time since last: 1012223542 ns, Reaching safepoint: 146000 ns, At safepoint: 7000 ns, Total: 153000 ns
[2023-07-25T08:24:07.258+0000][7][safepoint   ] Safepoint "Cleanup", Time since last: 31069881014 ns, Reaching safepoint: 131042 ns, At safepoint: 14458 ns, Total: 145500 ns
[2023-07-25T08:24:57.362+0000][7][safepoint   ] Safepoint "Cleanup", Time since last: 50109609648 ns, Reaching safepoint: 502333 ns, At safepoint: 13334 ns, Total: 515667 ns
[2023-07-25T08:25:00.382+0000][7][safepoint   ] Safepoint "Cleanup", Time since last: 3014830876 ns, Reaching safepoint: 285583 ns, At safepoint: 4625 ns, Total: 290208 ns
[2023-07-25T08:25:02.391+0000][7][safepoint   ] Safepoint "Cleanup", Time since last: 2008135959 ns, Reaching safepoint: 970542 ns, At safepoint: 13000 ns, Total: 983542 ns
[2023-07-25T08:25:06.407+0000][7][safepoint   ] Safepoint "Cleanup", Time since last: 4015220210 ns, Reaching safepoint: 479625 ns, At safepoint: 11167 ns, Total: 490792 ns
[2023-07-25T08:25:08.424+0000][7][safepoint   ] Safepoint "Cleanup", Time since last: 2017066917 ns, Reaching safepoint: 304792 ns, At safepoint: 189708 ns, Total: 494500 ns
[2023-07-25T08:25:25.464+0000][7][safepoint   ] Safepoint "Cleanup", Time since last: 17039220675 ns, Reaching safepoint: 286667 ns, At safepoint: 12667 ns, Total: 299334 ns
[2023-07-25T08:25:36.509+0000][7][safepoint   ] Safepoint "Cleanup", Time since last: 11045010462 ns, Reaching safepoint: 483917 ns, At safepoint: 8958 ns, Total: 492875 ns
[2023-07-25T08:25:50.544+0000][7][safepoint   ] Safepoint "Cleanup", Time since last: 14034334715 ns, Reaching safepoint: 447417 ns, At safepoint: 40375 ns, Total: 487792 ns
[2023-07-25T08:25:54.056+0000][7][safepoint   ] Safepoint "Cleanup", Time since last: 3512498877 ns, Reaching safepoint: 165875 ns, At safepoint: 16833 ns, Total: 182708 ns
[2023-07-25T08:25:55.058+0000][7][safepoint   ] Safepoint "Cleanup", Time since last: 1001155876 ns, Reaching safepoint: 712541 ns, At safepoint: 23167 ns, Total: 735708 ns
[2023-07-25T08:26:07.120+0000][7][safepoint   ] Safepoint "Cleanup", Time since last: 12060499338 ns, Reaching safepoint: 161667 ns, At safepoint: 6625 ns, Total: 168292 ns
[2023-07-25T08:26:18.142+0000][7][safepoint   ] Safepoint "Cleanup", Time since last: 11021633964 ns, Reaching safepoint: 380875 ns, At safepoint: 17291 ns, Total: 398166 ns
[2023-07-25T08:26:19.143+0000][7][safepoint   ] Safepoint "Cleanup", Time since last: 1000875376 ns, Reaching safepoint: 282416 ns, At safepoint: 9584 ns, Total: 292000 ns
[2023-07-25T08:26:43.192+0000][7][safepoint   ] Safepoint "Cleanup", Time since last: 24045556844 ns, Reaching safepoint: 351166 ns, At safepoint: 4417 ns, Total: 355583 ns
[2023-07-25T08:26:44.195+0000][7][safepoint   ] Safepoint "Cleanup", Time since last: 1001976459 ns, Reaching safepoint: 722791 ns, At safepoint: 9542 ns, Total: 732333 ns
[2023-07-25T08:26:49.053+0000][7][gc,start    ] GC(27) Pause Young (Normal) (G1 Evacuation Pause)
[2023-07-25T08:26:49.055+0000][7][gc,task     ] GC(27) Using 2 workers of 2 for evacuation
[2023-07-25T08:26:49.057+0000][7][gc,age      ] GC(27) Desired survivor size 81788928 bytes, new threshold 15 (max threshold 15)
[2023-07-25T08:26:49.078+0000][7][gc,phases   ] GC(27)   Pre Evacuate Collection Set: 0.5ms
[2023-07-25T08:26:49.079+0000][7][gc,phases   ] GC(27)   Merge Heap Roots: 0.8ms
[2023-07-25T08:26:49.081+0000][7][gc,phases   ] GC(27)   Evacuate Collection Set: 14.5ms
[2023-07-25T08:26:49.082+0000][7][gc,phases   ] GC(27)   Post Evacuate Collection Set: 1.9ms
[2023-07-25T08:26:49.083+0000][7][gc,phases   ] GC(27)   Other: 5.0ms
[2023-07-25T08:26:49.086+0000][7][gc,age      ] GC(27) Age table with threshold 15 (max threshold 15)
[2023-07-25T08:26:49.087+0000][7][gc,age      ] GC(27) - age   1:    1075680 bytes,    1075680 total
[2023-07-25T08:26:49.089+0000][7][gc,age      ] GC(27) - age   2:      94520 bytes,    1170200 total
[2023-07-25T08:26:49.090+0000][7][gc,age      ] GC(27) - age   3:      12904 bytes,    1183104 total
[2023-07-25T08:26:49.091+0000][7][gc,age      ] GC(27) - age   4:     119320 bytes,    1302424 total
[2023-07-25T08:26:49.092+0000][7][gc,age      ] GC(27) - age   5:      17080 bytes,    1319504 total
[2023-07-25T08:26:49.094+0000][7][gc,age      ] GC(27) - age   6:      21360 bytes,    1340864 total
[2023-07-25T08:26:49.094+0000][7][gc,age      ] GC(27) - age   7:      20904 bytes,    1361768 total
[2023-07-25T08:26:49.095+0000][7][gc,age      ] GC(27) - age   8:     239392 bytes,    1601160 total
[2023-07-25T08:26:49.096+0000][7][gc,age      ] GC(27) - age   9:     221176 bytes,    1822336 total
[2023-07-25T08:26:49.097+0000][7][gc,age      ] GC(27) - age  10:      31944 bytes,    1854280 total
[2023-07-25T08:26:49.098+0000][7][gc,age      ] GC(27) - age  11:     435568 bytes,    2289848 total
[2023-07-25T08:26:49.099+0000][7][gc,age      ] GC(27) - age  12:    9100904 bytes,   11390752 total
[2023-07-25T08:26:49.100+0000][7][gc,age      ] GC(27) - age  13:    1643168 bytes,   13033920 total
[2023-07-25T08:26:49.101+0000][7][gc,heap     ] GC(27) Eden regions: 303->0(303)
[2023-07-25T08:26:49.102+0000][7][gc,heap     ] GC(27) Survivor regions: 4->4(39)
[2023-07-25T08:26:49.103+0000][7][gc,heap     ] GC(27) Old regions: 26->26
[2023-07-25T08:26:49.104+0000][7][gc,heap     ] GC(27) Archive regions: 2->2
[2023-07-25T08:26:49.105+0000][7][gc,heap     ] GC(27) Humongous regions: 2->2
[2023-07-25T08:26:49.106+0000][7][gc,metaspace] GC(27) Metaspace: 117614K(120576K)->117614K(120576K) NonClass: 102283K(103872K)->102283K(103872K) Class: 15331K(16704K)->15331K(16704K)
[2023-07-25T08:26:49.107+0000][7][gc          ] GC(27) Pause Young (Normal) (G1 Evacuation Pause) 1338M->127M(2048M) 53.930ms
[2023-07-25T08:26:49.107+0000][7][gc,cpu      ] GC(27) User=0.04s Sys=0.00s Real=0.05s
[2023-07-25T08:26:49.109+0000][7][safepoint   ] Safepoint "G1CollectForAllocation", Time since last: 4857560502 ns, Reaching safepoint: 123042 ns, At safepoint: 55825667 ns, Total: 55948709 ns
[2023-07-25T08:27:07.135+0000][7][safepoint   ] Safepoint "Cleanup", Time since last: 18027348341 ns, Reaching safepoint: 560833 ns, At safepoint: 7667 ns, Total: 568500 ns
[2023-07-25T08:27:11.150+0000][7][safepoint   ] Safepoint "Cleanup", Time since last: 4014349627 ns, Reaching safepoint: 368750 ns, At safepoint: 10917 ns, Total: 379667 ns
[2023-07-25T08:27:44.229+0000][7][safepoint   ] Safepoint "Cleanup", Time since last: 33081903348 ns, Reaching safepoint: 256208 ns, At safepoint: 5959 ns, Total: 262167 ns
[2023-07-25T08:27:48.246+0000][7][safepoint   ] Safepoint "Cleanup", Time since last: 4017305418 ns, Reaching safepoint: 79709 ns, At safepoint: 3333 ns, Total: 83042 ns
[2023-07-25T08:28:07.193+0000][7][safepoint   ] Safepoint "Cleanup", Time since last: 18948313050 ns, Reaching safepoint: 134375 ns, At safepoint: 4833 ns, Total: 139208 ns
[2023-07-25T08:28:12.206+0000][7][safepoint   ] Safepoint "Cleanup", Time since last: 5011637628 ns, Reaching safepoint: 573916 ns, At safepoint: 9292 ns, Total: 583208 ns
[2023-07-25T08:28:15.212+0000][7][safepoint   ] Safepoint "Cleanup", Time since last: 3005809627 ns, Reaching safepoint: 282750 ns, At safepoint: 12416 ns, Total: 295166 ns
[2023-07-25T08:28:18.238+0000][7][safepoint   ] Safepoint "Cleanup", Time since last: 3026606127 ns, Reaching safepoint: 148125 ns, At safepoint: 4250 ns, Total: 152375 ns
[2023-07-25T08:28:19.241+0000][7][safepoint   ] Safepoint "Cleanup", Time since last: 1002568167 ns, Reaching safepoint: 40958 ns, At safepoint: 1750 ns, Total: 42708 ns
[2023-07-25T08:28:25.277+0000][7][safepoint   ] Safepoint "Cleanup", Time since last: 6035834420 ns, Reaching safepoint: 207208 ns, At safepoint: 16042 ns, Total: 223250 ns
[2023-07-25T08:28:27.281+0000][7][safepoint   ] Safepoint "Cleanup", Time since last: 2003349376 ns, Reaching safepoint: 180833 ns, At safepoint: 6875 ns, Total: 187708 ns
[2023-07-25T08:28:30.307+0000][7][safepoint   ] Safepoint "Cleanup", Time since last: 3012124167 ns, Reaching safepoint: 151167 ns, At safepoint: 3833 ns, Total: 155000 ns
[2023-07-25T08:28:35.322+0000][7][safepoint   ] Safepoint "Cleanup", Time since last: 5014624461 ns, Reaching safepoint: 872875 ns, At safepoint: 42375 ns, Total: 915250 ns
[2023-07-25T08:28:50.126+0000][7][safepoint   ] Safepoint "Cleanup", Time since last: 14803996549 ns, Reaching safepoint: 322958 ns, At safepoint: 11459 ns, Total: 334417 ns
[2023-07-25T08:29:04.154+0000][7][safepoint   ] Safepoint "Cleanup", Time since last: 14035954006 ns, Reaching safepoint: 264083 ns, At safepoint: 8250 ns, Total: 272333 ns
[2023-07-25T08:29:07.169+0000][7][safepoint   ] Safepoint "Cleanup", Time since last: 3014698960 ns, Reaching safepoint: 650083 ns, At safepoint: 18459 ns, Total: 668542 ns
[2023-07-25T08:29:13.190+0000][7][safepoint   ] Safepoint "Cleanup", Time since last: 6020109044 ns, Reaching safepoint: 969375 ns, At safepoint: 14292 ns, Total: 983667 ns
[2023-07-25T08:29:25.242+0000][7][safepoint   ] Safepoint "Cleanup", Time since last: 12051831714 ns, Reaching safepoint: 87125 ns, At safepoint: 3583 ns, Total: 90708 ns
[2023-07-25T08:29:43.279+0000][7][safepoint   ] Safepoint "Cleanup", Time since last: 18039964883 ns, Reaching safepoint: 144042 ns, At safepoint: 4250 ns, Total: 148292 ns
[2023-07-25T08:30:06.329+0000][7][safepoint   ] Safepoint "Cleanup", Time since last: 23050358927 ns, Reaching safepoint: 49292 ns, At safepoint: 3416 ns, Total: 52708 ns
[2023-07-25T08:30:07.331+0000][7][safepoint   ] Safepoint "Cleanup", Time since last: 1000948792 ns, Reaching safepoint: 518250 ns, At safepoint: 4834 ns, Total: 523084 ns
[2023-07-25T08:30:11.343+0000][7][safepoint   ] Safepoint "Cleanup", Time since last: 4011601877 ns, Reaching safepoint: 355375 ns, At safepoint: 10125 ns, Total: 365500 ns
[2023-07-25T08:30:13.351+0000][7][safepoint   ] Safepoint "Cleanup", Time since last: 2008660292 ns, Reaching safepoint: 164667 ns, At safepoint: 4917 ns, Total: 169584 ns
[2023-07-25T08:30:24.374+0000][7][safepoint   ] Safepoint "Cleanup", Time since last: 11022515630 ns, Reaching safepoint: 107792 ns, At safepoint: 5458 ns, Total: 113250 ns
[2023-07-25T08:30:30.395+0000][7][safepoint   ] Safepoint "Cleanup", Time since last: 6019308210 ns, Reaching safepoint: 221042 ns, At safepoint: 4417 ns, Total: 225459 ns
[2023-07-25T08:30:31.399+0000][7][safepoint   ] Safepoint "Cleanup", Time since last: 1002695000 ns, Reaching safepoint: 595167 ns, At safepoint: 8292 ns, Total: 603459 ns
[2023-07-25T08:30:36.428+0000][7][safepoint   ] Safepoint "Cleanup", Time since last: 5029059835 ns, Reaching safepoint: 138917 ns, At safepoint: 13625 ns, Total: 152542 ns
[2023-07-25T08:30:42.449+0000][7][safepoint   ] Safepoint "Cleanup", Time since last: 6020590128 ns, Reaching safepoint: 144167 ns, At safepoint: 6083 ns, Total: 150250 ns
[2023-07-25T08:30:45.451+0000][7][safepoint   ] Safepoint "Cleanup", Time since last: 3002597585 ns, Reaching safepoint: 139208 ns, At safepoint: 4542 ns, Total: 143750 ns
[2023-07-25T08:31:06.496+0000][7][safepoint   ] Safepoint "Cleanup", Time since last: 21049203467 ns, Reaching safepoint: 377625 ns, At safepoint: 12625 ns, Total: 390250 ns
[2023-07-25T08:31:07.511+0000][7][safepoint   ] Safepoint "Cleanup", Time since last: 1014614834 ns, Reaching safepoint: 732917 ns, At safepoint: 11250 ns, Total: 744167 ns
[2023-07-25T08:31:14.547+0000][7][safepoint   ] Safepoint "Cleanup", Time since last: 7035327962 ns, Reaching safepoint: 1013041 ns, At safepoint: 36084 ns, Total: 1049125 ns
[2023-07-25T08:31:30.595+0000][7][safepoint   ] Safepoint "Cleanup", Time since last: 16041884340 ns, Reaching safepoint: 773000 ns, At safepoint: 11292 ns, Total: 784292 ns
[2023-07-25T08:31:33.617+0000][7][safepoint   ] Safepoint "Cleanup", Time since last: 3020970751 ns, Reaching safepoint: 604125 ns, At safepoint: 12417 ns, Total: 616542 ns
[2023-07-25T08:31:35.633+0000][7][safepoint   ] Safepoint "Cleanup", Time since last: 2015044709 ns, Reaching safepoint: 949667 ns, At safepoint: 12541 ns, Total: 962208 ns
[2023-07-25T08:31:48.675+0000][7][safepoint   ] Safepoint "Cleanup", Time since last: 13042337757 ns, Reaching safepoint: 107500 ns, At safepoint: 6208 ns, Total: 113708 ns
[2023-07-25T08:31:54.688+0000][7][safepoint   ] Safepoint "Cleanup", Time since last: 6012466044 ns, Reaching safepoint: 242875 ns, At safepoint: 9250 ns, Total: 252125 ns
[2023-07-25T08:31:57.698+0000][7][safepoint   ] Safepoint "Cleanup", Time since last: 3009918127 ns, Reaching safepoint: 549833 ns, At safepoint: 13167 ns, Total: 563000 ns
[2023-07-25T08:32:07.752+0000][7][safepoint   ] Safepoint "Cleanup", Time since last: 10055219795 ns, Reaching safepoint: 417584 ns, At safepoint: 6916 ns, Total: 424500 ns
[2023-07-25T08:32:32.803+0000][7][safepoint   ] Safepoint "Cleanup", Time since last: 25048685178 ns, Reaching safepoint: 1101917 ns, At safepoint: 10875 ns, Total: 1112792 ns
[2023-07-25T08:32:37.826+0000][7][safepoint   ] Safepoint "Cleanup", Time since last: 5022694127 ns, Reaching safepoint: 397667 ns, At safepoint: 3875 ns, Total: 401542 ns
[2023-07-25T08:32:42.843+0000][7][safepoint   ] Safepoint "Cleanup", Time since last: 5016543419 ns, Reaching safepoint: 584416 ns, At safepoint: 17834 ns, Total: 602250 ns
[2023-07-25T08:32:48.352+0000][7][gc,start    ] GC(28) Pause Young (Normal) (G1 Evacuation Pause)
[2023-07-25T08:32:48.352+0000][7][gc,task     ] GC(28) Using 2 workers of 2 for evacuation
[2023-07-25T08:32:48.353+0000][7][gc,age      ] GC(28) Desired survivor size 81788928 bytes, new threshold 15 (max threshold 15)
[2023-07-25T08:32:48.364+0000][7][gc,phases   ] GC(28)   Pre Evacuate Collection Set: 0.1ms
[2023-07-25T08:32:48.365+0000][7][gc,phases   ] GC(28)   Merge Heap Roots: 0.1ms
[2023-07-25T08:32:48.366+0000][7][gc,phases   ] GC(28)   Evacuate Collection Set: 8.9ms
[2023-07-25T08:32:48.367+0000][7][gc,phases   ] GC(28)   Post Evacuate Collection Set: 1.2ms
[2023-07-25T08:32:48.368+0000][7][gc,phases   ] GC(28)   Other: 1.3ms
[2023-07-25T08:32:48.368+0000][7][gc,age      ] GC(28) Age table with threshold 15 (max threshold 15)
[2023-07-25T08:32:48.369+0000][7][gc,age      ] GC(28) - age   1:    1287264 bytes,    1287264 total
[2023-07-25T08:32:48.370+0000][7][gc,age      ] GC(28) - age   2:      88472 bytes,    1375736 total
[2023-07-25T08:32:48.371+0000][7][gc,age      ] GC(28) - age   3:      93080 bytes,    1468816 total
[2023-07-25T08:32:48.372+0000][7][gc,age      ] GC(28) - age   4:      12704 bytes,    1481520 total
[2023-07-25T08:32:48.373+0000][7][gc,age      ] GC(28) - age   5:     118936 bytes,    1600456 total
[2023-07-25T08:32:48.374+0000][7][gc,age      ] GC(28) - age   6:      17080 bytes,    1617536 total
[2023-07-25T08:32:48.374+0000][7][gc,age      ] GC(28) - age   7:      21360 bytes,    1638896 total
[2023-07-25T08:32:48.375+0000][7][gc,age      ] GC(28) - age   8:      20904 bytes,    1659800 total
[2023-07-25T08:32:48.376+0000][7][gc,age      ] GC(28) - age   9:     237768 bytes,    1897568 total
[2023-07-25T08:32:48.377+0000][7][gc,age      ] GC(28) - age  10:     221176 bytes,    2118744 total
[2023-07-25T08:32:48.378+0000][7][gc,age      ] GC(28) - age  11:      31944 bytes,    2150688 total
[2023-07-25T08:32:48.379+0000][7][gc,age      ] GC(28) - age  12:     435568 bytes,    2586256 total
[2023-07-25T08:32:48.380+0000][7][gc,age      ] GC(28) - age  13:    9100904 bytes,   11687160 total
[2023-07-25T08:32:48.381+0000][7][gc,age      ] GC(28) - age  14:    1643168 bytes,   13330328 total
[2023-07-25T08:32:48.382+0000][7][gc,heap     ] GC(28) Eden regions: 303->0(303)
[2023-07-25T08:32:48.383+0000][7][gc,heap     ] GC(28) Survivor regions: 4->4(39)
[2023-07-25T08:32:48.383+0000][7][gc,heap     ] GC(28) Old regions: 26->26
[2023-07-25T08:32:48.384+0000][7][gc,heap     ] GC(28) Archive regions: 2->2
[2023-07-25T08:32:48.384+0000][7][gc,heap     ] GC(28) Humongous regions: 2->2
[2023-07-25T08:32:48.385+0000][7][gc,metaspace] GC(28) Metaspace: 117653K(120640K)->117653K(120640K) NonClass: 102318K(103936K)->102318K(103936K) Class: 15334K(16704K)->15334K(16704K)
[2023-07-25T08:32:48.386+0000][7][gc          ] GC(28) Pause Young (Normal) (G1 Evacuation Pause) 1339M->126M(2048M) 33.831ms
[2023-07-25T08:32:48.386+0000][7][gc,cpu      ] GC(28) User=0.02s Sys=0.01s Real=0.04s
[2023-07-25T08:32:48.387+0000][7][safepoint   ] Safepoint "G1CollectForAllocation", Time since last: 5508382877 ns, Reaching safepoint: 117709 ns, At safepoint: 35213916 ns, Total: 35331625 ns
[2023-07-25T08:32:49.388+0000][7][safepoint   ] Safepoint "Cleanup", Time since last: 1000864959 ns, Reaching safepoint: 212917 ns, At safepoint: 8667 ns, Total: 221584 ns
[2023-07-25T08:32:52.395+0000][7][safepoint   ] Safepoint "Cleanup", Time since last: 3006989584 ns, Reaching safepoint: 500125 ns, At safepoint: 12917 ns, Total: 513042 ns
[2023-07-25T08:33:00.428+0000][7][safepoint   ] Safepoint "Cleanup", Time since last: 8032494003 ns, Reaching safepoint: 253166 ns, At safepoint: 8917 ns, Total: 262083 ns
[2023-07-25T08:33:07.445+0000][7][safepoint   ] Safepoint "Cleanup", Time since last: 7016242253 ns, Reaching safepoint: 924250 ns, At safepoint: 12625 ns, Total: 936875 ns
[2023-07-25T08:33:12.469+0000][7][safepoint   ] Safepoint "Cleanup", Time since last: 5023612420 ns, Reaching safepoint: 516375 ns, At safepoint: 5541 ns, Total: 521916 ns
[2023-07-25T08:33:16.483+0000][7][safepoint   ] Safepoint "Cleanup", Time since last: 4013598210 ns, Reaching safepoint: 623500 ns, At safepoint: 42834 ns, Total: 666334 ns
[2023-07-25T08:33:21.497+0000][7][safepoint   ] Safepoint "Cleanup", Time since last: 5013342044 ns, Reaching safepoint: 490000 ns, At safepoint: 19458 ns, Total: 509458 ns
[2023-07-25T08:33:24.508+0000][7][safepoint   ] Safepoint "Cleanup", Time since last: 3011140043 ns, Reaching safepoint: 151042 ns, At safepoint: 4167 ns, Total: 155209 ns
[2023-07-25T08:33:54.567+0000][7][safepoint   ] Safepoint "Cleanup", Time since last: 30050962555 ns, Reaching safepoint: 153917 ns, At safepoint: 4625 ns, Total: 158542 ns
[2023-07-25T08:34:07.601+0000][7][safepoint   ] Safepoint "Cleanup", Time since last: 13040330213 ns, Reaching safepoint: 430959 ns, At safepoint: 8875 ns, Total: 439834 ns
[2023-07-25T08:34:12.624+0000][7][safepoint   ] Safepoint "Cleanup", Time since last: 5022845169 ns, Reaching safepoint: 112291 ns, At safepoint: 5334 ns, Total: 117625 ns
[2023-07-25T08:34:19.632+0000][7][safepoint   ] Safepoint "Cleanup", Time since last: 7006926461 ns, Reaching safepoint: 1605459 ns, At safepoint: 16208 ns, Total: 1621667 ns
[2023-07-25T08:34:28.680+0000][7][safepoint   ] Safepoint "Cleanup", Time since last: 9046142129 ns, Reaching safepoint: 982584 ns, At safepoint: 13666 ns, Total: 996250 ns
[2023-07-25T08:34:37.706+0000][7][safepoint   ] Safepoint "Cleanup", Time since last: 9022328962 ns, Reaching safepoint: 335375 ns, At safepoint: 12125 ns, Total: 347500 ns
[2023-07-25T08:35:06.799+0000][7][safepoint   ] Safepoint "Cleanup", Time since last: 29095011680 ns, Reaching safepoint: 313125 ns, At safepoint: 11292 ns, Total: 324417 ns
[2023-07-25T08:35:18.825+0000][7][safepoint   ] Safepoint "Cleanup", Time since last: 12023954631 ns, Reaching safepoint: 1356125 ns, At safepoint: 9500 ns, Total: 1365625 ns
[2023-07-25T08:35:30.867+0000][7][safepoint   ] Safepoint "Cleanup", Time since last: 12045892338 ns, Reaching safepoint: 378833 ns, At safepoint: 9125 ns, Total: 387958 ns
[2023-07-25T08:35:35.873+0000][7][safepoint   ] Safepoint "Cleanup", Time since last: 5005521086 ns, Reaching safepoint: 486167 ns, At safepoint: 5083 ns, Total: 491250 ns
[2023-07-25T08:35:54.951+0000][7][safepoint   ] Safepoint "Cleanup", Time since last: 19078048842 ns, Reaching safepoint: 359917 ns, At safepoint: 16750 ns, Total: 376667 ns
[2023-07-25T08:36:20.031+0000][7][safepoint   ] Safepoint "Cleanup", Time since last: 25076739719 ns, Reaching safepoint: 188917 ns, At safepoint: 3875 ns, Total: 192792 ns
[2023-07-25T08:36:38.067+0000][7][safepoint   ] Safepoint "Cleanup", Time since last: 18036279216 ns, Reaching safepoint: 578250 ns, At safepoint: 12542 ns, Total: 590792 ns
[2023-07-25T08:36:43.081+0000][7][safepoint   ] Safepoint "Cleanup", Time since last: 5013203502 ns, Reaching safepoint: 322583 ns, At safepoint: 21709 ns, Total: 344292 ns
[2023-07-25T08:36:49.088+0000][7][safepoint   ] Safepoint "Cleanup", Time since last: 6006529044 ns, Reaching safepoint: 197084 ns, At safepoint: 5041 ns, Total: 202125 ns
[2023-07-25T08:37:01.110+0000][7][safepoint   ] Safepoint "Cleanup", Time since last: 12020054088 ns, Reaching safepoint: 222750 ns, At safepoint: 5125 ns, Total: 227875 ns
[2023-07-25T08:37:03.127+0000][7][safepoint   ] Safepoint "Cleanup", Time since last: 2016459335 ns, Reaching safepoint: 220375 ns, At safepoint: 14166 ns, Total: 234541 ns
[2023-07-25T08:37:06.147+0000][7][safepoint   ] Safepoint "Cleanup", Time since last: 3019666835 ns, Reaching safepoint: 172583 ns, At safepoint: 6375 ns, Total: 178958 ns
[2023-07-25T08:37:07.155+0000][7][safepoint   ] Safepoint "Cleanup", Time since last: 1007568168 ns, Reaching safepoint: 225750 ns, At safepoint: 3916 ns, Total: 229666 ns
[2023-07-25T08:37:36.205+0000][7][safepoint   ] Safepoint "Cleanup", Time since last: 29050183805 ns, Reaching safepoint: 221459 ns, At safepoint: 14375 ns, Total: 235834 ns
[2023-07-25T08:38:07.267+0000][7][safepoint   ] Safepoint "Cleanup", Time since last: 31063638014 ns, Reaching safepoint: 133625 ns, At safepoint: 3334 ns, Total: 136959 ns
[2023-07-25T08:38:12.269+0000][7][safepoint   ] Safepoint "Cleanup", Time since last: 5002542669 ns, Reaching safepoint: 263458 ns, At safepoint: 3500 ns, Total: 266958 ns
[2023-07-25T08:38:21.289+0000][7][safepoint   ] Safepoint "Cleanup", Time since last: 9019148463 ns, Reaching safepoint: 148666 ns, At safepoint: 4584 ns, Total: 153250 ns
[2023-07-25T08:38:49.546+0000][7][gc,start    ] GC(29) Pause Young (Normal) (G1 Evacuation Pause)
[2023-07-25T08:38:49.547+0000][7][gc,task     ] GC(29) Using 2 workers of 2 for evacuation
[2023-07-25T08:38:49.548+0000][7][gc,age      ] GC(29) Desired survivor size 81788928 bytes, new threshold 15 (max threshold 15)
[2023-07-25T08:38:49.564+0000][7][gc,phases   ] GC(29)   Pre Evacuate Collection Set: 0.2ms
[2023-07-25T08:38:49.565+0000][7][gc,phases   ] GC(29)   Merge Heap Roots: 0.1ms
[2023-07-25T08:38:49.566+0000][7][gc,phases   ] GC(29)   Evacuate Collection Set: 13.8ms
[2023-07-25T08:38:49.567+0000][7][gc,phases   ] GC(29)   Post Evacuate Collection Set: 1.4ms
[2023-07-25T08:38:49.567+0000][7][gc,phases   ] GC(29)   Other: 1.2ms
[2023-07-25T08:38:49.568+0000][7][gc,age      ] GC(29) Age table with threshold 15 (max threshold 15)
[2023-07-25T08:38:49.569+0000][7][gc,age      ] GC(29) - age   1:    1828216 bytes,    1828216 total
[2023-07-25T08:38:49.569+0000][7][gc,age      ] GC(29) - age   2:     122712 bytes,    1950928 total
[2023-07-25T08:38:49.570+0000][7][gc,age      ] GC(29) - age   3:      86432 bytes,    2037360 total
[2023-07-25T08:38:49.571+0000][7][gc,age      ] GC(29) - age   4:      92776 bytes,    2130136 total
[2023-07-25T08:38:49.571+0000][7][gc,age      ] GC(29) - age   5:      12704 bytes,    2142840 total
[2023-07-25T08:38:49.572+0000][7][gc,age      ] GC(29) - age   6:     118936 bytes,    2261776 total
[2023-07-25T08:38:49.573+0000][7][gc,age      ] GC(29) - age   7:      17080 bytes,    2278856 total
[2023-07-25T08:38:49.574+0000][7][gc,age      ] GC(29) - age   8:      21360 bytes,    2300216 total
[2023-07-25T08:38:49.574+0000][7][gc,age      ] GC(29) - age   9:      20904 bytes,    2321120 total
[2023-07-25T08:38:49.575+0000][7][gc,age      ] GC(29) - age  10:     237768 bytes,    2558888 total
[2023-07-25T08:38:49.576+0000][7][gc,age      ] GC(29) - age  11:     221176 bytes,    2780064 total
[2023-07-25T08:38:49.576+0000][7][gc,age      ] GC(29) - age  12:      31944 bytes,    2812008 total
[2023-07-25T08:38:49.577+0000][7][gc,age      ] GC(29) - age  13:     435568 bytes,    3247576 total
[2023-07-25T08:38:49.578+0000][7][gc,age      ] GC(29) - age  14:    9100816 bytes,   12348392 total
[2023-07-25T08:38:49.578+0000][7][gc,age      ] GC(29) - age  15:    1643168 bytes,   13991560 total
[2023-07-25T08:38:49.579+0000][7][gc,heap     ] GC(29) Eden regions: 303->0(303)
[2023-07-25T08:38:49.579+0000][7][gc,heap     ] GC(29) Survivor regions: 4->4(39)
[2023-07-25T08:38:49.580+0000][7][gc,heap     ] GC(29) Old regions: 26->26
[2023-07-25T08:38:49.581+0000][7][gc,heap     ] GC(29) Archive regions: 2->2
[2023-07-25T08:38:49.581+0000][7][gc,heap     ] GC(29) Humongous regions: 2->2
[2023-07-25T08:38:49.582+0000][7][gc,metaspace] GC(29) Metaspace: 117703K(120640K)->117703K(120640K) NonClass: 102367K(103936K)->102367K(103936K) Class: 15336K(16704K)->15336K(16704K)
[2023-07-25T08:38:49.582+0000][7][gc          ] GC(29) Pause Young (Normal) (G1 Evacuation Pause) 1338M->127M(2048M) 36.127ms
[2023-07-25T08:38:49.583+0000][7][gc,cpu      ] GC(29) User=0.03s Sys=0.00s Real=0.03s
[2023-07-25T08:38:49.584+0000][7][safepoint   ] Safepoint "G1CollectForAllocation", Time since last: 28258726638 ns, Reaching safepoint: 87458 ns, At safepoint: 37571167 ns, Total: 37658625 ns
[2023-07-25T08:38:50.590+0000][7][safepoint   ] Safepoint "Cleanup", Time since last: 1004693083 ns, Reaching safepoint: 1485250 ns, At safepoint: 14250 ns, Total: 1499500 ns
[2023-07-25T08:39:07.652+0000][7][safepoint   ] Safepoint "Cleanup", Time since last: 17057448591 ns, Reaching safepoint: 159958 ns, At safepoint: 3500 ns, Total: 163458 ns
[2023-07-25T08:39:24.691+0000][7][safepoint   ] Safepoint "Cleanup", Time since last: 17038782300 ns, Reaching safepoint: 109959 ns, At safepoint: 3625 ns, Total: 113584 ns
[2023-07-25T08:39:30.712+0000][7][safepoint   ] Safepoint "Cleanup", Time since last: 6020992085 ns, Reaching safepoint: 128375 ns, At safepoint: 3292 ns, Total: 131667 ns
[2023-07-25T08:39:36.733+0000][7][safepoint   ] Safepoint "Cleanup", Time since last: 6020677961 ns, Reaching safepoint: 178583 ns, At safepoint: 4250 ns, Total: 182833 ns
[2023-07-25T08:39:37.734+0000][7][safepoint   ] Safepoint "Cleanup", Time since last: 1001277626 ns, Reaching safepoint: 139583 ns, At safepoint: 3459 ns, Total: 143042 ns
[2023-07-25T08:39:39.741+0000][7][safepoint   ] Safepoint "Cleanup", Time since last: 2006556500 ns, Reaching safepoint: 392459 ns, At safepoint: 6125 ns, Total: 398584 ns
[2023-07-25T08:40:07.802+0000][7][safepoint   ] Safepoint "Cleanup", Time since last: 28069128679 ns, Reaching safepoint: 354958 ns, At safepoint: 6167 ns, Total: 361125 ns
[2023-07-25T08:40:23.840+0000][7][safepoint   ] Safepoint "Cleanup", Time since last: 16038059216 ns, Reaching safepoint: 593500 ns, At safepoint: 5500 ns, Total: 599000 ns
[2023-07-25T08:40:29.891+0000][7][safepoint   ] Safepoint "Cleanup", Time since last: 6035008086 ns, Reaching safepoint: 883125 ns, At safepoint: 8000 ns, Total: 891125 ns
[2023-07-25T08:40:31.912+0000][7][safepoint   ] Safepoint "Cleanup", Time since last: 2021983709 ns, Reaching safepoint: 176250 ns, At safepoint: 3500 ns, Total: 179750 ns
[2023-07-25T08:40:48.947+0000][7][safepoint   ] Safepoint "Cleanup", Time since last: 17034147592 ns, Reaching safepoint: 504375 ns, At safepoint: 13333 ns, Total: 517708 ns
[2023-07-25T08:40:54.970+0000][7][safepoint   ] Safepoint "Cleanup", Time since last: 6022445419 ns, Reaching safepoint: 83834 ns, At safepoint: 5958 ns, Total: 89792 ns
[2023-07-25T08:41:07.992+0000][7][safepoint   ] Safepoint "Cleanup", Time since last: 13033893672 ns, Reaching safepoint: 257458 ns, At safepoint: 5209 ns, Total: 262667 ns
[2023-07-25T08:41:19.044+0000][7][safepoint   ] Safepoint "Cleanup", Time since last: 11051437755 ns, Reaching safepoint: 587750 ns, At safepoint: 18250 ns, Total: 606000 ns
[2023-07-25T08:41:25.080+0000][7][safepoint   ] Safepoint "Cleanup", Time since last: 6035511669 ns, Reaching safepoint: 354459 ns, At safepoint: 7708 ns, Total: 362167 ns
[2023-07-25T08:41:37.136+0000][7][safepoint   ] Safepoint "Cleanup", Time since last: 12048703588 ns, Reaching safepoint: 288834 ns, At safepoint: 12041 ns, Total: 300875 ns
[2023-07-25T08:42:25.247+0000][7][safepoint   ] Safepoint "Cleanup", Time since last: 48114399398 ns, Reaching safepoint: 235291 ns, At safepoint: 14709 ns, Total: 250000 ns
[2023-07-25T08:42:37.273+0000][7][safepoint   ] Safepoint "Cleanup", Time since last: 12026689338 ns, Reaching safepoint: 867917 ns, At safepoint: 31083 ns, Total: 899000 ns
[2023-07-25T08:43:19.372+0000][7][safepoint   ] Safepoint "Cleanup", Time since last: 42096011437 ns, Reaching safepoint: 737791 ns, At safepoint: 12125 ns, Total: 749916 ns
[2023-07-25T08:43:26.397+0000][7][safepoint   ] Safepoint "Cleanup", Time since last: 7025240795 ns, Reaching safepoint: 501500 ns, At safepoint: 7500 ns, Total: 509000 ns
[2023-07-25T08:43:50.446+0000][7][safepoint   ] Safepoint "Cleanup", Time since last: 24046282886 ns, Reaching safepoint: 359708 ns, At safepoint: 10125 ns, Total: 369833 ns
[2023-07-25T08:44:14.491+0000][7][safepoint   ] Safepoint "Cleanup", Time since last: 24045836719 ns, Reaching safepoint: 1257958 ns, At safepoint: 10917 ns, Total: 1268875 ns
[2023-07-25T08:44:28.548+0000][7][safepoint   ] Safepoint "Cleanup", Time since last: 14056841048 ns, Reaching safepoint: 654917 ns, At safepoint: 10083 ns, Total: 665000 ns
[2023-07-25T08:44:36.579+0000][7][safepoint   ] Safepoint "Cleanup", Time since last: 8032400003 ns, Reaching safepoint: 257667 ns, At safepoint: 3750 ns, Total: 261417 ns
[2023-07-25T08:44:37.590+0000][7][safepoint   ] Safepoint "Cleanup", Time since last: 1008048709 ns, Reaching safepoint: 3135541 ns, At safepoint: 19750 ns, Total: 3155291 ns
[2023-07-25T08:44:39.613+0000][7][safepoint   ] Safepoint "Cleanup", Time since last: 2022278793 ns, Reaching safepoint: 690417 ns, At safepoint: 20333 ns, Total: 710750 ns
[2023-07-25T08:44:42.624+0000][7][safepoint   ] Safepoint "Cleanup", Time since last: 3010069085 ns, Reaching safepoint: 155916 ns, At safepoint: 3750 ns, Total: 159666 ns
[2023-07-25T08:44:42.645+0000][7][gc,start    ] GC(30) Pause Young (Normal) (G1 Evacuation Pause)
[2023-07-25T08:44:42.646+0000][7][gc,task     ] GC(30) Using 2 workers of 2 for evacuation
[2023-07-25T08:44:42.646+0000][7][gc,age      ] GC(30) Desired survivor size 81788928 bytes, new threshold 15 (max threshold 15)
[2023-07-25T08:44:42.668+0000][7][gc,phases   ] GC(30)   Pre Evacuate Collection Set: 0.4ms
[2023-07-25T08:44:42.669+0000][7][gc,phases   ] GC(30)   Merge Heap Roots: 0.2ms
[2023-07-25T08:44:42.670+0000][7][gc,phases   ] GC(30)   Evacuate Collection Set: 18.0ms
[2023-07-25T08:44:42.672+0000][7][gc,phases   ] GC(30)   Post Evacuate Collection Set: 1.9ms
[2023-07-25T08:44:42.673+0000][7][gc,phases   ] GC(30)   Other: 1.6ms
[2023-07-25T08:44:42.674+0000][7][gc,age      ] GC(30) Age table with threshold 15 (max threshold 15)
[2023-07-25T08:44:42.675+0000][7][gc,age      ] GC(30) - age   1:     549824 bytes,     549824 total
[2023-07-25T08:44:42.676+0000][7][gc,age      ] GC(30) - age   2:      26192 bytes,     576016 total
[2023-07-25T08:44:42.677+0000][7][gc,age      ] GC(30) - age   3:     121816 bytes,     697832 total
[2023-07-25T08:44:42.677+0000][7][gc,age      ] GC(30) - age   4:      86232 bytes,     784064 total
[2023-07-25T08:44:42.678+0000][7][gc,age      ] GC(30) - age   5:      92776 bytes,     876840 total
[2023-07-25T08:44:42.679+0000][7][gc,age      ] GC(30) - age   6:      12704 bytes,     889544 total
[2023-07-25T08:44:42.679+0000][7][gc,age      ] GC(30) - age   7:     118536 bytes,    1008080 total
[2023-07-25T08:44:42.680+0000][7][gc,age      ] GC(30) - age   8:      17080 bytes,    1025160 total
[2023-07-25T08:44:42.681+0000][7][gc,age      ] GC(30) - age   9:      21360 bytes,    1046520 total
[2023-07-25T08:44:42.682+0000][7][gc,age      ] GC(30) - age  10:      20904 bytes,    1067424 total
[2023-07-25T08:44:42.684+0000][7][gc,age      ] GC(30) - age  11:     237768 bytes,    1305192 total
[2023-07-25T08:44:42.684+0000][7][gc,age      ] GC(30) - age  12:     221176 bytes,    1526368 total
[2023-07-25T08:44:42.685+0000][7][gc,age      ] GC(30) - age  13:      31944 bytes,    1558312 total
[2023-07-25T08:44:42.686+0000][7][gc,age      ] GC(30) - age  14:     435568 bytes,    1993880 total
[2023-07-25T08:44:42.686+0000][7][gc,age      ] GC(30) - age  15:    9100816 bytes,   11094696 total
[2023-07-25T08:44:42.687+0000][7][gc,heap     ] GC(30) Eden regions: 303->0(304)
[2023-07-25T08:44:42.687+0000][7][gc,heap     ] GC(30) Survivor regions: 4->3(39)
[2023-07-25T08:44:42.688+0000][7][gc,heap     ] GC(30) Old regions: 26->26
[2023-07-25T08:44:42.688+0000][7][gc,heap     ] GC(30) Archive regions: 2->2
[2023-07-25T08:44:42.689+0000][7][gc,heap     ] GC(30) Humongous regions: 2->2
[2023-07-25T08:44:42.690+0000][7][gc,metaspace] GC(30) Metaspace: 117805K(120704K)->117805K(120704K) NonClass: 102469K(104000K)->102469K(104000K) Class: 15336K(16704K)->15336K(16704K)
[2023-07-25T08:44:42.690+0000][7][gc          ] GC(30) Pause Young (Normal) (G1 Evacuation Pause) 1339M->126M(2048M) 45.570ms
[2023-07-25T08:44:42.691+0000][7][gc,cpu      ] GC(30) User=0.04s Sys=0.00s Real=0.04s
[2023-07-25T08:44:42.692+0000][7][safepoint   ] Safepoint "G1CollectForAllocation", Time since last: 21078750 ns, Reaching safepoint: 106500 ns, At safepoint: 47429709 ns, Total: 47536209 ns
[2023-07-25T08:44:51.722+0000][7][safepoint   ] Safepoint "Cleanup", Time since last: 9024620171 ns, Reaching safepoint: 4879458 ns, At safepoint: 29708 ns, Total: 4909166 ns
[2023-07-25T08:45:01.781+0000][7][safepoint   ] Safepoint "Cleanup", Time since last: 10053751171 ns, Reaching safepoint: 755542 ns, At safepoint: 10542 ns, Total: 766084 ns
[2023-07-25T08:45:07.804+0000][7][safepoint   ] Safepoint "Cleanup", Time since last: 6023389419 ns, Reaching safepoint: 185417 ns, At safepoint: 3250 ns, Total: 188667 ns
[2023-07-25T08:45:36.860+0000][7][safepoint   ] Safepoint "Cleanup", Time since last: 29058010847 ns, Reaching safepoint: 74583 ns, At safepoint: 3417 ns, Total: 78000 ns
[2023-07-25T08:45:42.880+0000][7][safepoint   ] Safepoint "Cleanup", Time since last: 6019742794 ns, Reaching safepoint: 233834 ns, At safepoint: 5291 ns, Total: 239125 ns
[2023-07-25T08:45:51.575+0000][7][safepoint   ] Safepoint "Cleanup", Time since last: 8694448504 ns, Reaching safepoint: 536167 ns, At safepoint: 17667 ns, Total: 553834 ns
[2023-07-25T08:46:13.619+0000][7][safepoint   ] Safepoint "Cleanup", Time since last: 22044836051 ns, Reaching safepoint: 245292 ns, At safepoint: 5833 ns, Total: 251125 ns
[2023-07-25T08:46:37.688+0000][7][safepoint   ] Safepoint "Cleanup", Time since last: 24060274719 ns, Reaching safepoint: 3224333 ns, At safepoint: 43750 ns, Total: 3268083 ns
[2023-07-25T08:46:49.727+0000][7][safepoint   ] Safepoint "Cleanup", Time since last: 12037690006 ns, Reaching safepoint: 1184000 ns, At safepoint: 11916 ns, Total: 1195916 ns
[2023-07-25T08:46:50.738+0000][7][safepoint   ] Safepoint "Cleanup", Time since last: 1010622584 ns, Reaching safepoint: 462625 ns, At safepoint: 13792 ns, Total: 476417 ns
[2023-07-25T08:47:06.778+0000][7][safepoint   ] Safepoint "Cleanup", Time since last: 16043171091 ns, Reaching safepoint: 108125 ns, At safepoint: 3708 ns, Total: 111833 ns
[2023-07-25T08:47:07.787+0000][7][safepoint   ] Safepoint "Cleanup", Time since last: 1001536667 ns, Reaching safepoint: 7194875 ns, At safepoint: 20250 ns, Total: 7215125 ns
[2023-07-25T08:47:24.823+0000][7][safepoint   ] Safepoint "Cleanup", Time since last: 17035877633 ns, Reaching safepoint: 85167 ns, At safepoint: 3625 ns, Total: 88792 ns
[2023-07-25T08:47:25.826+0000][7][safepoint   ] Safepoint "Cleanup", Time since last: 1002450917 ns, Reaching safepoint: 262792 ns, At safepoint: 20000 ns, Total: 282792 ns
[2023-07-25T08:47:32.845+0000][7][safepoint   ] Safepoint "Cleanup", Time since last: 7020854836 ns, Reaching safepoint: 1014792 ns, At safepoint: 44583 ns, Total: 1059375 ns
[2023-07-25T08:47:36.862+0000][7][safepoint   ] Safepoint "Cleanup", Time since last: 4016263419 ns, Reaching safepoint: 60708 ns, At safepoint: 3083 ns, Total: 63791 ns
[2023-07-25T08:47:49.877+0000][7][safepoint   ] Safepoint "Cleanup", Time since last: 13015287632 ns, Reaching safepoint: 340375 ns, At safepoint: 8708 ns, Total: 349083 ns
[2023-07-25T08:48:12.945+0000][7][safepoint   ] Safepoint "Cleanup", Time since last: 23066953344 ns, Reaching safepoint: 95416 ns, At safepoint: 4209 ns, Total: 99625 ns
[2023-07-25T08:48:24.965+0000][7][safepoint   ] Safepoint "Cleanup", Time since last: 12019871214 ns, Reaching safepoint: 160041 ns, At safepoint: 8167 ns, Total: 168208 ns
[2023-07-25T08:48:29.977+0000][7][safepoint   ] Safepoint "Cleanup", Time since last: 5010711294 ns, Reaching safepoint: 748583 ns, At safepoint: 15708 ns, Total: 764291 ns
[2023-07-25T08:49:19.102+0000][7][safepoint   ] Safepoint "Cleanup", Time since last: 49119791398 ns, Reaching safepoint: 128167 ns, At safepoint: 9375 ns, Total: 137542 ns
[2023-07-25T08:49:31.119+0000][7][safepoint   ] Safepoint "Cleanup", Time since last: 12024613088 ns, Reaching safepoint: 156708 ns, At safepoint: 4667 ns, Total: 161375 ns
[2023-07-25T08:50:07.183+0000][7][safepoint   ] Safepoint "Cleanup", Time since last: 36062642683 ns, Reaching safepoint: 240708 ns, At safepoint: 3250 ns, Total: 243958 ns
[2023-07-25T08:50:25.211+0000][7][safepoint   ] Safepoint "Cleanup", Time since last: 18027908092 ns, Reaching safepoint: 42584 ns, At safepoint: 3583 ns, Total: 46167 ns
[2023-07-25T08:50:37.233+0000][7][safepoint   ] Safepoint "Cleanup", Time since last: 12023778922 ns, Reaching safepoint: 297333 ns, At safepoint: 7709 ns, Total: 305042 ns
[2023-07-25T08:50:48.686+0000][7][gc,start    ] GC(31) Pause Young (Normal) (G1 Evacuation Pause)
[2023-07-25T08:50:48.687+0000][7][gc,task     ] GC(31) Using 2 workers of 2 for evacuation
[2023-07-25T08:50:48.687+0000][7][gc,age      ] GC(31) Desired survivor size 81788928 bytes, new threshold 15 (max threshold 15)
[2023-07-25T08:50:48.703+0000][7][gc,phases   ] GC(31)   Pre Evacuate Collection Set: 0.2ms
[2023-07-25T08:50:48.705+0000][7][gc,phases   ] GC(31)   Merge Heap Roots: 0.1ms
[2023-07-25T08:50:48.706+0000][7][gc,phases   ] GC(31)   Evacuate Collection Set: 13.8ms
[2023-07-25T08:50:48.707+0000][7][gc,phases   ] GC(31)   Post Evacuate Collection Set: 1.3ms
[2023-07-25T08:50:48.708+0000][7][gc,phases   ] GC(31)   Other: 1.2ms
[2023-07-25T08:50:48.709+0000][7][gc,age      ] GC(31) Age table with threshold 15 (max threshold 15)
[2023-07-25T08:50:48.709+0000][7][gc,age      ] GC(31) - age   1:    1179888 bytes,    1179888 total
[2023-07-25T08:50:48.710+0000][7][gc,age      ] GC(31) - age   2:      10648 bytes,    1190536 total
[2023-07-25T08:50:48.711+0000][7][gc,age      ] GC(31) - age   3:      23216 bytes,    1213752 total
[2023-07-25T08:50:48.712+0000][7][gc,age      ] GC(31) - age   4:     121040 bytes,    1334792 total
[2023-07-25T08:50:48.712+0000][7][gc,age      ] GC(31) - age   5:      86200 bytes,    1420992 total
[2023-07-25T08:50:48.713+0000][7][gc,age      ] GC(31) - age   6:      92776 bytes,    1513768 total
[2023-07-25T08:50:48.713+0000][7][gc,age      ] GC(31) - age   7:      12704 bytes,    1526472 total
[2023-07-25T08:50:48.714+0000][7][gc,age      ] GC(31) - age   8:     118536 bytes,    1645008 total
[2023-07-25T08:50:48.714+0000][7][gc,age      ] GC(31) - age   9:      17080 bytes,    1662088 total
[2023-07-25T08:50:48.715+0000][7][gc,age      ] GC(31) - age  10:      21360 bytes,    1683448 total
[2023-07-25T08:50:48.716+0000][7][gc,age      ] GC(31) - age  11:      20904 bytes,    1704352 total
[2023-07-25T08:50:48.716+0000][7][gc,age      ] GC(31) - age  12:     237768 bytes,    1942120 total
[2023-07-25T08:50:48.717+0000][7][gc,age      ] GC(31) - age  13:     221176 bytes,    2163296 total
[2023-07-25T08:50:48.718+0000][7][gc,age      ] GC(31) - age  14:      31944 bytes,    2195240 total
[2023-07-25T08:50:48.718+0000][7][gc,age      ] GC(31) - age  15:     435568 bytes,    2630808 total
[2023-07-25T08:50:48.720+0000][7][gc,heap     ] GC(31) Eden regions: 304->0(306)
[2023-07-25T08:50:48.720+0000][7][gc,heap     ] GC(31) Survivor regions: 3->1(39)
[2023-07-25T08:50:48.721+0000][7][gc,heap     ] GC(31) Old regions: 26->28
[2023-07-25T08:50:48.722+0000][7][gc,heap     ] GC(31) Archive regions: 2->2
[2023-07-25T08:50:48.723+0000][7][gc,heap     ] GC(31) Humongous regions: 2->2
[2023-07-25T08:50:48.724+0000][7][gc,metaspace] GC(31) Metaspace: 117890K(120832K)->117890K(120832K) NonClass: 102553K(104128K)->102553K(104128K) Class: 15337K(16704K)->15337K(16704K)
[2023-07-25T08:50:48.724+0000][7][gc          ] GC(31) Pause Young (Normal) (G1 Evacuation Pause) 1342M->127M(2048M) 38.489ms
[2023-07-25T08:50:48.725+0000][7][gc,cpu      ] GC(31) User=0.04s Sys=0.00s Real=0.04s
[2023-07-25T08:50:48.725+0000][7][safepoint   ] Safepoint "G1CollectForAllocation", Time since last: 11452900005 ns, Reaching safepoint: 112375 ns, At safepoint: 39657250 ns, Total: 39769625 ns
[2023-07-25T08:50:59.748+0000][7][safepoint   ] Safepoint "Cleanup", Time since last: 11019126297 ns, Reaching safepoint: 97667 ns, At safepoint: 3625 ns, Total: 101292 ns
[2023-07-25T08:51:07.757+0000][7][safepoint   ] Safepoint "Cleanup", Time since last: 8009170795 ns, Reaching safepoint: 124250 ns, At safepoint: 2250 ns, Total: 126500 ns
[2023-07-25T08:51:31.800+0000][7][safepoint   ] Safepoint "Cleanup", Time since last: 24041370928 ns, Reaching safepoint: 143542 ns, At safepoint: 4000 ns, Total: 147542 ns
[2023-07-25T08:51:33.803+0000][7][safepoint   ] Safepoint "Cleanup", Time since last: 2002005167 ns, Reaching safepoint: 334583 ns, At safepoint: 9709 ns, Total: 344292 ns
[2023-07-25T08:51:59.862+0000][7][safepoint   ] Safepoint "Cleanup", Time since last: 26059658886 ns, Reaching safepoint: 316125 ns, At safepoint: 7875 ns, Total: 324000 ns
[2023-07-25T08:52:07.874+0000][7][safepoint   ] Safepoint "Cleanup", Time since last: 8012235587 ns, Reaching safepoint: 50375 ns, At safepoint: 15500 ns, Total: 65875 ns
[2023-07-25T08:52:10.885+0000][7][safepoint   ] Safepoint "Cleanup", Time since last: 3010285502 ns, Reaching safepoint: 380083 ns, At safepoint: 12250 ns, Total: 392333 ns
[2023-07-25T08:53:08.016+0000][7][safepoint   ] Safepoint "Cleanup", Time since last: 57131860567 ns, Reaching safepoint: 478917 ns, At safepoint: 10500 ns, Total: 489417 ns
[2023-07-25T08:53:28.066+0000][7][safepoint   ] Safepoint "Cleanup", Time since last: 20049665551 ns, Reaching safepoint: 583917 ns, At safepoint: 12791 ns, Total: 596708 ns
[2023-07-25T08:53:31.083+0000][7][safepoint   ] Safepoint "Cleanup", Time since last: 3016313001 ns, Reaching safepoint: 123458 ns, At safepoint: 3584 ns, Total: 127042 ns
[2023-07-25T08:54:01.138+0000][7][safepoint   ] Safepoint "Cleanup", Time since last: 30054556722 ns, Reaching safepoint: 116167 ns, At safepoint: 4125 ns, Total: 120292 ns
[2023-07-25T08:54:34.206+0000][7][safepoint   ] Safepoint "Cleanup", Time since last: 33069437890 ns, Reaching safepoint: 312333 ns, At safepoint: 10917 ns, Total: 323250 ns
[2023-07-25T08:55:00.273+0000][7][safepoint   ] Safepoint "Cleanup", Time since last: 26063799803 ns, Reaching safepoint: 474041 ns, At safepoint: 9292 ns, Total: 483333 ns
[2023-07-25T08:55:07.292+0000][7][safepoint   ] Safepoint "Cleanup", Time since last: 7018816962 ns, Reaching safepoint: 129958 ns, At safepoint: 4708 ns, Total: 134666 ns
[2023-07-25T08:55:43.381+0000][7][safepoint   ] Safepoint "Cleanup", Time since last: 36088604559 ns, Reaching safepoint: 1142583 ns, At safepoint: 11667 ns, Total: 1154250 ns
[2023-07-25T08:55:50.404+0000][7][safepoint   ] Safepoint "Cleanup", Time since last: 7022529420 ns, Reaching safepoint: 323875 ns, At safepoint: 8833 ns, Total: 332708 ns
[2023-07-25T08:56:01.418+0000][7][safepoint   ] Safepoint "Cleanup", Time since last: 11015505838 ns, Reaching safepoint: 343083 ns, At safepoint: 10875 ns, Total: 353958 ns
[2023-07-25T08:56:07.451+0000][7][safepoint   ] Safepoint "Cleanup", Time since last: 6032037420 ns, Reaching safepoint: 333000 ns, At safepoint: 91000 ns, Total: 424000 ns
[2023-07-25T08:56:19.464+0000][7][safepoint   ] Safepoint "Cleanup", Time since last: 12012748131 ns, Reaching safepoint: 584166 ns, At safepoint: 10917 ns, Total: 595083 ns
[2023-07-25T08:56:38.297+0000][7][gc,start    ] GC(32) Pause Young (Normal) (G1 Evacuation Pause)
[2023-07-25T08:56:38.298+0000][7][gc,task     ] GC(32) Using 2 workers of 2 for evacuation
[2023-07-25T08:56:38.299+0000][7][gc,age      ] GC(32) Desired survivor size 81788928 bytes, new threshold 15 (max threshold 15)
[2023-07-25T08:56:38.307+0000][7][gc,phases   ] GC(32)   Pre Evacuate Collection Set: 0.4ms
[2023-07-25T08:56:38.308+0000][7][gc,phases   ] GC(32)   Merge Heap Roots: 0.2ms
[2023-07-25T08:56:38.309+0000][7][gc,phases   ] GC(32)   Evacuate Collection Set: 5.0ms
[2023-07-25T08:56:38.310+0000][7][gc,phases   ] GC(32)   Post Evacuate Collection Set: 1.3ms
[2023-07-25T08:56:38.315+0000][7][gc,phases   ] GC(32)   Other: 2.3ms
[2023-07-25T08:56:38.316+0000][7][gc,age      ] GC(32) Age table with threshold 15 (max threshold 15)
[2023-07-25T08:56:38.316+0000][7][gc,age      ] GC(32) - age   1:    1414824 bytes,    1414824 total
[2023-07-25T08:56:38.317+0000][7][gc,age      ] GC(32) - age   2:      11064 bytes,    1425888 total
[2023-07-25T08:56:38.318+0000][7][gc,age      ] GC(32) - age   3:      10264 bytes,    1436152 total
[2023-07-25T08:56:38.318+0000][7][gc,age      ] GC(32) - age   4:      22984 bytes,    1459136 total
[2023-07-25T08:56:38.319+0000][7][gc,age      ] GC(32) - age   5:     121040 bytes,    1580176 total
[2023-07-25T08:56:38.320+0000][7][gc,age      ] GC(32) - age   6:      86200 bytes,    1666376 total
[2023-07-25T08:56:38.320+0000][7][gc,age      ] GC(32) - age   7:      92776 bytes,    1759152 total
[2023-07-25T08:56:38.321+0000][7][gc,age      ] GC(32) - age   8:      12704 bytes,    1771856 total
[2023-07-25T08:56:38.321+0000][7][gc,age      ] GC(32) - age   9:     118536 bytes,    1890392 total
[2023-07-25T08:56:38.322+0000][7][gc,age      ] GC(32) - age  10:      17080 bytes,    1907472 total
[2023-07-25T08:56:38.322+0000][7][gc,age      ] GC(32) - age  11:      21360 bytes,    1928832 total
[2023-07-25T08:56:38.323+0000][7][gc,age      ] GC(32) - age  12:      20904 bytes,    1949736 total
[2023-07-25T08:56:38.323+0000][7][gc,age      ] GC(32) - age  13:     237768 bytes,    2187504 total
[2023-07-25T08:56:38.324+0000][7][gc,age      ] GC(32) - age  14:     221176 bytes,    2408680 total
[2023-07-25T08:56:38.325+0000][7][gc,age      ] GC(32) - age  15:      31944 bytes,    2440624 total
[2023-07-25T08:56:38.325+0000][7][gc,heap     ] GC(32) Eden regions: 306->0(306)
[2023-07-25T08:56:38.326+0000][7][gc,heap     ] GC(32) Survivor regions: 1->1(39)
[2023-07-25T08:56:38.327+0000][7][gc,heap     ] GC(32) Old regions: 28->29
[2023-07-25T08:56:38.327+0000][7][gc,heap     ] GC(32) Archive regions: 2->2
[2023-07-25T08:56:38.328+0000][7][gc,heap     ] GC(32) Humongous regions: 2->2
[2023-07-25T08:56:38.328+0000][7][gc,metaspace] GC(32) Metaspace: 117922K(120896K)->117922K(120896K) NonClass: 102585K(104192K)->102585K(104192K) Class: 15337K(16704K)->15337K(16704K)
[2023-07-25T08:56:38.329+0000][7][gc          ] GC(32) Pause Young (Normal) (G1 Evacuation Pause) 1351M->127M(2048M) 32.137ms
[2023-07-25T08:56:38.330+0000][7][gc,cpu      ] GC(32) User=0.02s Sys=0.00s Real=0.03s
[2023-07-25T08:56:38.331+0000][7][safepoint   ] Safepoint "G1CollectForAllocation", Time since last: 18832299759 ns, Reaching safepoint: 83708 ns, At safepoint: 33558708 ns, Total: 33642416 ns
[2023-07-25T08:57:02.380+0000][7][safepoint   ] Safepoint "Cleanup", Time since last: 24049043386 ns, Reaching safepoint: 215000 ns, At safepoint: 10042 ns, Total: 225042 ns
[2023-07-25T08:57:08.396+0000][7][safepoint   ] Safepoint "Cleanup", Time since last: 6014982086 ns, Reaching safepoint: 1538167 ns, At safepoint: 7917 ns, Total: 1546084 ns
[2023-07-25T08:57:09.407+0000][7][safepoint   ] Safepoint "Cleanup", Time since last: 1007425833 ns, Reaching safepoint: 3263292 ns, At safepoint: 26958 ns, Total: 3290250 ns
[2023-07-25T08:57:19.474+0000][7][safepoint   ] Safepoint "Cleanup", Time since last: 10067079422 ns, Reaching safepoint: 135250 ns, At safepoint: 3292 ns, Total: 138542 ns
[2023-07-25T08:57:37.513+0000][7][safepoint   ] Safepoint "Cleanup", Time since last: 18038795258 ns, Reaching safepoint: 340000 ns, At safepoint: 3666 ns, Total: 343666 ns
[2023-07-25T08:57:38.524+0000][7][safepoint   ] Safepoint "Cleanup", Time since last: 1005513376 ns, Reaching safepoint: 5076791 ns, At safepoint: 24292 ns, Total: 5101083 ns
[2023-07-25T08:57:46.552+0000][7][safepoint   ] Safepoint "Cleanup", Time since last: 8026484046 ns, Reaching safepoint: 1702666 ns, At safepoint: 41875 ns, Total: 1744541 ns
[2023-07-25T08:58:25.650+0000][7][safepoint   ] Safepoint "Cleanup", Time since last: 39097132101 ns, Reaching safepoint: 211459 ns, At safepoint: 6000 ns, Total: 217459 ns
[2023-07-25T08:59:07.742+0000][7][safepoint   ] Safepoint "Cleanup", Time since last: 42092087852 ns, Reaching safepoint: 308083 ns, At safepoint: 3583 ns, Total: 311666 ns
[2023-07-25T08:59:40.803+0000][7][safepoint   ] Safepoint "Cleanup", Time since last: 33060348390 ns, Reaching safepoint: 463792 ns, At safepoint: 7542 ns, Total: 471334 ns
[2023-07-25T08:59:52.831+0000][7][safepoint   ] Safepoint "Cleanup", Time since last: 12027247714 ns, Reaching safepoint: 576333 ns, At safepoint: 26083 ns, Total: 602416 ns
[2023-07-25T08:59:55.844+0000][7][safepoint   ] Safepoint "Cleanup", Time since last: 3012932960 ns, Reaching safepoint: 427209 ns, At safepoint: 15916 ns, Total: 443125 ns
[2023-07-25T08:59:58.852+0000][7][safepoint   ] Safepoint "Cleanup", Time since last: 3007871835 ns, Reaching safepoint: 394833 ns, At safepoint: 18250 ns, Total: 413083 ns
[2023-07-25T09:00:07.869+0000][7][safepoint   ] Safepoint "Cleanup", Time since last: 9016491087 ns, Reaching safepoint: 165125 ns, At safepoint: 7042 ns, Total: 172167 ns
[2023-07-25T09:00:09.871+0000][7][safepoint   ] Safepoint "Cleanup", Time since last: 2002133417 ns, Reaching safepoint: 215750 ns, At safepoint: 4917 ns, Total: 220667 ns
[2023-07-25T09:00:13.879+0000][7][safepoint   ] Safepoint "Cleanup", Time since last: 4007788919 ns, Reaching safepoint: 397125 ns, At safepoint: 11833 ns, Total: 408958 ns
[2023-07-25T09:00:19.903+0000][7][safepoint   ] Safepoint "Cleanup", Time since last: 6023871336 ns, Reaching safepoint: 109625 ns, At safepoint: 8125 ns, Total: 117750 ns
[2023-07-25T09:00:25.914+0000][7][safepoint   ] Safepoint "Cleanup", Time since last: 6010246378 ns, Reaching safepoint: 446875 ns, At safepoint: 10875 ns, Total: 457750 ns
[2023-07-25T09:00:30.928+0000][7][safepoint   ] Safepoint "Cleanup", Time since last: 5014042418 ns, Reaching safepoint: 81209 ns, At safepoint: 2250 ns, Total: 83459 ns
[2023-07-25T09:00:32.931+0000][7][safepoint   ] Safepoint "Cleanup", Time since last: 2002714459 ns, Reaching safepoint: 479542 ns, At safepoint: 14666 ns, Total: 494208 ns
[2023-07-25T09:00:37.949+0000][7][safepoint   ] Safepoint "Cleanup", Time since last: 5017008294 ns, Reaching safepoint: 126292 ns, At safepoint: 3542 ns, Total: 129834 ns
[2023-07-25T09:01:01.991+0000][7][safepoint   ] Safepoint "Cleanup", Time since last: 24042422927 ns, Reaching safepoint: 296375 ns, At safepoint: 8958 ns, Total: 305333 ns
[2023-07-25T09:01:07.021+0000][7][safepoint   ] Safepoint "Cleanup", Time since last: 5029071586 ns, Reaching safepoint: 166667 ns, At safepoint: 4250 ns, Total: 170917 ns
[2023-07-25T09:01:26.057+0000][7][safepoint   ] Safepoint "Cleanup", Time since last: 19035848175 ns, Reaching safepoint: 496209 ns, At safepoint: 174666 ns, Total: 670875 ns
[2023-07-25T09:01:40.097+0000][7][safepoint   ] Safepoint "Cleanup", Time since last: 14039768757 ns, Reaching safepoint: 302916 ns, At safepoint: 8625 ns, Total: 311541 ns
[2023-07-25T09:02:07.166+0000][7][safepoint   ] Safepoint "Cleanup", Time since last: 27068770388 ns, Reaching safepoint: 28166 ns, At safepoint: 2000 ns, Total: 30166 ns
[2023-07-25T09:02:19.193+0000][7][safepoint   ] Safepoint "Cleanup", Time since last: 12026822631 ns, Reaching safepoint: 81500 ns, At safepoint: 3458 ns, Total: 84958 ns
[2023-07-25T09:02:37.688+0000][7][gc,start    ] GC(33) Pause Young (Normal) (G1 Evacuation Pause)
[2023-07-25T09:02:37.689+0000][7][gc,task     ] GC(33) Using 2 workers of 2 for evacuation
[2023-07-25T09:02:37.690+0000][7][gc,age      ] GC(33) Desired survivor size 81788928 bytes, new threshold 15 (max threshold 15)
[2023-07-25T09:02:37.696+0000][7][gc,phases   ] GC(33)   Pre Evacuate Collection Set: 0.3ms
[2023-07-25T09:02:37.697+0000][7][gc,phases   ] GC(33)   Merge Heap Roots: 0.2ms
[2023-07-25T09:02:37.698+0000][7][gc,phases   ] GC(33)   Evacuate Collection Set: 4.1ms
[2023-07-25T09:02:37.699+0000][7][gc,phases   ] GC(33)   Post Evacuate Collection Set: 1.1ms
[2023-07-25T09:02:37.700+0000][7][gc,phases   ] GC(33)   Other: 1.8ms
[2023-07-25T09:02:37.701+0000][7][gc,age      ] GC(33) Age table with threshold 15 (max threshold 15)
[2023-07-25T09:02:37.702+0000][7][gc,age      ] GC(33) - age   1:    2108984 bytes,    2108984 total
[2023-07-25T09:02:37.703+0000][7][gc,age      ] GC(33) - age   2:      13040 bytes,    2122024 total
[2023-07-25T09:02:37.703+0000][7][gc,age      ] GC(33) - age   3:      10288 bytes,    2132312 total
[2023-07-25T09:02:37.704+0000][7][gc,age      ] GC(33) - age   4:      10064 bytes,    2142376 total
[2023-07-25T09:02:37.705+0000][7][gc,age      ] GC(33) - age   5:      14432 bytes,    2156808 total
[2023-07-25T09:02:37.706+0000][7][gc,age      ] GC(33) - age   6:      44952 bytes,    2201760 total
[2023-07-25T09:02:37.707+0000][7][gc,age      ] GC(33) - age   7:      11048 bytes,    2212808 total
[2023-07-25T09:02:37.708+0000][7][gc,age      ] GC(33) - age   8:      92776 bytes,    2305584 total
[2023-07-25T09:02:37.708+0000][7][gc,age      ] GC(33) - age   9:      12704 bytes,    2318288 total
[2023-07-25T09:02:37.709+0000][7][gc,age      ] GC(33) - age  10:     118536 bytes,    2436824 total
[2023-07-25T09:02:37.709+0000][7][gc,age      ] GC(33) - age  11:      17080 bytes,    2453904 total
[2023-07-25T09:02:37.710+0000][7][gc,age      ] GC(33) - age  12:      21360 bytes,    2475264 total
[2023-07-25T09:02:37.711+0000][7][gc,age      ] GC(33) - age  13:      20904 bytes,    2496168 total
[2023-07-25T09:02:37.711+0000][7][gc,age      ] GC(33) - age  14:     237768 bytes,    2733936 total
[2023-07-25T09:02:37.712+0000][7][gc,age      ] GC(33) - age  15:     221176 bytes,    2955112 total
[2023-07-25T09:02:37.712+0000][7][gc,heap     ] GC(33) Eden regions: 306->0(306)
[2023-07-25T09:02:37.713+0000][7][gc,heap     ] GC(33) Survivor regions: 1->1(39)
[2023-07-25T09:02:37.714+0000][7][gc,heap     ] GC(33) Old regions: 29->29
[2023-07-25T09:02:37.714+0000][7][gc,heap     ] GC(33) Archive regions: 2->2
[2023-07-25T09:02:37.715+0000][7][gc,heap     ] GC(33) Humongous regions: 2->2
[2023-07-25T09:02:37.715+0000][7][gc,metaspace] GC(33) Metaspace: 117951K(120896K)->117951K(120896K) NonClass: 102612K(104192K)->102612K(104192K) Class: 15338K(16704K)->15338K(16704K)
[2023-07-25T09:02:37.716+0000][7][gc          ] GC(33) Pause Young (Normal) (G1 Evacuation Pause) 1351M->127M(2048M) 27.980ms
[2023-07-25T09:02:37.717+0000][7][gc,cpu      ] GC(33) User=0.01s Sys=0.01s Real=0.03s
[2023-07-25T09:02:37.717+0000][7][safepoint   ] Safepoint "G1CollectForAllocation", Time since last: 18494939592 ns, Reaching safepoint: 90667 ns, At safepoint: 29360291 ns, Total: 29450958 ns
[2023-07-25T09:02:40.720+0000][7][safepoint   ] Safepoint "Cleanup", Time since last: 3002482418 ns, Reaching safepoint: 378959 ns, At safepoint: 6583 ns, Total: 385542 ns
[2023-07-25T09:02:55.748+0000][7][safepoint   ] Safepoint "Cleanup", Time since last: 15027433507 ns, Reaching safepoint: 247250 ns, At safepoint: 9959 ns, Total: 257209 ns
[2023-07-25T09:03:07.773+0000][7][safepoint   ] Safepoint "Cleanup", Time since last: 12025144171 ns, Reaching safepoint: 481417 ns, At safepoint: 10042 ns, Total: 491459 ns
[2023-07-25T09:03:32.831+0000][7][safepoint   ] Safepoint "Cleanup", Time since last: 25056855844 ns, Reaching safepoint: 234792 ns, At safepoint: 9750 ns, Total: 244542 ns
[2023-07-25T09:03:41.866+0000][7][safepoint   ] Safepoint "Cleanup", Time since last: 9035298379 ns, Reaching safepoint: 125500 ns, At safepoint: 5500 ns, Total: 131000 ns
[2023-07-25T09:04:01.892+0000][7][safepoint   ] Safepoint "Cleanup", Time since last: 20026457509 ns, Reaching safepoint: 33667 ns, At safepoint: 1666 ns, Total: 35333 ns
[2023-07-25T09:04:04.904+0000][7][safepoint   ] Safepoint "Cleanup", Time since last: 3010776294 ns, Reaching safepoint: 311625 ns, At safepoint: 9708 ns, Total: 321333 ns
[2023-07-25T09:04:19.941+0000][7][safepoint   ] Safepoint "Cleanup", Time since last: 15037155715 ns, Reaching safepoint: 114375 ns, At safepoint: 11875 ns, Total: 126250 ns
[2023-07-25T09:04:22.952+0000][7][safepoint   ] Safepoint "Cleanup", Time since last: 3010789085 ns, Reaching safepoint: 113667 ns, At safepoint: 2708 ns, Total: 116375 ns
[2023-07-25T09:04:23.957+0000][7][safepoint   ] Safepoint "Cleanup", Time since last: 1004633709 ns, Reaching safepoint: 383917 ns, At safepoint: 11875 ns, Total: 395792 ns
[2023-07-25T09:04:24.966+0000][7][safepoint   ] Safepoint "Cleanup", Time since last: 1008670375 ns, Reaching safepoint: 70917 ns, At safepoint: 4083 ns, Total: 75000 ns
[2023-07-25T09:04:42.995+0000][7][safepoint   ] Safepoint "Cleanup", Time since last: 18029978049 ns, Reaching safepoint: 30959 ns, At safepoint: 1791 ns, Total: 32750 ns
[2023-07-25T09:04:50.015+0000][7][safepoint   ] Safepoint "Cleanup", Time since last: 7018880837 ns, Reaching safepoint: 148292 ns, At safepoint: 5375 ns, Total: 153667 ns
[2023-07-25T09:05:14.064+0000][7][safepoint   ] Safepoint "Cleanup", Time since last: 24049862719 ns, Reaching safepoint: 70750 ns, At safepoint: 3083 ns, Total: 73833 ns
[2023-07-25T09:05:22.078+0000][7][safepoint   ] Safepoint "Cleanup", Time since last: 8013712046 ns, Reaching safepoint: 195625 ns, At safepoint: 10291 ns, Total: 205916 ns
[2023-07-25T09:05:26.106+0000][7][safepoint   ] Safepoint "Cleanup", Time since last: 4026913294 ns, Reaching safepoint: 762958 ns, At safepoint: 5709 ns, Total: 768667 ns
[2023-07-25T09:05:32.122+0000][7][safepoint   ] Safepoint "Cleanup", Time since last: 6015729544 ns, Reaching safepoint: 531333 ns, At safepoint: 13042 ns, Total: 544375 ns
[2023-07-25T09:05:37.136+0000][7][safepoint   ] Safepoint "Cleanup", Time since last: 5012995877 ns, Reaching safepoint: 512083 ns, At safepoint: 19542 ns, Total: 531625 ns
[2023-07-25T09:06:01.180+0000][7][safepoint   ] Safepoint "Cleanup", Time since last: 24043481177 ns, Reaching safepoint: 267875 ns, At safepoint: 12458 ns, Total: 280333 ns
[2023-07-25T09:06:07.192+0000][7][safepoint   ] Safepoint "Cleanup", Time since last: 6012370045 ns, Reaching safepoint: 95417 ns, At safepoint: 6208 ns, Total: 101625 ns
[2023-07-25T09:06:38.280+0000][7][safepoint   ] Safepoint "Cleanup", Time since last: 31087259639 ns, Reaching safepoint: 150750 ns, At safepoint: 9459 ns, Total: 160209 ns
[2023-07-25T09:06:55.317+0000][7][safepoint   ] Safepoint "Cleanup", Time since last: 17037629758 ns, Reaching safepoint: 101333 ns, At safepoint: 3875 ns, Total: 105208 ns
[2023-07-25T09:07:07.300+0000][7][safepoint   ] Safepoint "Cleanup", Time since last: 11983089213 ns, Reaching safepoint: 58042 ns, At safepoint: 28792 ns, Total: 86834 ns
[2023-07-25T09:07:08.304+0000][7][safepoint   ] Safepoint "Cleanup", Time since last: 1002468417 ns, Reaching safepoint: 1196083 ns, At safepoint: 11209 ns, Total: 1207292 ns
[2023-07-25T09:07:45.401+0000][7][safepoint   ] Safepoint "Cleanup", Time since last: 37096676933 ns, Reaching safepoint: 243709 ns, At safepoint: 12000 ns, Total: 255709 ns
[2023-07-25T09:08:02.450+0000][7][safepoint   ] Safepoint "Cleanup", Time since last: 17048165632 ns, Reaching safepoint: 173584 ns, At safepoint: 3583 ns, Total: 177167 ns
[2023-07-25T09:08:15.472+0000][7][safepoint   ] Safepoint "Cleanup", Time since last: 13022265631 ns, Reaching safepoint: 411292 ns, At safepoint: 23292 ns, Total: 434584 ns
[2023-07-25T09:08:16.518+0000][7][safepoint   ] Safepoint "Cleanup", Time since last: 1045648750 ns, Reaching safepoint: 211958 ns, At safepoint: 15750 ns, Total: 227708 ns
[2023-07-25T09:08:17.522+0000][7][safepoint   ] Safepoint "Cleanup", Time since last: 1004086834 ns, Reaching safepoint: 142917 ns, At safepoint: 3875 ns, Total: 146792 ns
[2023-07-25T09:08:25.547+0000][7][safepoint   ] Safepoint "Cleanup", Time since last: 8024851795 ns, Reaching safepoint: 186875 ns, At safepoint: 5875 ns, Total: 192750 ns
[2023-07-25T09:08:35.268+0000][7][gc,start    ] GC(34) Pause Young (Normal) (G1 Evacuation Pause)
[2023-07-25T09:08:35.270+0000][7][gc,task     ] GC(34) Using 2 workers of 2 for evacuation
[2023-07-25T09:08:35.271+0000][7][gc,age      ] GC(34) Desired survivor size 81788928 bytes, new threshold 15 (max threshold 15)
[2023-07-25T09:08:35.279+0000][7][gc,phases   ] GC(34)   Pre Evacuate Collection Set: 0.4ms
[2023-07-25T09:08:35.280+0000][7][gc,phases   ] GC(34)   Merge Heap Roots: 0.2ms
[2023-07-25T09:08:35.281+0000][7][gc,phases   ] GC(34)   Evacuate Collection Set: 4.4ms
[2023-07-25T09:08:35.282+0000][7][gc,phases   ] GC(34)   Post Evacuate Collection Set: 1.2ms
[2023-07-25T09:08:35.283+0000][7][gc,phases   ] GC(34)   Other: 2.7ms
[2023-07-25T09:08:35.284+0000][7][gc,age      ] GC(34) Age table with threshold 15 (max threshold 15)
[2023-07-25T09:08:35.285+0000][7][gc,age      ] GC(34) - age   1:     776392 bytes,     776392 total
[2023-07-25T09:08:35.285+0000][7][gc,age      ] GC(34) - age   2:      92568 bytes,     868960 total
[2023-07-25T09:08:35.286+0000][7][gc,age      ] GC(34) - age   3:      10688 bytes,     879648 total
[2023-07-25T09:08:35.287+0000][7][gc,age      ] GC(34) - age   4:       9672 bytes,     889320 total
[2023-07-25T09:08:35.288+0000][7][gc,age      ] GC(34) - age   5:       9864 bytes,     899184 total
[2023-07-25T09:08:35.289+0000][7][gc,age      ] GC(34) - age   6:      14432 bytes,     913616 total
[2023-07-25T09:08:35.289+0000][7][gc,age      ] GC(34) - age   7:      12920 bytes,     926536 total
[2023-07-25T09:08:35.290+0000][7][gc,age      ] GC(34) - age   8:       9464 bytes,     936000 total
[2023-07-25T09:08:35.290+0000][7][gc,age      ] GC(34) - age   9:      92712 bytes,    1028712 total
[2023-07-25T09:08:35.291+0000][7][gc,age      ] GC(34) - age  10:      12704 bytes,    1041416 total
[2023-07-25T09:08:35.292+0000][7][gc,age      ] GC(34) - age  11:     118536 bytes,    1159952 total
[2023-07-25T09:08:35.292+0000][7][gc,age      ] GC(34) - age  12:      17080 bytes,    1177032 total
[2023-07-25T09:08:35.293+0000][7][gc,age      ] GC(34) - age  13:      21360 bytes,    1198392 total
[2023-07-25T09:08:35.293+0000][7][gc,age      ] GC(34) - age  14:      20904 bytes,    1219296 total
[2023-07-25T09:08:35.294+0000][7][gc,age      ] GC(34) - age  15:     237768 bytes,    1457064 total
[2023-07-25T09:08:35.295+0000][7][gc,heap     ] GC(34) Eden regions: 306->0(306)
[2023-07-25T09:08:35.295+0000][7][gc,heap     ] GC(34) Survivor regions: 1->1(39)
[2023-07-25T09:08:35.296+0000][7][gc,heap     ] GC(34) Old regions: 29->29
[2023-07-25T09:08:35.296+0000][7][gc,heap     ] GC(34) Archive regions: 2->2
[2023-07-25T09:08:35.297+0000][7][gc,heap     ] GC(34) Humongous regions: 2->2
[2023-07-25T09:08:35.297+0000][7][gc,metaspace] GC(34) Metaspace: 118112K(121088K)->118112K(121088K) NonClass: 102760K(104320K)->102760K(104320K) Class: 15351K(16768K)->15351K(16768K)
[2023-07-25T09:08:35.298+0000][7][gc          ] GC(34) Pause Young (Normal) (G1 Evacuation Pause) 1351M->126M(2048M) 29.976ms
[2023-07-25T09:08:35.299+0000][7][gc,cpu      ] GC(34) User=0.01s Sys=0.00s Real=0.03s
[2023-07-25T09:08:35.299+0000][7][safepoint   ] Safepoint "G1CollectForAllocation", Time since last: 9720468296 ns, Reaching safepoint: 90250 ns, At safepoint: 31259500 ns, Total: 31349750 ns
[2023-07-25T09:09:19.365+0000][7][safepoint   ] Safepoint "Cleanup", Time since last: 44065228770 ns, Reaching safepoint: 91500 ns, At safepoint: 3000 ns, Total: 94500 ns
[2023-07-25T09:10:45.528+0000][7][safepoint   ] Safepoint "Cleanup", Time since last: 86159253623 ns, Reaching safepoint: 1621875 ns, At safepoint: 16917 ns, Total: 1638792 ns
[2023-07-25T09:10:49.551+0000][7][safepoint   ] Safepoint "Cleanup", Time since last: 4023135918 ns, Reaching safepoint: 144584 ns, At safepoint: 9791 ns, Total: 154375 ns
[2023-07-25T09:10:50.557+0000][7][safepoint   ] Safepoint "Cleanup", Time since last: 1004750667 ns, Reaching safepoint: 430042 ns, At safepoint: 9833 ns, Total: 439875 ns
[2023-07-25T09:10:55.576+0000][7][safepoint   ] Safepoint "Cleanup", Time since last: 5019365253 ns, Reaching safepoint: 143291 ns, At safepoint: 4250 ns, Total: 147541 ns
[2023-07-25T09:11:01.584+0000][7][safepoint   ] Safepoint "Cleanup", Time since last: 6008699294 ns, Reaching safepoint: 102417 ns, At safepoint: 3291 ns, Total: 105708 ns
[2023-07-25T09:11:07.594+0000][7][safepoint   ] Safepoint "Cleanup", Time since last: 6010122878 ns, Reaching safepoint: 193000 ns, At safepoint: 4084 ns, Total: 197084 ns
[2023-07-25T09:11:25.634+0000][7][safepoint   ] Safepoint "Cleanup", Time since last: 18039461341 ns, Reaching safepoint: 105209 ns, At safepoint: 6291 ns, Total: 111500 ns
[2023-07-25T09:11:31.654+0000][7][safepoint   ] Safepoint "Cleanup", Time since last: 6015845961 ns, Reaching safepoint: 79291 ns, At safepoint: 3334 ns, Total: 82625 ns
[2023-07-25T09:11:43.670+0000][7][safepoint   ] Safepoint "Cleanup", Time since last: 12015155797 ns, Reaching safepoint: 540125 ns, At safepoint: 14708 ns, Total: 554833 ns
[2023-07-25T09:11:49.689+0000][7][safepoint   ] Safepoint "Cleanup", Time since last: 6018951170 ns, Reaching safepoint: 117333 ns, At safepoint: 6750 ns, Total: 124083 ns
[2023-07-25T09:11:56.705+0000][7][safepoint   ] Safepoint "Cleanup", Time since last: 7016064462 ns, Reaching safepoint: 201292 ns, At safepoint: 7916 ns, Total: 209208 ns
[2023-07-25T09:11:58.714+0000][7][safepoint   ] Safepoint "Cleanup", Time since last: 2008520085 ns, Reaching safepoint: 318291 ns, At safepoint: 12042 ns, Total: 330333 ns
[2023-07-25T09:12:07.740+0000][7][safepoint   ] Safepoint "Cleanup", Time since last: 9024792795 ns, Reaching safepoint: 4934958 ns, At safepoint: 15000 ns, Total: 4949958 ns
[2023-07-25T09:12:18.765+0000][7][safepoint   ] Safepoint "Cleanup", Time since last: 11025787339 ns, Reaching safepoint: 143000 ns, At safepoint: 5166 ns, Total: 148166 ns
[2023-07-25T09:12:22.777+0000][7][safepoint   ] Safepoint "Cleanup", Time since last: 4011795669 ns, Reaching safepoint: 151125 ns, At safepoint: 4500 ns, Total: 155625 ns
[2023-07-25T09:12:31.805+0000][7][safepoint   ] Safepoint "Cleanup", Time since last: 9028870171 ns, Reaching safepoint: 208958 ns, At safepoint: 3458 ns, Total: 212416 ns
[2023-07-25T09:12:37.822+0000][7][safepoint   ] Safepoint "Cleanup", Time since last: 6016999545 ns, Reaching safepoint: 306292 ns, At safepoint: 5875 ns, Total: 312167 ns
[2023-07-25T09:12:55.892+0000][7][safepoint   ] Safepoint "Cleanup", Time since last: 18069185592 ns, Reaching safepoint: 321958 ns, At safepoint: 12833 ns, Total: 334791 ns
[2023-07-25T09:13:07.935+0000][7][safepoint   ] Safepoint "Cleanup", Time since last: 12043868589 ns, Reaching safepoint: 950833 ns, At safepoint: 6167 ns, Total: 957000 ns
[2023-07-25T09:13:52.039+0000][7][safepoint   ] Safepoint "Cleanup", Time since last: 44104647228 ns, Reaching safepoint: 350750 ns, At safepoint: 6417 ns, Total: 357167 ns
[2023-07-25T09:14:08.090+0000][7][safepoint   ] Safepoint "Cleanup", Time since last: 16045995715 ns, Reaching safepoint: 177500 ns, At safepoint: 8334 ns, Total: 185834 ns
[2023-07-25T09:14:37.503+0000][7][gc,start    ] GC(35) Pause Young (Normal) (G1 Evacuation Pause)
[2023-07-25T09:14:37.504+0000][7][gc,task     ] GC(35) Using 2 workers of 2 for evacuation
[2023-07-25T09:14:37.505+0000][7][gc,age      ] GC(35) Desired survivor size 81788928 bytes, new threshold 15 (max threshold 15)
[2023-07-25T09:14:37.512+0000][7][gc,phases   ] GC(35)   Pre Evacuate Collection Set: 0.3ms
[2023-07-25T09:14:37.513+0000][7][gc,phases   ] GC(35)   Merge Heap Roots: 0.1ms
[2023-07-25T09:14:37.514+0000][7][gc,phases   ] GC(35)   Evacuate Collection Set: 4.7ms
[2023-07-25T09:14:37.515+0000][7][gc,phases   ] GC(35)   Post Evacuate Collection Set: 1.6ms
[2023-07-25T09:14:37.516+0000][7][gc,phases   ] GC(35)   Other: 1.5ms
[2023-07-25T09:14:37.517+0000][7][gc,age      ] GC(35) Age table with threshold 15 (max threshold 15)
[2023-07-25T09:14:37.518+0000][7][gc,age      ] GC(35) - age   1:    1079512 bytes,    1079512 total
[2023-07-25T09:14:37.518+0000][7][gc,age      ] GC(35) - age   2:      69120 bytes,    1148632 total
[2023-07-25T09:14:37.519+0000][7][gc,age      ] GC(35) - age   3:      90272 bytes,    1238904 total
[2023-07-25T09:14:37.519+0000][7][gc,age      ] GC(35) - age   4:      10688 bytes,    1249592 total
[2023-07-25T09:14:37.520+0000][7][gc,age      ] GC(35) - age   5:       9576 bytes,    1259168 total
[2023-07-25T09:14:37.521+0000][7][gc,age      ] GC(35) - age   6:       9864 bytes,    1269032 total
[2023-07-25T09:14:37.521+0000][7][gc,age      ] GC(35) - age   7:      14432 bytes,    1283464 total
[2023-07-25T09:14:37.522+0000][7][gc,age      ] GC(35) - age   8:      12920 bytes,    1296384 total
[2023-07-25T09:14:37.523+0000][7][gc,age      ] GC(35) - age   9:       9352 bytes,    1305736 total
[2023-07-25T09:14:37.524+0000][7][gc,age      ] GC(35) - age  10:      92712 bytes,    1398448 total
[2023-07-25T09:14:37.524+0000][7][gc,age      ] GC(35) - age  11:      12704 bytes,    1411152 total
[2023-07-25T09:14:37.525+0000][7][gc,age      ] GC(35) - age  12:      12224 bytes,    1423376 total
[2023-07-25T09:14:37.526+0000][7][gc,age      ] GC(35) - age  13:      17040 bytes,    1440416 total
[2023-07-25T09:14:37.527+0000][7][gc,age      ] GC(35) - age  14:      21360 bytes,    1461776 total
[2023-07-25T09:14:37.527+0000][7][gc,age      ] GC(35) - age  15:      20904 bytes,    1482680 total
[2023-07-25T09:14:37.528+0000][7][gc,heap     ] GC(35) Eden regions: 306->0(306)
[2023-07-25T09:14:37.529+0000][7][gc,heap     ] GC(35) Survivor regions: 1->1(39)
[2023-07-25T09:14:37.530+0000][7][gc,heap     ] GC(35) Old regions: 29->29
[2023-07-25T09:14:37.530+0000][7][gc,heap     ] GC(35) Archive regions: 2->2
[2023-07-25T09:14:37.531+0000][7][gc,heap     ] GC(35) Humongous regions: 2->2
[2023-07-25T09:14:37.532+0000][7][gc,metaspace] GC(35) Metaspace: 118186K(121152K)->118186K(121152K) NonClass: 102827K(104384K)->102827K(104384K) Class: 15359K(16768K)->15359K(16768K)
[2023-07-25T09:14:37.532+0000][7][gc          ] GC(35) Pause Young (Normal) (G1 Evacuation Pause) 1350M->126M(2048M) 29.327ms
[2023-07-25T09:14:37.533+0000][7][gc,cpu      ] GC(35) User=0.02s Sys=0.00s Real=0.03s
[2023-07-25T09:14:37.534+0000][7][safepoint   ] Safepoint "G1CollectForAllocation", Time since last: 29414187888 ns, Reaching safepoint: 97792 ns, At safepoint: 30742292 ns, Total: 30840084 ns
[2023-07-25T09:14:38.535+0000][7][safepoint   ] Safepoint "Cleanup", Time since last: 1000949334 ns, Reaching safepoint: 509083 ns, At safepoint: 9042 ns, Total: 518125 ns
[2023-07-25T09:15:25.670+0000][7][safepoint   ] Safepoint "Cleanup", Time since last: 47119099605 ns, Reaching safepoint: 119041 ns, At safepoint: 4500 ns, Total: 123541 ns
[2023-07-25T09:15:49.687+0000][7][safepoint   ] Safepoint "Cleanup", Time since last: 24037307219 ns, Reaching safepoint: 100167 ns, At safepoint: 3708 ns, Total: 103875 ns
[2023-07-25T09:15:52.699+0000][7][safepoint   ] Safepoint "Cleanup", Time since last: 3011581127 ns, Reaching safepoint: 370291 ns, At safepoint: 12709 ns, Total: 383000 ns
[2023-07-25T09:16:08.750+0000][7][safepoint   ] Safepoint "Cleanup", Time since last: 16046572257 ns, Reaching safepoint: 483625 ns, At safepoint: 9583 ns, Total: 493208 ns
[2023-07-25T09:16:37.828+0000][7][safepoint   ] Safepoint "Cleanup", Time since last: 29081095305 ns, Reaching safepoint: 309250 ns, At safepoint: 12375 ns, Total: 321625 ns
[2023-07-25T09:16:38.831+0000][7][safepoint   ] Safepoint "Cleanup", Time since last: 1002114167 ns, Reaching safepoint: 284542 ns, At safepoint: 3083 ns, Total: 287625 ns
[2023-07-25T09:16:54.876+0000][7][safepoint   ] Safepoint "Cleanup", Time since last: 16044653174 ns, Reaching safepoint: 534125 ns, At safepoint: 11250 ns, Total: 545375 ns
[2023-07-25T09:17:01.901+0000][7][safepoint   ] Safepoint "Cleanup", Time since last: 7020451003 ns, Reaching safepoint: 1072000 ns, At safepoint: 10875 ns, Total: 1082875 ns
[2023-07-25T09:17:07.933+0000][7][safepoint   ] Safepoint "Cleanup", Time since last: 6031978961 ns, Reaching safepoint: 377875 ns, At safepoint: 10042 ns, Total: 387917 ns
[2023-07-25T09:17:13.965+0000][7][safepoint   ] Safepoint "Cleanup", Time since last: 6032482461 ns, Reaching safepoint: 55167 ns, At safepoint: 1541 ns, Total: 56708 ns
[2023-07-25T09:17:25.990+0000][7][safepoint   ] Safepoint "Cleanup", Time since last: 12024132881 ns, Reaching safepoint: 490250 ns, At safepoint: 9250 ns, Total: 499500 ns
[2023-07-25T09:17:38.024+0000][7][safepoint   ] Safepoint "Cleanup", Time since last: 12032718589 ns, Reaching safepoint: 649333 ns, At safepoint: 6625 ns, Total: 655958 ns
[2023-07-25T09:17:41.046+0000][7][safepoint   ] Safepoint "Cleanup", Time since last: 3008747043 ns, Reaching safepoint: 13855167 ns, At safepoint: 25875 ns, Total: 13881042 ns
[2023-07-25T09:17:56.082+0000][7][safepoint   ] Safepoint "Cleanup", Time since last: 15035687382 ns, Reaching safepoint: 277834 ns, At safepoint: 10166 ns, Total: 288000 ns
[2023-07-25T09:19:07.251+0000][7][safepoint   ] Safepoint "Cleanup", Time since last: 71168510365 ns, Reaching safepoint: 429292 ns, At safepoint: 19417 ns, Total: 448709 ns
[2023-07-25T09:19:32.304+0000][7][safepoint   ] Safepoint "Cleanup", Time since last: 25051451470 ns, Reaching safepoint: 762458 ns, At safepoint: 12000 ns, Total: 774458 ns
[2023-07-25T09:19:56.366+0000][7][safepoint   ] Safepoint "Cleanup", Time since last: 24062023136 ns, Reaching safepoint: 370209 ns, At safepoint: 11291 ns, Total: 381500 ns
[2023-07-25T09:20:07.396+0000][7][safepoint   ] Safepoint "Cleanup", Time since last: 11030400964 ns, Reaching safepoint: 237833 ns, At safepoint: 3667 ns, Total: 241500 ns
[2023-07-25T09:20:37.386+0000][7][gc,start    ] GC(36) Pause Young (Normal) (G1 Evacuation Pause)
[2023-07-25T09:20:37.386+0000][7][gc,task     ] GC(36) Using 2 workers of 2 for evacuation
[2023-07-25T09:20:37.387+0000][7][gc,age      ] GC(36) Desired survivor size 81788928 bytes, new threshold 15 (max threshold 15)
[2023-07-25T09:20:37.393+0000][7][gc,phases   ] GC(36)   Pre Evacuate Collection Set: 0.3ms
[2023-07-25T09:20:37.394+0000][7][gc,phases   ] GC(36)   Merge Heap Roots: 0.2ms
[2023-07-25T09:20:37.395+0000][7][gc,phases   ] GC(36)   Evacuate Collection Set: 3.0ms
[2023-07-25T09:20:37.396+0000][7][gc,phases   ] GC(36)   Post Evacuate Collection Set: 1.0ms
[2023-07-25T09:20:37.397+0000][7][gc,phases   ] GC(36)   Other: 1.8ms
[2023-07-25T09:20:37.398+0000][7][gc,age      ] GC(36) Age table with threshold 15 (max threshold 15)
[2023-07-25T09:20:37.399+0000][7][gc,age      ] GC(36) - age   1:    1588360 bytes,    1588360 total
[2023-07-25T09:20:37.400+0000][7][gc,age      ] GC(36) - age   2:     235816 bytes,    1824176 total
[2023-07-25T09:20:37.401+0000][7][gc,age      ] GC(36) - age   3:      30992 bytes,    1855168 total
[2023-07-25T09:20:37.402+0000][7][gc,age      ] GC(36) - age   4:      87984 bytes,    1943152 total
[2023-07-25T09:20:37.403+0000][7][gc,age      ] GC(36) - age   5:      10456 bytes,    1953608 total
[2023-07-25T09:20:37.405+0000][7][gc,age      ] GC(36) - age   6:       9576 bytes,    1963184 total
[2023-07-25T09:20:37.406+0000][7][gc,age      ] GC(36) - age   7:       9864 bytes,    1973048 total
[2023-07-25T09:20:37.407+0000][7][gc,age      ] GC(36) - age   8:      14432 bytes,    1987480 total
[2023-07-25T09:20:37.408+0000][7][gc,age      ] GC(36) - age   9:      12888 bytes,    2000368 total
[2023-07-25T09:20:37.409+0000][7][gc,age      ] GC(36) - age  10:       9352 bytes,    2009720 total
[2023-07-25T09:20:37.410+0000][7][gc,age      ] GC(36) - age  11:      18304 bytes,    2028024 total
[2023-07-25T09:20:37.411+0000][7][gc,age      ] GC(36) - age  12:      12704 bytes,    2040728 total
[2023-07-25T09:20:37.411+0000][7][gc,age      ] GC(36) - age  13:      12224 bytes,    2052952 total
[2023-07-25T09:20:37.412+0000][7][gc,age      ] GC(36) - age  14:      16888 bytes,    2069840 total
[2023-07-25T09:20:37.414+0000][7][gc,age      ] GC(36) - age  15:      21360 bytes,    2091200 total
[2023-07-25T09:20:37.415+0000][7][gc,heap     ] GC(36) Eden regions: 306->0(306)
[2023-07-25T09:20:37.415+0000][7][gc,heap     ] GC(36) Survivor regions: 1->1(39)
[2023-07-25T09:20:37.416+0000][7][gc,heap     ] GC(36) Old regions: 29->29
[2023-07-25T09:20:37.417+0000][7][gc,heap     ] GC(36) Archive regions: 2->2
[2023-07-25T09:20:37.417+0000][7][gc,heap     ] GC(36) Humongous regions: 2->2
[2023-07-25T09:20:37.418+0000][7][gc,metaspace] GC(36) Metaspace: 118196K(121152K)->118196K(121152K) NonClass: 102837K(104384K)->102837K(104384K) Class: 15359K(16768K)->15359K(16768K)
[2023-07-25T09:20:37.418+0000][7][gc          ] GC(36) Pause Young (Normal) (G1 Evacuation Pause) 1350M->127M(2048M) 32.885ms
[2023-07-25T09:20:37.419+0000][7][gc,cpu      ] GC(36) User=0.02s Sys=0.00s Real=0.04s
[2023-07-25T09:20:37.420+0000][7][safepoint   ] Safepoint "G1CollectForAllocation", Time since last: 29985826014 ns, Reaching safepoint: 77208 ns, At safepoint: 34526708 ns, Total: 34603916 ns
[2023-07-25T09:20:52.456+0000][7][safepoint   ] Safepoint "Cleanup", Time since last: 15035573341 ns, Reaching safepoint: 422500 ns, At safepoint: 9333 ns, Total: 431833 ns
[2023-07-25T09:20:58.468+0000][7][safepoint   ] Safepoint "Cleanup", Time since last: 6011532753 ns, Reaching safepoint: 592208 ns, At safepoint: 17292 ns, Total: 609500 ns
[2023-07-25T09:21:11.499+0000][7][safepoint   ] Safepoint "Cleanup", Time since last: 13034502964 ns, Reaching safepoint: 304208 ns, At safepoint: 10542 ns, Total: 314750 ns
[2023-07-25T09:21:37.545+0000][7][safepoint   ] Safepoint "Cleanup", Time since last: 26042524095 ns, Reaching safepoint: 309709 ns, At safepoint: 31708 ns, Total: 341417 ns
[2023-07-25T09:22:08.586+0000][7][safepoint   ] Safepoint "Cleanup", Time since last: 31042999972 ns, Reaching safepoint: 361084 ns, At safepoint: 10041 ns, Total: 371125 ns
[2023-07-25T09:22:38.642+0000][7][safepoint   ] Safepoint "Cleanup", Time since last: 30056388264 ns, Reaching safepoint: 273583 ns, At safepoint: 48792 ns, Total: 322375 ns
[2023-07-25T09:22:56.681+0000][7][safepoint   ] Safepoint "Cleanup", Time since last: 18039583591 ns, Reaching safepoint: 63750 ns, At safepoint: 2167 ns, Total: 65917 ns
[2023-07-25T09:23:00.691+0000][7][safepoint   ] Safepoint "Cleanup", Time since last: 4008529918 ns, Reaching safepoint: 267583 ns, At safepoint: 6709 ns, Total: 274292 ns
[2023-07-25T09:23:07.712+0000][7][safepoint   ] Safepoint "Cleanup", Time since last: 7021026961 ns, Reaching safepoint: 111542 ns, At safepoint: 3750 ns, Total: 115292 ns
[2023-07-25T09:24:07.843+0000][7][safepoint   ] Safepoint "Cleanup", Time since last: 60132033444 ns, Reaching safepoint: 149792 ns, At safepoint: 5458 ns, Total: 155250 ns
[2023-07-25T09:24:37.900+0000][7][safepoint   ] Safepoint "Cleanup", Time since last: 30053270055 ns, Reaching safepoint: 156167 ns, At safepoint: 19333 ns, Total: 175500 ns
[2023-07-25T09:25:19.977+0000][7][safepoint   ] Safepoint "Cleanup", Time since last: 42081308770 ns, Reaching safepoint: 125166 ns, At safepoint: 4584 ns, Total: 129750 ns
[2023-07-25T09:25:49.035+0000][7][safepoint   ] Safepoint "Cleanup", Time since last: 29056188554 ns, Reaching safepoint: 396375 ns, At safepoint: 12958 ns, Total: 409333 ns
[2023-07-25T09:26:04.077+0000][7][safepoint   ] Safepoint "Cleanup", Time since last: 15041449174 ns, Reaching safepoint: 305083 ns, At safepoint: 10417 ns, Total: 315500 ns
[2023-07-25T09:26:08.104+0000][7][safepoint   ] Safepoint "Cleanup", Time since last: 4026392877 ns, Reaching safepoint: 154000 ns, At safepoint: 8000 ns, Total: 162000 ns
[2023-07-25T09:26:25.787+0000][7][gc,start    ] GC(37) Pause Young (Normal) (G1 Evacuation Pause)
[2023-07-25T09:26:25.789+0000][7][gc,task     ] GC(37) Using 2 workers of 2 for evacuation
[2023-07-25T09:26:25.789+0000][7][gc,age      ] GC(37) Desired survivor size 81788928 bytes, new threshold 15 (max threshold 15)
[2023-07-25T09:26:25.795+0000][7][gc,phases   ] GC(37)   Pre Evacuate Collection Set: 0.3ms
[2023-07-25T09:26:25.797+0000][7][gc,phases   ] GC(37)   Merge Heap Roots: 0.2ms
[2023-07-25T09:26:25.798+0000][7][gc,phases   ] GC(37)   Evacuate Collection Set: 3.3ms
[2023-07-25T09:26:25.799+0000][7][gc,phases   ] GC(37)   Post Evacuate Collection Set: 1.3ms
[2023-07-25T09:26:25.800+0000][7][gc,phases   ] GC(37)   Other: 1.6ms
[2023-07-25T09:26:25.801+0000][7][gc,age      ] GC(37) Age table with threshold 15 (max threshold 15)
[2023-07-25T09:26:25.802+0000][7][gc,age      ] GC(37) - age   1:    1870256 bytes,    1870256 total
[2023-07-25T09:26:25.803+0000][7][gc,age      ] GC(37) - age   2:      86816 bytes,    1957072 total
[2023-07-25T09:26:25.804+0000][7][gc,age      ] GC(37) - age   3:     234640 bytes,    2191712 total
[2023-07-25T09:26:25.805+0000][7][gc,age      ] GC(37) - age   4:      30960 bytes,    2222672 total
[2023-07-25T09:26:25.806+0000][7][gc,age      ] GC(37) - age   5:      87984 bytes,    2310656 total
[2023-07-25T09:26:25.807+0000][7][gc,age      ] GC(37) - age   6:      10256 bytes,    2320912 total
[2023-07-25T09:26:25.807+0000][7][gc,age      ] GC(37) - age   7:       9576 bytes,    2330488 total
[2023-07-25T09:26:25.808+0000][7][gc,age      ] GC(37) - age   8:       9864 bytes,    2340352 total
[2023-07-25T09:26:25.810+0000][7][gc,age      ] GC(37) - age   9:      14432 bytes,    2354784 total
[2023-07-25T09:26:25.811+0000][7][gc,age      ] GC(37) - age  10:      12848 bytes,    2367632 total
[2023-07-25T09:26:25.812+0000][7][gc,age      ] GC(37) - age  11:       9352 bytes,    2376984 total
[2023-07-25T09:26:25.813+0000][7][gc,age      ] GC(37) - age  12:      16752 bytes,    2393736 total
[2023-07-25T09:26:25.814+0000][7][gc,age      ] GC(37) - age  13:      12704 bytes,    2406440 total
[2023-07-25T09:26:25.815+0000][7][gc,age      ] GC(37) - age  14:      12224 bytes,    2418664 total
[2023-07-25T09:26:25.816+0000][7][gc,age      ] GC(37) - age  15:      16888 bytes,    2435552 total
[2023-07-25T09:26:25.816+0000][7][gc,heap     ] GC(37) Eden regions: 306->0(306)
[2023-07-25T09:26:25.817+0000][7][gc,heap     ] GC(37) Survivor regions: 1->1(39)
[2023-07-25T09:26:25.818+0000][7][gc,heap     ] GC(37) Old regions: 29->29
[2023-07-25T09:26:25.819+0000][7][gc,heap     ] GC(37) Archive regions: 2->2
[2023-07-25T09:26:25.820+0000][7][gc,heap     ] GC(37) Humongous regions: 2->2
[2023-07-25T09:26:25.821+0000][7][gc,metaspace] GC(37) Metaspace: 118380K(121344K)->118380K(121344K) NonClass: 103020K(104576K)->103020K(104576K) Class: 15360K(16768K)->15360K(16768K)
[2023-07-25T09:26:25.821+0000][7][gc          ] GC(37) Pause Young (Normal) (G1 Evacuation Pause) 1351M->127M(2048M) 33.949ms
[2023-07-25T09:26:25.822+0000][7][gc,cpu      ] GC(37) User=0.01s Sys=0.00s Real=0.03s
[2023-07-25T09:26:25.823+0000][7][safepoint   ] Safepoint "G1CollectForAllocation", Time since last: 17683160300 ns, Reaching safepoint: 49500 ns, At safepoint: 35405041 ns, Total: 35454541 ns
[2023-07-25T09:26:49.856+0000][7][safepoint   ] Safepoint "Cleanup", Time since last: 24033602136 ns, Reaching safepoint: 103917 ns, At safepoint: 4333 ns, Total: 108250 ns
[2023-07-25T09:27:04.892+0000][7][safepoint   ] Safepoint "Cleanup", Time since last: 15031811549 ns, Reaching safepoint: 987500 ns, At safepoint: 13583 ns, Total: 1001083 ns
[2023-07-25T09:27:37.983+0000][7][safepoint   ] Safepoint "Cleanup", Time since last: 33089759973 ns, Reaching safepoint: 109167 ns, At safepoint: 4833 ns, Total: 114000 ns
[2023-07-25T09:28:06.048+0000][7][safepoint   ] Safepoint "Cleanup", Time since last: 28068884846 ns, Reaching safepoint: 217667 ns, At safepoint: 4542 ns, Total: 222209 ns
[2023-07-25T09:28:08.056+0000][7][safepoint   ] Safepoint "Cleanup", Time since last: 2008335917 ns, Reaching safepoint: 87042 ns, At safepoint: 4542 ns, Total: 91584 ns
[2023-07-25T09:28:14.061+0000][7][safepoint   ] Safepoint "Cleanup", Time since last: 6004891627 ns, Reaching safepoint: 150292 ns, At safepoint: 5500 ns, Total: 155792 ns
[2023-07-25T09:29:07.201+0000][7][safepoint   ] Safepoint "Cleanup", Time since last: 53139591357 ns, Reaching safepoint: 655167 ns, At safepoint: 7791 ns, Total: 662958 ns
[2023-07-25T09:31:07.492+0000][7][safepoint   ] Safepoint "Cleanup", Time since last: 120289089722 ns, Reaching safepoint: 225791 ns, At safepoint: 11042 ns, Total: 236833 ns
[2023-07-25T09:31:08.497+0000][7][safepoint   ] Safepoint "Cleanup", Time since last: 1005618125 ns, Reaching safepoint: 230834 ns, At safepoint: 9625 ns, Total: 240459 ns
[2023-07-25T09:31:26.974+0000][7][safepoint   ] Safepoint "Cleanup", Time since last: 18475860759 ns, Reaching safepoint: 386458 ns, At safepoint: 11583 ns, Total: 398041 ns
[2023-07-25T09:32:08.074+0000][7][safepoint   ] Safepoint "Cleanup", Time since last: 41099842060 ns, Reaching safepoint: 205334 ns, At safepoint: 5500 ns, Total: 210834 ns
[2023-07-25T09:32:10.077+0000][7][safepoint   ] Safepoint "Cleanup", Time since last: 2003511167 ns, Reaching safepoint: 287959 ns, At safepoint: 8625 ns, Total: 296584 ns
[2023-07-25T09:32:20.650+0000][7][gc,start    ] GC(38) Pause Young (Normal) (G1 Evacuation Pause)
[2023-07-25T09:32:20.651+0000][7][gc,task     ] GC(38) Using 2 workers of 2 for evacuation
[2023-07-25T09:32:20.652+0000][7][gc,age      ] GC(38) Desired survivor size 81788928 bytes, new threshold 15 (max threshold 15)
[2023-07-25T09:32:20.657+0000][7][gc,phases   ] GC(38)   Pre Evacuate Collection Set: 0.2ms
[2023-07-25T09:32:20.658+0000][7][gc,phases   ] GC(38)   Merge Heap Roots: 0.1ms
[2023-07-25T09:32:20.659+0000][7][gc,phases   ] GC(38)   Evacuate Collection Set: 3.1ms
[2023-07-25T09:32:20.660+0000][7][gc,phases   ] GC(38)   Post Evacuate Collection Set: 1.0ms
[2023-07-25T09:32:20.660+0000][7][gc,phases   ] GC(38)   Other: 1.7ms
[2023-07-25T09:32:20.661+0000][7][gc,age      ] GC(38) Age table with threshold 15 (max threshold 15)
[2023-07-25T09:32:20.661+0000][7][gc,age      ] GC(38) - age   1:    2257216 bytes,    2257216 total
[2023-07-25T09:32:20.662+0000][7][gc,age      ] GC(38) - age   2:     146808 bytes,    2404024 total
[2023-07-25T09:32:20.663+0000][7][gc,age      ] GC(38) - age   3:      85784 bytes,    2489808 total
[2023-07-25T09:32:20.664+0000][7][gc,age      ] GC(38) - age   4:     234528 bytes,    2724336 total
[2023-07-25T09:32:20.664+0000][7][gc,age      ] GC(38) - age   5:      30576 bytes,    2754912 total
[2023-07-25T09:32:20.665+0000][7][gc,age      ] GC(38) - age   6:      87784 bytes,    2842696 total
[2023-07-25T09:32:20.665+0000][7][gc,age      ] GC(38) - age   7:      10256 bytes,    2852952 total
[2023-07-25T09:32:20.666+0000][7][gc,age      ] GC(38) - age   8:       9576 bytes,    2862528 total
[2023-07-25T09:32:20.666+0000][7][gc,age      ] GC(38) - age   9:       9864 bytes,    2872392 total
[2023-07-25T09:32:20.667+0000][7][gc,age      ] GC(38) - age  10:      14432 bytes,    2886824 total
[2023-07-25T09:32:20.668+0000][7][gc,age      ] GC(38) - age  11:      12848 bytes,    2899672 total
[2023-07-25T09:32:20.668+0000][7][gc,age      ] GC(38) - age  12:       9352 bytes,    2909024 total
[2023-07-25T09:32:20.669+0000][7][gc,age      ] GC(38) - age  13:      16752 bytes,    2925776 total
[2023-07-25T09:32:20.669+0000][7][gc,age      ] GC(38) - age  14:      12704 bytes,    2938480 total
[2023-07-25T09:32:20.670+0000][7][gc,age      ] GC(38) - age  15:      12224 bytes,    2950704 total
[2023-07-25T09:32:20.670+0000][7][gc,heap     ] GC(38) Eden regions: 306->0(306)
[2023-07-25T09:32:20.671+0000][7][gc,heap     ] GC(38) Survivor regions: 1->1(39)
[2023-07-25T09:32:20.671+0000][7][gc,heap     ] GC(38) Old regions: 29->29
[2023-07-25T09:32:20.672+0000][7][gc,heap     ] GC(38) Archive regions: 2->2
[2023-07-25T09:32:20.673+0000][7][gc,heap     ] GC(38) Humongous regions: 2->2
[2023-07-25T09:32:20.673+0000][7][gc,metaspace] GC(38) Metaspace: 118399K(121408K)->118399K(121408K) NonClass: 103038K(104640K)->103038K(104640K) Class: 15361K(16768K)->15361K(16768K)
[2023-07-25T09:32:20.674+0000][7][gc          ] GC(38) Pause Young (Normal) (G1 Evacuation Pause) 1351M->128M(2048M) 23.762ms
[2023-07-25T09:32:20.675+0000][7][gc,cpu      ] GC(38) User=0.01s Sys=0.00s Real=0.03s
[2023-07-25T09:32:20.676+0000][7][safepoint   ] Safepoint "G1CollectForAllocation", Time since last: 10572701296 ns, Reaching safepoint: 141167 ns, At safepoint: 25553917 ns, Total: 25695084 ns
[2023-07-25T09:33:02.742+0000][7][safepoint   ] Safepoint "Cleanup", Time since last: 42066956935 ns, Reaching safepoint: 164042 ns, At safepoint: 7500 ns, Total: 171542 ns
[2023-07-25T09:33:08.757+0000][7][safepoint   ] Safepoint "Cleanup", Time since last: 6014305502 ns, Reaching safepoint: 219292 ns, At safepoint: 5792 ns, Total: 225084 ns
[2023-07-25T09:33:32.800+0000][7][safepoint   ] Safepoint "Cleanup", Time since last: 24042405969 ns, Reaching safepoint: 153583 ns, At safepoint: 3333 ns, Total: 156916 ns
[2023-07-25T09:35:09.979+0000][7][safepoint   ] Safepoint "Cleanup", Time since last: 97177335879 ns, Reaching safepoint: 524208 ns, At safepoint: 185000 ns, Total: 709208 ns
[2023-07-25T09:35:39.035+0000][7][safepoint   ] Safepoint "Cleanup", Time since last: 29053865430 ns, Reaching safepoint: 1076000 ns, At safepoint: 11917 ns, Total: 1087917 ns
[2023-07-25T09:35:41.042+0000][7][safepoint   ] Safepoint "Cleanup", Time since last: 2006341043 ns, Reaching safepoint: 949041 ns, At safepoint: 10042 ns, Total: 959083 ns
[2023-07-25T09:35:58.079+0000][7][safepoint   ] Safepoint "Cleanup", Time since last: 17036071591 ns, Reaching safepoint: 315834 ns, At safepoint: 130250 ns, Total: 446084 ns
[2023-07-25T09:36:02.091+0000][7][safepoint   ] Safepoint "Cleanup", Time since last: 4013595834 ns, Reaching safepoint: 79084 ns, At safepoint: 3166 ns, Total: 82250 ns
[2023-07-25T09:36:08.105+0000][7][safepoint   ] Safepoint "Cleanup", Time since last: 6013584753 ns, Reaching safepoint: 94708 ns, At safepoint: 3542 ns, Total: 98250 ns
[2023-07-25T09:36:09.107+0000][7][safepoint   ] Safepoint "Cleanup", Time since last: 1001710167 ns, Reaching safepoint: 330959 ns, At safepoint: 13083 ns, Total: 344042 ns
[2023-07-25T09:36:50.228+0000][7][safepoint   ] Safepoint "Cleanup", Time since last: 41121273728 ns, Reaching safepoint: 132666 ns, At safepoint: 3959 ns, Total: 136625 ns
[2023-07-25T09:37:07.269+0000][7][safepoint   ] Safepoint "Cleanup", Time since last: 17041735840 ns, Reaching safepoint: 422208 ns, At safepoint: 5250 ns, Total: 427458 ns
[2023-07-25T09:37:44.334+0000][7][safepoint   ] Safepoint "Cleanup", Time since last: 37062085101 ns, Reaching safepoint: 96166 ns, At safepoint: 3709 ns, Total: 99875 ns
[2023-07-25T09:37:45.336+0000][7][safepoint   ] Safepoint "Cleanup", Time since last: 1001213042 ns, Reaching safepoint: 1019917 ns, At safepoint: 11666 ns, Total: 1031583 ns
[2023-07-25T09:38:03.363+0000][7][safepoint   ] Safepoint "Cleanup", Time since last: 18028616050 ns, Reaching safepoint: 109083 ns, At safepoint: 3209 ns, Total: 112292 ns
[2023-07-25T09:38:07.370+0000][7][safepoint   ] Safepoint "Cleanup", Time since last: 4006522918 ns, Reaching safepoint: 240542 ns, At safepoint: 6291 ns, Total: 246833 ns
[2023-07-25T09:38:08.595+0000][7][gc,start    ] GC(39) Pause Young (Normal) (G1 Evacuation Pause)
[2023-07-25T09:38:08.597+0000][7][gc,task     ] GC(39) Using 2 workers of 2 for evacuation
[2023-07-25T09:38:08.598+0000][7][gc,age      ] GC(39) Desired survivor size 81788928 bytes, new threshold 15 (max threshold 15)
[2023-07-25T09:38:08.602+0000][7][gc,phases   ] GC(39)   Pre Evacuate Collection Set: 0.3ms
[2023-07-25T09:38:08.603+0000][7][gc,phases   ] GC(39)   Merge Heap Roots: 0.1ms
[2023-07-25T09:38:08.603+0000][7][gc,phases   ] GC(39)   Evacuate Collection Set: 2.2ms
[2023-07-25T09:38:08.605+0000][7][gc,phases   ] GC(39)   Post Evacuate Collection Set: 0.9ms
[2023-07-25T09:38:08.606+0000][7][gc,phases   ] GC(39)   Other: 1.4ms
[2023-07-25T09:38:08.607+0000][7][gc,age      ] GC(39) Age table with threshold 15 (max threshold 15)
[2023-07-25T09:38:08.608+0000][7][gc,age      ] GC(39) - age   1:     800760 bytes,     800760 total
[2023-07-25T09:38:08.608+0000][7][gc,age      ] GC(39) - age   2:       9992 bytes,     810752 total
[2023-07-25T09:38:08.609+0000][7][gc,age      ] GC(39) - age   3:      46216 bytes,     856968 total
[2023-07-25T09:38:08.610+0000][7][gc,age      ] GC(39) - age   4:      84800 bytes,     941768 total
[2023-07-25T09:38:08.611+0000][7][gc,age      ] GC(39) - age   5:     233736 bytes,    1175504 total
[2023-07-25T09:38:08.612+0000][7][gc,age      ] GC(39) - age   6:      30576 bytes,    1206080 total
[2023-07-25T09:38:08.612+0000][7][gc,age      ] GC(39) - age   7:      13576 bytes,    1219656 total
[2023-07-25T09:38:08.613+0000][7][gc,age      ] GC(39) - age   8:      10256 bytes,    1229912 total
[2023-07-25T09:38:08.613+0000][7][gc,age      ] GC(39) - age   9:       9576 bytes,    1239488 total
[2023-07-25T09:38:08.614+0000][7][gc,age      ] GC(39) - age  10:       9864 bytes,    1249352 total
[2023-07-25T09:38:08.615+0000][7][gc,age      ] GC(39) - age  11:      14432 bytes,    1263784 total
[2023-07-25T09:38:08.615+0000][7][gc,age      ] GC(39) - age  12:      12848 bytes,    1276632 total
[2023-07-25T09:38:08.616+0000][7][gc,age      ] GC(39) - age  13:       9352 bytes,    1285984 total
[2023-07-25T09:38:08.617+0000][7][gc,age      ] GC(39) - age  14:      16752 bytes,    1302736 total
[2023-07-25T09:38:08.618+0000][7][gc,age      ] GC(39) - age  15:      12704 bytes,    1315440 total
[2023-07-25T09:38:08.619+0000][7][gc,heap     ] GC(39) Eden regions: 306->0(306)
[2023-07-25T09:38:08.619+0000][7][gc,heap     ] GC(39) Survivor regions: 1->1(39)
[2023-07-25T09:38:08.620+0000][7][gc,heap     ] GC(39) Old regions: 29->29
[2023-07-25T09:38:08.620+0000][7][gc,heap     ] GC(39) Archive regions: 2->2
[2023-07-25T09:38:08.621+0000][7][gc,heap     ] GC(39) Humongous regions: 2->2
[2023-07-25T09:38:08.621+0000][7][gc,metaspace] GC(39) Metaspace: 118415K(121408K)->118415K(121408K) NonClass: 103053K(104640K)->103053K(104640K) Class: 15361K(16768K)->15361K(16768K)
[2023-07-25T09:38:08.622+0000][7][gc          ] GC(39) Pause Young (Normal) (G1 Evacuation Pause) 1352M->126M(2048M) 26.664ms
[2023-07-25T09:38:08.623+0000][7][gc,cpu      ] GC(39) User=0.01s Sys=0.00s Real=0.02s
[2023-07-25T09:38:08.624+0000][7][safepoint   ] Safepoint "G1CollectForAllocation", Time since last: 1225588501 ns, Reaching safepoint: 87208 ns, At safepoint: 28389125 ns, Total: 28476333 ns
[2023-07-25T09:39:07.734+0000][7][safepoint   ] Safepoint "Cleanup", Time since last: 59111258195 ns, Reaching safepoint: 561250 ns, At safepoint: 11291 ns, Total: 572541 ns
[2023-07-25T09:40:07.828+0000][7][safepoint   ] Safepoint "Cleanup", Time since last: 60094377819 ns, Reaching safepoint: 134833 ns, At safepoint: 35000 ns, Total: 169833 ns
[2023-07-25T09:40:26.850+0000][7][safepoint   ] Safepoint "Cleanup", Time since last: 19021191301 ns, Reaching safepoint: 351208 ns, At safepoint: 6042 ns, Total: 357250 ns
[2023-07-25T09:41:08.940+0000][7][safepoint   ] Safepoint "Cleanup", Time since last: 42087588269 ns, Reaching safepoint: 190125 ns, At safepoint: 7375 ns, Total: 197500 ns
[2023-07-25T09:41:59.040+0000][7][safepoint   ] Safepoint "Cleanup", Time since last: 50105346064 ns, Reaching safepoint: 551125 ns, At safepoint: 12125 ns, Total: 563250 ns
[2023-07-25T09:43:08.173+0000][7][safepoint   ] Safepoint "Cleanup", Time since last: 69128763281 ns, Reaching safepoint: 123542 ns, At safepoint: 4417 ns, Total: 127959 ns
[2023-07-25T09:43:23.209+0000][7][safepoint   ] Safepoint "Cleanup", Time since last: 15034510632 ns, Reaching safepoint: 1094292 ns, At safepoint: 12750 ns, Total: 1107042 ns
[2023-07-25T09:44:10.943+0000][7][gc,start    ] GC(40) Pause Young (Normal) (G1 Evacuation Pause)
[2023-07-25T09:44:10.947+0000][7][gc,task     ] GC(40) Using 2 workers of 2 for evacuation
[2023-07-25T09:44:10.950+0000][7][gc,age      ] GC(40) Desired survivor size 81788928 bytes, new threshold 15 (max threshold 15)
[2023-07-25T09:44:10.961+0000][7][gc,phases   ] GC(40)   Pre Evacuate Collection Set: 0.3ms
[2023-07-25T09:44:10.962+0000][7][gc,phases   ] GC(40)   Merge Heap Roots: 0.2ms
[2023-07-25T09:44:10.964+0000][7][gc,phases   ] GC(40)   Evacuate Collection Set: 6.6ms
[2023-07-25T09:44:10.965+0000][7][gc,phases   ] GC(40)   Post Evacuate Collection Set: 2.1ms
[2023-07-25T09:44:10.968+0000][7][gc,phases   ] GC(40)   Other: 4.5ms
[2023-07-25T09:44:10.969+0000][7][gc,age      ] GC(40) Age table with threshold 15 (max threshold 15)
[2023-07-25T09:44:10.970+0000][7][gc,age      ] GC(40) - age   1:    1019944 bytes,    1019944 total
[2023-07-25T09:44:10.971+0000][7][gc,age      ] GC(40) - age   2:      86168 bytes,    1106112 total
[2023-07-25T09:44:10.973+0000][7][gc,age      ] GC(40) - age   3:       8904 bytes,    1115016 total
[2023-07-25T09:44:10.974+0000][7][gc,age      ] GC(40) - age   4:       9808 bytes,    1124824 total
[2023-07-25T09:44:10.974+0000][7][gc,age      ] GC(40) - age   5:      84376 bytes,    1209200 total
[2023-07-25T09:44:10.976+0000][7][gc,age      ] GC(40) - age   6:     233736 bytes,    1442936 total
[2023-07-25T09:44:10.977+0000][7][gc,age      ] GC(40) - age   7:      30576 bytes,    1473512 total
[2023-07-25T09:44:10.978+0000][7][gc,age      ] GC(40) - age   8:      12024 bytes,    1485536 total
[2023-07-25T09:44:10.978+0000][7][gc,age      ] GC(40) - age   9:      10256 bytes,    1495792 total
[2023-07-25T09:44:10.979+0000][7][gc,age      ] GC(40) - age  10:       9576 bytes,    1505368 total
[2023-07-25T09:44:10.980+0000][7][gc,age      ] GC(40) - age  11:       9864 bytes,    1515232 total
[2023-07-25T09:44:10.981+0000][7][gc,age      ] GC(40) - age  12:      14432 bytes,    1529664 total
[2023-07-25T09:44:10.982+0000][7][gc,age      ] GC(40) - age  13:      12848 bytes,    1542512 total
[2023-07-25T09:44:10.983+0000][7][gc,age      ] GC(40) - age  14:       9352 bytes,    1551864 total
[2023-07-25T09:44:10.984+0000][7][gc,age      ] GC(40) - age  15:      16752 bytes,    1568616 total
[2023-07-25T09:44:10.985+0000][7][gc,heap     ] GC(40) Eden regions: 306->0(306)
[2023-07-25T09:44:10.986+0000][7][gc,heap     ] GC(40) Survivor regions: 1->1(39)
[2023-07-25T09:44:10.986+0000][7][gc,heap     ] GC(40) Old regions: 29->29
[2023-07-25T09:44:10.987+0000][7][gc,heap     ] GC(40) Archive regions: 2->2
[2023-07-25T09:44:10.987+0000][7][gc,heap     ] GC(40) Humongous regions: 2->2
[2023-07-25T09:44:10.988+0000][7][gc,metaspace] GC(40) Metaspace: 118424K(121408K)->118424K(121408K) NonClass: 103062K(104640K)->103062K(104640K) Class: 15362K(16768K)->15362K(16768K)
[2023-07-25T09:44:10.989+0000][7][gc          ] GC(40) Pause Young (Normal) (G1 Evacuation Pause) 1350M->126M(2048M) 46.429ms
[2023-07-25T09:44:10.990+0000][7][gc,cpu      ] GC(40) User=0.03s Sys=0.00s Real=0.05s
[2023-07-25T09:44:10.991+0000][7][safepoint   ] Safepoint "G1CollectForAllocation", Time since last: 47733214771 ns, Reaching safepoint: 111917 ns, At safepoint: 48437750 ns, Total: 48549667 ns
[2023-07-25T09:44:17.014+0000][7][safepoint   ] Safepoint "Cleanup", Time since last: 6022972336 ns, Reaching safepoint: 200250 ns, At safepoint: 8125 ns, Total: 208375 ns
[2023-07-25T09:45:08.118+0000][7][safepoint   ] Safepoint "Cleanup", Time since last: 51104811356 ns, Reaching safepoint: 228709 ns, At safepoint: 3791 ns, Total: 232500 ns
[2023-07-25T09:46:01.224+0000][7][safepoint   ] Safepoint "Cleanup", Time since last: 53098372982 ns, Reaching safepoint: 4852625 ns, At safepoint: 29292 ns, Total: 4881917 ns
[2023-07-25T09:46:17.268+0000][7][safepoint   ] Safepoint "Cleanup", Time since last: 16042722591 ns, Reaching safepoint: 508167 ns, At safepoint: 11541 ns, Total: 519708 ns
[2023-07-25T09:46:35.304+0000][7][safepoint   ] Safepoint "Cleanup", Time since last: 18036431133 ns, Reaching safepoint: 536417 ns, At safepoint: 17666 ns, Total: 554083 ns
[2023-07-25T09:46:50.352+0000][7][safepoint   ] Safepoint "Cleanup", Time since last: 15048309716 ns, Reaching safepoint: 214791 ns, At safepoint: 3500 ns, Total: 218291 ns
[2023-07-25T09:47:08.388+0000][7][safepoint   ] Safepoint "Cleanup", Time since last: 18036644508 ns, Reaching safepoint: 218458 ns, At safepoint: 4959 ns, Total: 223417 ns
