[2023-07-25T07:14:50.502+0000][171][gc,init] CardTable entry size: 512
[2023-07-25T07:14:50.504+0000][171][gc     ] Using G1
[2023-07-25T07:14:50.512+0000][171][gc,init] Version: 18.0.2+9-61 (release)
[2023-07-25T07:14:50.513+0000][171][gc,init] CPUs: 5 total, 2 available
[2023-07-25T07:14:50.514+0000][171][gc,init] Memory: 4096M
[2023-07-25T07:14:50.515+0000][171][gc,init] Large Page Support: Disabled
[2023-07-25T07:14:50.516+0000][171][gc,init] NUMA Support: Disabled
[2023-07-25T07:14:50.517+0000][171][gc,init] Compressed Oops: Enabled (32-bit)
[2023-07-25T07:14:50.518+0000][171][gc,init] Heap Region Size: 1M
[2023-07-25T07:14:50.519+0000][171][gc,init] Heap Min Capacity: 2G
[2023-07-25T07:14:50.520+0000][171][gc,init] Heap Initial Capacity: 2G
[2023-07-25T07:14:50.520+0000][171][gc,init] Heap Max Capacity: 2G
[2023-07-25T07:14:50.521+0000][171][gc,init] Pre-touch: Disabled
[2023-07-25T07:14:50.521+0000][171][gc,init] Parallel Workers: 2
[2023-07-25T07:14:50.522+0000][171][gc,init] Concurrent Workers: 1
[2023-07-25T07:14:50.522+0000][171][gc,init] Concurrent Refinement Workers: 2
[2023-07-25T07:14:50.523+0000][171][gc,init] Periodic GC: Disabled
[2023-07-25T07:14:50.524+0000][171][gc,metaspace] CDS archive(s) not mapped
[2023-07-25T07:14:50.524+0000][171][gc,metaspace] Compressed class space mapped at: 0x0000000100000000-0x0000000140000000, reserved size: 1073741824
[2023-07-25T07:14:50.525+0000][171][gc,metaspace] Narrow klass base: 0x0000000000000000, Narrow klass shift: 3, Narrow klass range: 0x140000000
[2023-07-25T07:14:50.566+0000][171][gc,heap,exit] Heap
[2023-07-25T07:14:50.567+0000][171][gc,heap,exit]  garbage-first heap   total 2097152K, used 2048K [0x0000000080000000, 0x0000000100000000)
[2023-07-25T07:14:50.569+0000][171][gc,heap,exit]   region size 1024K, 2 young (2048K), 0 survivors (0K)
[2023-07-25T07:14:50.570+0000][171][gc,heap,exit]  Metaspace       used 3527K, committed 3584K, reserved 1114112K
[2023-07-25T07:14:50.571+0000][171][gc,heap,exit]   class space    used 271K, committed 320K, reserved 1048576K
